Microchip Technology Inc, v1.70 (B)

Tool Name:
  c:\program files\microchip\xc16\v1.70\bin\bin\..\bin/elf-ld.exe

Command:
  -p24FJ128GA705 \
  --mdfp=C:/Program Files/Microchip/MPLABX/v6.00/packs/Microchip/PIC24F-GA-GB_DFP/1.5.181/xc16 \
  -o \
  dist/default/production/AzureIotPnpDps.X.production.elf \
  -Lc:/program files/microchip/xc16/v1.70/bin/bin/.. \
  -LC:/Program Files/Microchip/MPLABX/v6.00/packs/Microchip/PIC24F-GA-GB_DFP/1.5.181/xc16/bin/../support/PIC24F/gld \
  -Lc:/program files/microchip/xc16/v1.70/bin/bin/../../lib \
  -Lc:/program files/microchip/xc16/v1.70/bin/bin/../../support/PIC24E/gld \
  -Lc:/program files/microchip/xc16/v1.70/bin/bin/../../support/PIC24F/gld \
  -Lc:/program files/microchip/xc16/v1.70/bin/bin/../../support/PIC24H/gld \
  -Lc:/program files/microchip/xc16/v1.70/bin/bin/../../support/dsPIC30F/gld \
  -Lc:/program files/microchip/xc16/v1.70/bin/bin/../../support/dsPIC33C/gld \
  -Lc:/program files/microchip/xc16/v1.70/bin/bin/../../support/dsPIC33E/gld \
  -Lc:/program files/microchip/xc16/v1.70/bin/bin/../../support/dsPIC33F/gld \
  build/default/production/azure-sdk-for-c/sdk/src/azure/core/az_json_reader.o \
  build/default/production/azure-sdk-for-c/sdk/src/azure/core/az_json_token.o \
  build/default/production/azure-sdk-for-c/sdk/src/azure/core/az_json_writer.o \
  build/default/production/azure-sdk-for-c/sdk/src/azure/core/az_log.o \
  build/default/production/azure-sdk-for-c/sdk/src/azure/core/az_precondition.o \
  build/default/production/azure-sdk-for-c/sdk/src/azure/core/az_span.o \
  build/default/production/azure-sdk-for-c/sdk/src/azure/iot/az_iot_common.o \
  build/default/production/azure-sdk-for-c/sdk/src/azure/iot/az_iot_hub_client.o \
  build/default/production/azure-sdk-for-c/sdk/src/azure/iot/az_iot_hub_client_c2d.o \
  build/default/production/azure-sdk-for-c/sdk/src/azure/iot/az_iot_hub_client_methods.o \
  build/default/production/azure-sdk-for-c/sdk/src/azure/iot/az_iot_hub_client_sas.o \
  build/default/production/azure-sdk-for-c/sdk/src/azure/iot/az_iot_hub_client_telemetry.o \
  build/default/production/azure-sdk-for-c/sdk/src/azure/iot/az_iot_hub_client_twin.o \
  build/default/production/azure-sdk-for-c/sdk/src/azure/iot/az_iot_provisioning_client.o \
  build/default/production/azure-sdk-for-c/sdk/src/azure/iot/az_iot_provisioning_client_sas.o \
  build/default/production/azure-sdk-for-c/sdk/src/azure/iot/az_iot_pnp_client.o \
  build/default/production/azure-sdk-for-c/sdk/src/azure/iot/az_iot_pnp_client_commands.o \
  build/default/production/azure-sdk-for-c/sdk/src/azure/iot/az_iot_pnp_client_property.o \
  build/default/production/azure-sdk-for-c/sdk/src/azure/iot/az_iot_pnp_client_sas.o \
  build/default/production/azure-sdk-for-c/sdk/src/azure/iot/az_iot_pnp_client_telemetry.o \
  build/default/production/platform/cli/cli.o \
  build/default/production/platform/cloud/bsd_adapter/bsdWINC.o \
  build/default/production/platform/cloud/crypto_client/crypto_client.o \
  build/default/production/platform/cloud/crypto_client/cryptoauthlib_main.o \
  build/default/production/platform/cloud/crypto_client/hmac-sha256.o \
  build/default/production/mqtt_packetPopulation/mqtt_iothub_packetPopulate.o \
  build/default/production/mqtt_packetPopulation/mqtt_iotprovisioning_packetPopulate.o \
  build/default/production/mqtt_packetPopulation/mqtt_packetPopulate.o \
  build/default/production/platform/cloud/cloud_service.o \
  build/default/production/platform/cloud/wifi_service.o \
  build/default/production/platform/credentials_storage/credentials_storage.o \
  build/default/production/platform/cryptoauthlib/lib/atcacert/atcacert_client.o \
  build/default/production/platform/cryptoauthlib/lib/atcacert/atcacert_date.o \
  build/default/production/platform/cryptoauthlib/lib/atcacert/atcacert_def.o \
  build/default/production/platform/cryptoauthlib/lib/atcacert/atcacert_der.o \
  build/default/production/platform/cryptoauthlib/lib/atcacert/atcacert_host_hw.o \
  build/default/production/platform/cryptoauthlib/lib/atcacert/atcacert_host_sw.o \
  build/default/production/platform/cryptoauthlib/lib/atcacert/atcacert_pem.o \
  build/default/production/platform/cryptoauthlib/lib/basic/atca_basic.o \
  build/default/production/platform/cryptoauthlib/lib/basic/atca_basic_aes.o \
  build/default/production/platform/cryptoauthlib/lib/basic/atca_basic_checkmac.o \
  build/default/production/platform/cryptoauthlib/lib/basic/atca_basic_counter.o \
  build/default/production/platform/cryptoauthlib/lib/basic/atca_basic_derivekey.o \
  build/default/production/platform/cryptoauthlib/lib/basic/atca_basic_ecdh.o \
  build/default/production/platform/cryptoauthlib/lib/basic/atca_basic_gendig.o \
  build/default/production/platform/cryptoauthlib/lib/basic/atca_basic_genkey.o \
  build/default/production/platform/cryptoauthlib/lib/basic/atca_basic_hmac.o \
  build/default/production/platform/cryptoauthlib/lib/basic/atca_basic_info.o \
[...]
Memory Configuration

Name             Origin             Length             Attributes
data             0x000800           0x004000           a !xr
reset            0x000000           0x000004  
ivt              0x000004           0x0000fc  
program          0x000100           0x015e00           xr
FSEC             0x015f00           0x000002  
FBSLIM           0x015f10           0x000002  
FSIGN            0x015f14           0x000002  
FOSCSEL          0x015f18           0x000002  
FOSC             0x015f1c           0x000002  
FWDT             0x015f20           0x000002  
FPOR             0x015f24           0x000002  
FICD             0x015f28           0x000002  
FDEVOPT1         0x015f2c           0x000002  
*default*        0x000000           0xffffffff  

Linker script and memory map

LOAD build/default/production/azure-sdk-for-c/sdk/src/azure/core/az_json_reader.o
LOAD build/default/production/azure-sdk-for-c/sdk/src/azure/core/az_json_token.o
LOAD build/default/production/azure-sdk-for-c/sdk/src/azure/core/az_json_writer.o
LOAD build/default/production/azure-sdk-for-c/sdk/src/azure/core/az_log.o
LOAD build/default/production/azure-sdk-for-c/sdk/src/azure/core/az_precondition.o
LOAD build/default/production/azure-sdk-for-c/sdk/src/azure/core/az_span.o
LOAD build/default/production/azure-sdk-for-c/sdk/src/azure/iot/az_iot_common.o
LOAD build/default/production/azure-sdk-for-c/sdk/src/azure/iot/az_iot_hub_client.o
LOAD build/default/production/azure-sdk-for-c/sdk/src/azure/iot/az_iot_hub_client_c2d.o
LOAD build/default/production/azure-sdk-for-c/sdk/src/azure/iot/az_iot_hub_client_methods.o
LOAD build/default/production/azure-sdk-for-c/sdk/src/azure/iot/az_iot_hub_client_sas.o
LOAD build/default/production/azure-sdk-for-c/sdk/src/azure/iot/az_iot_hub_client_telemetry.o
LOAD build/default/production/azure-sdk-for-c/sdk/src/azure/iot/az_iot_hub_client_twin.o
LOAD build/default/production/azure-sdk-for-c/sdk/src/azure/iot/az_iot_provisioning_client.o
LOAD build/default/production/azure-sdk-for-c/sdk/src/azure/iot/az_iot_provisioning_client_sas.o
LOAD build/default/production/azure-sdk-for-c/sdk/src/azure/iot/az_iot_pnp_client.o
LOAD build/default/production/azure-sdk-for-c/sdk/src/azure/iot/az_iot_pnp_client_commands.o
LOAD build/default/production/azure-sdk-for-c/sdk/src/azure/iot/az_iot_pnp_client_property.o
LOAD build/default/production/azure-sdk-for-c/sdk/src/azure/iot/az_iot_pnp_client_sas.o
LOAD build/default/production/azure-sdk-for-c/sdk/src/azure/iot/az_iot_pnp_client_telemetry.o
LOAD build/default/production/platform/cli/cli.o
LOAD build/default/production/platform/cloud/bsd_adapter/bsdWINC.o
LOAD build/default/production/platform/cloud/crypto_client/crypto_client.o
LOAD build/default/production/platform/cloud/crypto_client/cryptoauthlib_main.o
LOAD build/default/production/platform/cloud/crypto_client/hmac-sha256.o
LOAD build/default/production/mqtt_packetPopulation/mqtt_iothub_packetPopulate.o
LOAD build/default/production/mqtt_packetPopulation/mqtt_iotprovisioning_packetPopulate.o
LOAD build/default/production/mqtt_packetPopulation/mqtt_packetPopulate.o
LOAD build/default/production/platform/cloud/cloud_service.o
LOAD build/default/production/platform/cloud/wifi_service.o
LOAD build/default/production/platform/credentials_storage/credentials_storage.o
LOAD build/default/production/platform/cryptoauthlib/lib/atcacert/atcacert_client.o
LOAD build/default/production/platform/cryptoauthlib/lib/atcacert/atcacert_date.o
LOAD build/default/production/platform/cryptoauthlib/lib/atcacert/atcacert_def.o
LOAD build/default/production/platform/cryptoauthlib/lib/atcacert/atcacert_der.o
LOAD build/default/production/platform/cryptoauthlib/lib/atcacert/atcacert_host_hw.o
LOAD build/default/production/platform/cryptoauthlib/lib/atcacert/atcacert_host_sw.o
LOAD build/default/production/platform/cryptoauthlib/lib/atcacert/atcacert_pem.o
LOAD build/default/production/platform/cryptoauthlib/lib/basic/atca_basic.o
LOAD build/default/production/platform/cryptoauthlib/lib/basic/atca_basic_aes.o
LOAD build/default/production/platform/cryptoauthlib/lib/basic/atca_basic_checkmac.o
LOAD build/default/production/platform/cryptoauthlib/lib/basic/atca_basic_counter.o
LOAD build/default/production/platform/cryptoauthlib/lib/basic/atca_basic_derivekey.o
LOAD build/default/production/platform/cryptoauthlib/lib/basic/atca_basic_ecdh.o
LOAD build/default/production/platform/cryptoauthlib/lib/basic/atca_basic_gendig.o
LOAD build/default/production/platform/cryptoauthlib/lib/basic/atca_basic_genkey.o
LOAD build/default/production/platform/cryptoauthlib/lib/basic/atca_basic_hmac.o
LOAD build/default/production/platform/cryptoauthlib/lib/basic/atca_basic_info.o
LOAD build/default/production/platform/cryptoauthlib/lib/basic/atca_basic_kdf.o
LOAD build/default/production/platform/cryptoauthlib/lib/basic/atca_basic_lock.o
LOAD build/default/production/platform/cryptoauthlib/lib/basic/atca_basic_mac.o
LOAD build/default/production/platform/cryptoauthlib/lib/basic/atca_basic_nonce.o
LOAD build/default/production/platform/cryptoauthlib/lib/basic/atca_basic_privwrite.o
LOAD build/default/production/platform/cryptoauthlib/lib/basic/atca_basic_random.o
LOAD build/default/production/platform/cryptoauthlib/lib/basic/atca_basic_read.o
LOAD build/default/production/platform/cryptoauthlib/lib/basic/atca_basic_secureboot.o
LOAD build/default/production/platform/cryptoauthlib/lib/basic/atca_basic_selftest.o
LOAD build/default/production/platform/cryptoauthlib/lib/basic/atca_basic_sha.o
LOAD build/default/production/platform/cryptoauthlib/lib/basic/atca_basic_sign.o
LOAD build/default/production/platform/cryptoauthlib/lib/basic/atca_basic_updateextra.o
LOAD build/default/production/platform/cryptoauthlib/lib/basic/atca_basic_verify.o
LOAD build/default/production/platform/cryptoauthlib/lib/basic/atca_basic_write.o
LOAD build/default/production/platform/cryptoauthlib/lib/basic/atca_helpers.o
LOAD build/default/production/platform/cryptoauthlib/lib/crypto/hashes/sha1_routines.o
LOAD build/default/production/platform/cryptoauthlib/lib/crypto/hashes/sha2_routines.o
LOAD build/default/production/platform/cryptoauthlib/lib/crypto/atca_crypto_sw_ecdsa.o
LOAD build/default/production/platform/cryptoauthlib/lib/crypto/atca_crypto_sw_rand.o
LOAD build/default/production/platform/cryptoauthlib/lib/crypto/atca_crypto_sw_sha1.o
LOAD build/default/production/platform/cryptoauthlib/lib/crypto/atca_crypto_sw_sha2.o
LOAD build/default/production/platform/cryptoauthlib/lib/hal/atca_hal.o
LOAD build/default/production/platform/cryptoauthlib/lib/hal/hal_i2c.o
LOAD build/default/production/platform/cryptoauthlib/lib/hal/hal_timer.o
LOAD build/default/production/platform/cryptoauthlib/lib/host/atca_host.o
LOAD build/default/production/platform/cryptoauthlib/lib/tls/atcatls.o
LOAD build/default/production/platform/cryptoauthlib/lib/tls/atcatls_cfg.o
LOAD build/default/production/platform/cryptoauthlib/lib/atca_cfgs.o
LOAD build/default/production/platform/cryptoauthlib/lib/atca_command.o
LOAD build/default/production/platform/cryptoauthlib/lib/atca_device.o
LOAD build/default/production/platform/cryptoauthlib/lib/atca_execution.o
LOAD build/default/production/platform/cryptoauthlib/lib/atca_iface.o
LOAD build/default/production/platform/drivers/i2c_master.o
LOAD build/default/production/platform/drivers/i2c_simple_master.o
LOAD build/default/production/platform/drivers/i2c_types.o
LOAD build/default/production/platform/drivers/spi_master.o
LOAD build/default/production/platform/drivers/timeout.o
LOAD build/default/production/platform/drivers/uart.o
LOAD build/default/production/platform/mqtt/mqtt_comm_bsd/mqtt_comm_layer.o
LOAD build/default/production/platform/mqtt/mqtt_core/mqtt_core.o
LOAD build/default/production/platform/mqtt/mqtt_exchange_buffer/mqtt_exchange_buffer.o
LOAD build/default/production/platform/mqtt/mqtt_packetTransfer_interface.o
LOAD build/default/production/platform/winc/bsp/source/nm_bsp_mega.o
LOAD build/default/production/platform/winc/bus_wrapper/source/nm_bus_wrapper_mega.o
LOAD build/default/production/platform/winc/common/source/nm_common.o
LOAD build/default/production/platform/winc/driver/source/m2m_ate_mode.o
LOAD build/default/production/platform/winc/driver/source/m2m_crypto.o
LOAD build/default/production/platform/winc/driver/source/m2m_hif.o
LOAD build/default/production/platform/winc/driver/source/m2m_ota.o
LOAD build/default/production/platform/winc/driver/source/m2m_periph.o
LOAD build/default/production/platform/winc/driver/source/m2m_ssl.o
LOAD build/default/production/platform/winc/driver/source/m2m_wifi.o
LOAD build/default/production/platform/winc/driver/source/nmasic.o
LOAD build/default/production/platform/winc/driver/source/nmbus.o
LOAD build/default/production/platform/winc/driver/source/nmdrv.o
LOAD build/default/production/platform/winc/driver/source/nmi2c.o
LOAD build/default/production/platform/winc/driver/source/nmspi.o
LOAD build/default/production/platform/winc/driver/source/nmuart.o
LOAD build/default/production/platform/winc/socket/source/socket.o
LOAD build/default/production/platform/winc/spi_flash/source/spi_flash.o
LOAD build/default/production/platform/adc1.o
LOAD build/default/production/platform/application_manager.o
LOAD build/default/production/platform/clock.o
LOAD build/default/production/platform/debug_print.o
LOAD build/default/production/platform/delay.o
LOAD build/default/production/platform/i2c2_driver.o
LOAD build/default/production/platform/interrupt_manager.o
LOAD build/default/production/platform/led.o
LOAD build/default/production/platform/mcc.o
LOAD build/default/production/platform/pin_manager.o
LOAD build/default/production/platform/sensors_handling.o
LOAD build/default/production/platform/spi1_driver.o
LOAD build/default/production/platform/system.o
LOAD build/default/production/platform/tmr1.o
LOAD build/default/production/platform/tmr2.o
LOAD build/default/production/platform/traps.o
LOAD build/default/production/platform/uart1.o
LOAD build/default/production/main.o
                    0x0001                  __MPLAB_BUILD = 0x1
LOAD pPIC24Fxxx
LOAD c:/program files/microchip/xc16/v1.70/bin/bin/../../lib\libfx-elf.a
                    0x15f00                  __FSEC = 0x15f00
                    0x15f10                  __FBSLIM = 0x15f10
                    0x15f14                  __FSIGN = 0x15f14
                    0x15f18                  __FOSCSEL = 0x15f18
                    0x15f1c                  __FOSC = 0x15f1c
                    0x15f20                  __FWDT = 0x15f20
                    0x15f24                  __FPOR = 0x15f24
                    0x15f28                  __FICD = 0x15f28
                    0x15f2c                  __FDEVOPT1 = 0x15f2c
                    0x0100                  __CODE_BASE = 0x100
                    0x15e00                  __CODE_LENGTH = 0x15e00
                    0x0004                  __IVT_BASE = 0x4
                    0x0800                  __DATA_BASE = 0x800
                    0x4000                  __DATA_LENGTH = 0x4000

.reset            0x000000          0x4
                  0x000000          0x2 SHORT 0x100 ABSOLUTE (__reset)
                  0x000001          0x2 SHORT 0x4
                  0x000002          0x2 SHORT 0x0 ((ABSOLUTE (__reset) >> 0x10) & 0x7f)
                  0x000003          0x2 SHORT 0x0

.text             0x000100       0x29a6
 *(.init)
 .init            0x000100         0x4c c:/program files/microchip/xc16/v1.70/bin/bin/../../lib\libpic30-elf.a(crt0_extended24.o)
                  0x000100                  __resetPRI
                  0x000100                  __reset
                  0x00013c                  __psv_init
 .init            0x00014c         0xb8 c:/program files/microchip/xc16/v1.70/bin/bin/../../lib\libpic30-elf.a(data_init_24.o)
                  0x000152                  __data_init
                  0x000152                  __data_init_da
 *(.user_init)
 *(.handle)
 .handle          0x000204        0x1d4 jump_table
 *(.isr*)
 .isr.text._MI2C2Interrupt
                  0x0003d8         0x1a build/default/production/platform/i2c2_driver.o
                  0x0003d8                  __MI2C2Interrupt
 .isr.text._SI2C2Interrupt
                  0x0003f2         0x1a build/default/production/platform/i2c2_driver.o
                  0x0003f2                  __SI2C2Interrupt
 .isr.text._IOCInterrupt
                  0x00040c         0x46 build/default/production/platform/pin_manager.o
                  0x00040c                  __IOCInterrupt
 .isr.text._T1Interrupt
                  0x000452         0x2a build/default/production/platform/tmr1.o
                  0x000452                  __T1Interrupt
 .isr.text._OscillatorFail
                  0x00047c          0xa build/default/production/platform/traps.o
                  0x00047c                  __OscillatorFail
 .isr.text._StackError
                  0x000486          0xe build/default/production/platform/traps.o
                  0x000486                  __StackError
 .isr.text._AddressError
                  0x000494          0xa build/default/production/platform/traps.o
                  0x000494                  __AddressError
 .isr.text._MathError
                  0x00049e          0xa build/default/production/platform/traps.o
                  0x00049e                  __MathError
 .isr.text._NVMError
                  0x0004a8          0xa build/default/production/platform/traps.o
                  0x0004a8                  __NVMError
 .isr.text._U1TXInterrupt
                  0x0004b2         0x1a build/default/production/platform/uart1.o
                  0x0004b2                  __U1TXInterrupt
 .isr.text._U1RXInterrupt
                  0x0004cc         0x1a build/default/production/platform/uart1.o
                  0x0004cc                  __U1RXInterrupt
 .isr.text._U1ErrInterrupt
                  0x0004e6          0xa build/default/production/platform/uart1.o
                  0x0004e6                  __U1ErrInterrupt
 .isr             0x0004f0          0x4 default_isr
                  0x0004f0                  __DefaultInterrupt
 *(.libc)
 .libc            0x0004f4         0x16 c:/program files/microchip/xc16/v1.70/bin/bin/../../lib\libpic30-elf.a(timeda.eo)
                  0x0004f4                  _time
 .libc            0x00050a         0x1c c:/program files/microchip/xc16/v1.70/bin/bin/../../lib\libc-elf.a(isalnum.daeso)
                  0x00050a                  _isalnum
 .libc            0x000526         0x1c c:/program files/microchip/xc16/v1.70/bin/bin/../../lib\libc-elf.a(isxdigit.daeso)
                  0x000526                  _isxdigit
 *(.libm)
 *(.libdsp)
 *(.lib*)
 .libc.write      0x000542         0x2a build/default/production/platform/uart1.o
                  0x000542                  _write
 .libpic30_crt_start_mode
                  0x00056c          0x2 c:/program files/microchip/xc16/v1.70/bin/bin/../../lib\libpic30-elf.a(crt_start_mode_normalda.eo)
                  0x00056c                  __crt_start_mode
                  0x00056c                  __crt_start_mode_normal
 .libm.divsi3     0x00056e         0x1e c:/program files/microchip/xc16/v1.70/bin/bin/../../lib\libm-elf.a(divsi3.daeo)
                  0x00056e                  ___divsi3
 .libm.eqsf2      0x00058c          0x4 c:/program files/microchip/xc16/v1.70/bin/bin/../../lib\libm-elf.a(feqltle.daeo)
                  0x00058c                  ___eqsf2
                  0x00058c                  ___ltsf2
                  0x00058c                  ___lesf2
 .libm.gtsf2      0x000590          0x4 c:/program files/microchip/xc16/v1.70/bin/bin/../../lib\libm-elf.a(fgtge.daeo)
                  0x000590                  ___gesf2
                  0x000590                  ___gtsf2
 .libm.fixsfsi    0x000594         0x42 c:/program files/microchip/xc16/v1.70/bin/bin/../../lib\libm-elf.a(fixsfsi.daeo)
                  0x000594                  _(float, int, long long, short, float, short, int)
 .libm.floatunsisf
                  0x0005d6          0x4 c:/program files/microchip/xc16/v1.70/bin/bin/../../lib\libm-elf.a(floatunsisf.daeo)
                  0x0005d6                  ___floatunsisf
 .libm.funpack    0x0005da         0x2a c:/program files/microchip/xc16/v1.70/bin/bin/../../lib\libm-elf.a(funpack.daeo)
                  0x0005da                  __funpack
 .libm.mulsf3     0x000604         0x68 c:/program files/microchip/xc16/v1.70/bin/bin/../../lib\libm-elf.a(mulsf3.daeo)
                  0x000604                  ___mulsf3
 .libm.udivsi3    0x00066c         0x20 c:/program files/microchip/xc16/v1.70/bin/bin/../../lib\libm-elf.a(udivsi3.daeo)
                  0x00066c                  ___udivsi3
 .libm.umodsi3    0x00068c          0x6 c:/program files/microchip/xc16/v1.70/bin/bin/../../lib\libm-elf.a(umodsi3.daeo)
                  0x00068c                  ___umodsi3
 .libm.subsf3     0x000692         0xbc c:/program files/microchip/xc16/v1.70/bin/bin/../../lib\libm-elf.a(addsf3.daeo)
                  0x000692                  ___subsf3
                  0x000694                  ___addsf3
 .libm.fcompare
                  0x00074e         0x36 c:/program files/microchip/xc16/v1.70/bin/bin/../../lib\libm-elf.a(fcompare.daeo)
                  0x00074e                  __fcompare
 .libm.floatundisf
                  0x000784         0x5e c:/program files/microchip/xc16/v1.70/bin/bin/../../lib\libm-elf.a(floatundisf.daeo)
                  0x000784                  ___floatundisf
 .libm.fpack      0x0007e2         0x4c c:/program files/microchip/xc16/v1.70/bin/bin/../../lib\libm-elf.a(fpack.daeo)
                  0x0007e2                  __fpack
 .libm.funpack2
                  0x00082e         0x10 c:/program files/microchip/xc16/v1.70/bin/bin/../../lib\libm-elf.a(funpack2.daeo)
                  0x00082e                  __funpack2
 .libm.fPropagateNaN
                  0x00083e         0x12 c:/program files/microchip/xc16/v1.70/bin/bin/../../lib\libm-elf.a(futil.daeo)
                  0x00083e                  __fPropagateNaN
 .libm.fbobExit
                  0x000850          0x8 c:/program files/microchip/xc16/v1.70/bin/bin/../../lib\libm-elf.a(futil.daeo)
                  0x000850                  __fbopExit
 .libm.fbopReturnNaN
                  0x000858          0x6 c:/program files/microchip/xc16/v1.70/bin/bin/../../lib\libm-elf.a(futil.daeo)
                  0x000858                  __fbopReturnNaN
 .libc._sprintf_cdnopsuxX
                  0x00085e         0x2c c:/program files/microchip/xc16/v1.70/bin/bin/../../lib\libc-elf.a(sprintf_cdnopsuxX.DAeo)
                  0x00085e                  __sprintf_0
                  0x00085e                  __sprintf_s
                  0x00085e                  __sprintf_cdnopuxX
                  0x00085e                  __sprintf_cdnopsuxX
 .libc.sputc      0x00088a         0x12 c:/program files/microchip/xc16/v1.70/bin/bin/../../lib\libc-elf.a(doprnt_cdnopsuxX.DAeo)
 .libc._vfprintf_cdnopsuxX
                  0x00089c        0x548 c:/program files/microchip/xc16/v1.70/bin/bin/../../lib\libc-elf.a(doprnt_cdnopsuxX.DAeo)
                  0x00089c                  __vfprintf_cdnopuxX
                  0x00089c                  __vfprintf_cdnopsuxX
                  0x00089c                  __vfprintf_0
                  0x00089c                  __vfprintf_s
 .libc._printf_cdnopsuxX
                  0x000de4          0xe c:/program files/microchip/xc16/v1.70/bin/bin/../../lib\libc-elf.a(printf_cdnopsuxX.DAeo)
                  0x000de4                  __printf_0
                  0x000de4                  __printf_s
                  0x000de4                  __printf_cdnopuxX
                  0x000de4                  __printf_cdnopsuxX
 .libc.atoi       0x000df2         0x3e c:/program files/microchip/xc16/v1.70/bin/bin/../../lib\libc-elf.a(atoi.daeo)
                  0x000df2                  _atoi
 .libc.put2d      0x000e30         0x22 c:/program files/microchip/xc16/v1.70/bin/bin/../../lib\libc-elf.a(ctime.daeo)
 .libc.dylen      0x000e52         0x2a c:/program files/microchip/xc16/v1.70/bin/bin/../../lib\libc-elf.a(ctime.daeo)
 .libc.gmtime     0x000e7c         0x82 c:/program files/microchip/xc16/v1.70/bin/bin/../../lib\libc-elf.a(ctime.daeo)
                  0x000e7c                  _gmtime
 .libc.localtime
                  0x000efe         0x18 c:/program files/microchip/xc16/v1.70/bin/bin/../../lib\libc-elf.a(ctime.daeo)
                  0x000efe                  _localtime
 .libc.asctime    0x000f16         0x8c c:/program files/microchip/xc16/v1.70/bin/bin/../../lib\libc-elf.a(ctime.daeo)
                  0x000f16                  _asctime
 .libc.ctime      0x000fa2          0x4 c:/program files/microchip/xc16/v1.70/bin/bin/../../lib\libc-elf.a(ctime.daeo)
                  0x000fa2                  _ctime
 .libc.fputc      0x000fa6         0x86 c:/program files/microchip/xc16/v1.70/bin/bin/../../lib\libc-elf.a(fputc.daeo)
                  0x000fa6                  _fputc
 .libc.memcmp     0x00102c         0x32 c:/program files/microchip/xc16/v1.70/bin/bin/../../lib\libc-elf.a(memcmp.daeo)
                  0x00102c                  _memcmp
 .libc.memcpy     0x00105e          0xe c:/program files/microchip/xc16/v1.70/bin/bin/../../lib\libc-elf.a(memcpy.daeo)
                  0x00105e                  _memcpy
 .libc.memmove    0x00106c         0x24 c:/program files/microchip/xc16/v1.70/bin/bin/../../lib\libc-elf.a(memmove.daeo)
                  0x00106c                  _memmove
 .libc.isleap     0x001090         0x2a c:/program files/microchip/xc16/v1.70/bin/bin/../../lib\libc-elf.a(mktime.daeo)
 .libc.months_to_days
                  0x0010ba         0x10 c:/program files/microchip/xc16/v1.70/bin/bin/../../lib\libc-elf.a(mktime.daeo)
 .libc.years_to_days
                  0x0010ca         0x2c c:/program files/microchip/xc16/v1.70/bin/bin/../../lib\libc-elf.a(mktime.daeo)
 .libc.ymd_to_scalar
                  0x0010f6         0x36 c:/program files/microchip/xc16/v1.70/bin/bin/../../lib\libc-elf.a(mktime.daeo)
 .libc.mktime     0x00112c         0x84 c:/program files/microchip/xc16/v1.70/bin/bin/../../lib\libc-elf.a(mktime.daeo)
                  0x00112c                  _mktime
 .libc.printf     0x0011b0          0xe c:/program files/microchip/xc16/v1.70/bin/bin/../../lib\libc-elf.a(printf.daeo)
                  0x0011b0                  _printf
 .libc.fputs      0x0011be         0x1c c:/program files/microchip/xc16/v1.70/bin/bin/../../lib\libc-elf.a(puts.daeo)
                  0x0011be                  _fputs
 .libc.puts       0x0011da         0x14 c:/program files/microchip/xc16/v1.70/bin/bin/../../lib\libc-elf.a(puts.daeo)
                  0x0011da                  _puts
 .libc.strcat     0x0011ee         0x14 c:/program files/microchip/xc16/v1.70/bin/bin/../../lib\libc-elf.a(strcat.daeo)
                  0x0011ee                  _strcat
 .libc.strchr     0x001202         0x14 c:/program files/microchip/xc16/v1.70/bin/bin/../../lib\libc-elf.a(strchr.daeo)
                  0x001202                  _strchr
 .libc.strcmp     0x001216          0xe c:/program files/microchip/xc16/v1.70/bin/bin/../../lib\libc-elf.a(strcmp.daeo)
                  0x001216                  _strcmp
 .libc.strcpy     0x001224          0xc c:/program files/microchip/xc16/v1.70/bin/bin/../../lib\libc-elf.a(strcpy.daeo)
                  0x001224                  _strcpy
 .libc.strfmt     0x001230         0x72 c:/program files/microchip/xc16/v1.70/bin/bin/../../lib\libc-elf.a(strftime.daeo)
 .libc.strftime
                  0x0012a2        0x23a c:/program files/microchip/xc16/v1.70/bin/bin/../../lib\libc-elf.a(strftime.daeo)
                  0x0012a2                  _strftime
 .libc.strlen     0x0014dc          0xc c:/program files/microchip/xc16/v1.70/bin/bin/../../lib\libc-elf.a(strlen.daeo)
                  0x0014dc                  _strlen
 .libc.strncpy    0x0014e8         0x22 c:/program files/microchip/xc16/v1.70/bin/bin/../../lib\libc-elf.a(strncpy.daeo)
                  0x0014e8                  _strncpy
 .libc.strtok     0x00150a         0x3a c:/program files/microchip/xc16/v1.70/bin/bin/../../lib\libc-elf.a(strtok.daeo)
                  0x00150a                  _strtok
 .libc.vprintf    0x001544          0x8 c:/program files/microchip/xc16/v1.70/bin/bin/../../lib\libc-elf.a(vprintf.daeo)
                  0x001544                  _vprintf
 .libc.fround     0x00154c         0x84 c:/program files/microchip/xc16/v1.70/bin/bin/../../lib\libc-elf.a(doprnt.daeo)
 .libc.scale      0x0015d0         0xaa c:/program files/microchip/xc16/v1.70/bin/bin/../../lib\libc-elf.a(doprnt.daeo)
 .libc.sputc      0x00167a         0x12 c:/program files/microchip/xc16/v1.70/bin/bin/../../lib\libc-elf.a(doprnt.daeo)
 .libc.vfprintf
                  0x00168c       0x1174 c:/program files/microchip/xc16/v1.70/bin/bin/../../lib\libc-elf.a(doprnt.daeo)
                  0x00168c                  _vfprintf
 .libc._flsbuf    0x002800         0x7e c:/program files/microchip/xc16/v1.70/bin/bin/../../lib\libc-elf.a(flsbuf.daeo)
                  0x002800                  __flsbuf
 .libc.strcspn    0x00287e         0x26 c:/program files/microchip/xc16/v1.70/bin/bin/../../lib\libc-elf.a(strcspn.daeo)
                  0x00287e                  _strcspn
 .libc.strspn     0x0028a4         0x26 c:/program files/microchip/xc16/v1.70/bin/bin/../../lib\libc-elf.a(strspn.daeo)
                  0x0028a4                  _strspn
 .libm.divfs3     0x0028ca         0x84 c:/program files/microchip/xc16/v1.70/bin/bin/../../lib\libm-elf.a(divsf3.daeo)
                  0x0028ca                  ___divsf3
 .libm.fixunssfsi
                  0x00294e         0x36 c:/program files/microchip/xc16/v1.70/bin/bin/../../lib\libm-elf.a(fixunssfsi.daeo)
                  0x00294e                  ___fixunssfsi
 .libm.nesf2      0x002984          0x4 c:/program files/microchip/xc16/v1.70/bin/bin/../../lib\libm-elf.a(fne.daeo)
                  0x002984                  ___nesf2
 .libm.frexpf     0x002988          0x6 c:/program files/microchip/xc16/v1.70/bin/bin/../../lib\libm-elf.a(frexpf.daeo)
                  0x002988                  _frexpf
 .libm.truncdfsf2
                  0x00298e         0x56 c:/program files/microchip/xc16/v1.70/bin/bin/../../lib\libm-elf.a(truncdfsf.daeo)
                  0x00298e                  ___truncdfsf2
 .libm.mulsi3     0x0029e4          0xc c:/program files/microchip/xc16/v1.70/bin/bin/../../lib\libm-elf.a(mulsi3.daeo)
                  0x0029e4                  ___mulp32peds3
                  0x0029e4                  ___mulsi3
                  0x0029e4                  ___mulp32eds3
 .libm.frexpf     0x0029f0         0x1a c:/program files/microchip/xc16/v1.70/bin/bin/../../lib\libm-elf.a(_frexpf.daeo)
                  0x0029f0                  __frexpf
 .libm.dunpack    0x002a0a         0x4e c:/program files/microchip/xc16/v1.70/bin/bin/../../lib\libm-elf.a(dunpack.daeo)
                  0x002a0a                  __dunpack
 .libm.dunpack2
                  0x002a58         0x32 c:/program files/microchip/xc16/v1.70/bin/bin/../../lib\libm-elf.a(dunpack2.daeo)
                  0x002a58                  __dunpack2
                  0x002a7a                  __dreturnNaN
                  0x002a80                  __dunpack2exit
 .libm.dPropagateNaN
                  0x002a8a         0x1c c:/program files/microchip/xc16/v1.70/bin/bin/../../lib\libm-elf.a(dpropagateNaN.daeo)
                  0x002a8a                  __dPropagateNaN

usercode
 *(usercode)

__FSEC            0x015f00          0x2
 *(__FSEC.sec*)
 __FSEC.sec       0x015f00          0x2 /CW/_FSEC
                  0x015f00                  __FSEC.sec

__FBSLIM
 *(__FBSLIM.sec*)

__FSIGN
 *(__FSIGN.sec*)

__FOSCSEL
 *(__FOSCSEL.sec*)

__FOSC
 *(__FOSC.sec*)

__FWDT
 *(__FWDT.sec*)

__FPOR
 *(__FPOR.sec*)

__FICD
 *(__FICD.sec*)

__FDEVOPT1
 *(__FDEVOPT1.sec*)

.comment
 *(.comment)

.debug_info       0x000000      0x68b88
 *(.debug_info)
 .debug_info      0x000000       0x1de0 build/default/production/azure-sdk-for-c/sdk/src/azure/core/az_json_reader.o
 .debug_info      0x001de0       0x1899 build/default/production/azure-sdk-for-c/sdk/src/azure/core/az_json_token.o
 .debug_info      0x003679       0x2a43 build/default/production/azure-sdk-for-c/sdk/src/azure/core/az_json_writer.o
 .debug_info      0x0060bc        0x512 build/default/production/azure-sdk-for-c/sdk/src/azure/core/az_log.o
 .debug_info      0x0065ce        0x33d build/default/production/azure-sdk-for-c/sdk/src/azure/core/az_precondition.o
 .debug_info      0x00690b       0x2ade build/default/production/azure-sdk-for-c/sdk/src/azure/core/az_span.o
 .debug_info      0x0093e9       0x12a3 build/default/production/azure-sdk-for-c/sdk/src/azure/iot/az_iot_common.o
 .debug_info      0x00a68c        0xcf1 build/default/production/azure-sdk-for-c/sdk/src/azure/iot/az_iot_hub_client.o
 .debug_info      0x00b37d        0xb59 build/default/production/azure-sdk-for-c/sdk/src/azure/iot/az_iot_hub_client_c2d.o
 .debug_info      0x00bed6        0xd24 build/default/production/azure-sdk-for-c/sdk/src/azure/iot/az_iot_hub_client_methods.o
 .debug_info      0x00cbfa        0xf03 build/default/production/azure-sdk-for-c/sdk/src/azure/iot/az_iot_hub_client_sas.o
 .debug_info      0x00dafd        0x903 build/default/production/azure-sdk-for-c/sdk/src/azure/iot/az_iot_hub_client_telemetry.o
 .debug_info      0x00e400       0x144b build/default/production/azure-sdk-for-c/sdk/src/azure/iot/az_iot_hub_client_twin.o
 .debug_info      0x00f84b       0x272a build/default/production/azure-sdk-for-c/sdk/src/azure/iot/az_iot_provisioning_client.o
 .debug_info      0x011f75        0xe5c build/default/production/azure-sdk-for-c/sdk/src/azure/iot/az_iot_provisioning_client_sas.o
 .debug_info      0x012dd1        0xc02 build/default/production/azure-sdk-for-c/sdk/src/azure/iot/az_iot_pnp_client.o
 .debug_info      0x0139d3        0xd98 build/default/production/azure-sdk-for-c/sdk/src/azure/iot/az_iot_pnp_client_commands.o
 .debug_info      0x01476b       0x2226 build/default/production/azure-sdk-for-c/sdk/src/azure/iot/az_iot_pnp_client_property.o
 .debug_info      0x016991        0x57c build/default/production/azure-sdk-for-c/sdk/src/azure/iot/az_iot_pnp_client_sas.o
 .debug_info      0x016f0d        0xa52 build/default/production/azure-sdk-for-c/sdk/src/azure/iot/az_iot_pnp_client_telemetry.o
 .debug_info      0x01795f        0xc05 build/default/production/platform/cli/cli.o
 .debug_info      0x018564       0x1a77 build/default/production/platform/cloud/bsd_adapter/bsdWINC.o
 .debug_info      0x019fdb       0x14fc build/default/production/platform/cloud/crypto_client/crypto_client.o
 .debug_info      0x01b4d7        0xbe9 build/default/production/platform/cloud/crypto_client/cryptoauthlib_main.o
 .debug_info      0x01c0c0        0x31f build/default/production/platform/cloud/crypto_client/hmac-sha256.o
 .debug_info      0x01c3df       0x12ac build/default/production/mqtt_packetPopulation/mqtt_iothub_packetPopulate.o
 .debug_info      0x01d68b       0x18c3 build/default/production/mqtt_packetPopulation/mqtt_iotprovisioning_packetPopulate.o
 .debug_info      0x01ef4e        0x2e3 build/default/production/mqtt_packetPopulation/mqtt_packetPopulate.o
 .debug_info      0x01f231       0x1487 build/default/production/platform/cloud/cloud_service.o
 .debug_info      0x0206b8       0x194c build/default/production/platform/cloud/wifi_service.o
 .debug_info      0x022004        0x21a build/default/production/platform/credentials_storage/credentials_storage.o
 .debug_info      0x02221e       0x10b9 build/default/production/platform/cryptoauthlib/lib/atcacert/atcacert_client.o
 .debug_info      0x0232d7        0xd62 build/default/production/platform/cryptoauthlib/lib/atcacert/atcacert_date.o
 .debug_info      0x024039       0x2035 build/default/production/platform/cryptoauthlib/lib/atcacert/atcacert_def.o
 .debug_info      0x02606e        0x6ef build/default/production/platform/cryptoauthlib/lib/atcacert/atcacert_der.o
 .debug_info      0x02675d        0xc84 build/default/production/platform/cryptoauthlib/lib/atcacert/atcacert_host_hw.o
 .debug_info      0x0273e1        0x94f build/default/production/platform/cryptoauthlib/lib/atcacert/atcacert_host_sw.o
 .debug_info      0x027d30        0x81a build/default/production/platform/cryptoauthlib/lib/atcacert/atcacert_pem.o
 .debug_info      0x02854a        0xf04 build/default/production/platform/cryptoauthlib/lib/basic/atca_basic.o
 .debug_info      0x02944e       0x1241 build/default/production/platform/cryptoauthlib/lib/basic/atca_basic_aes.o
 .debug_info      0x02a68f        0xc82 build/default/production/platform/cryptoauthlib/lib/basic/atca_basic_checkmac.o
 .debug_info      0x02b311        0xcdb build/default/production/platform/cryptoauthlib/lib/basic/atca_basic_counter.o
 .debug_info      0x02bfec        0xc5c build/default/production/platform/cryptoauthlib/lib/basic/atca_basic_derivekey.o
 .debug_info      0x02cc48        0xf5b build/default/production/platform/cryptoauthlib/lib/basic/atca_basic_ecdh.o
 .debug_info      0x02dba3        0xc92 build/default/production/platform/cryptoauthlib/lib/basic/atca_basic_gendig.o
 .debug_info      0x02e835        0xcea build/default/production/platform/cryptoauthlib/lib/basic/atca_basic_genkey.o
 .debug_info      0x02f51f        0xc46 build/default/production/platform/cryptoauthlib/lib/basic/atca_basic_hmac.o
 .debug_info      0x030165        0xd37 build/default/production/platform/cryptoauthlib/lib/basic/atca_basic_info.o
 .debug_info      0x030e9c        0xca7 build/default/production/platform/cryptoauthlib/lib/basic/atca_basic_kdf.o
 .debug_info      0x031b43        0xd3e build/default/production/platform/cryptoauthlib/lib/basic/atca_basic_lock.o
 .debug_info      0x032881        0xc62 build/default/production/platform/cryptoauthlib/lib/basic/atca_basic_mac.o
 .debug_info      0x0334e3        0xdd4 build/default/production/platform/cryptoauthlib/lib/basic/atca_basic_nonce.o
 .debug_info      0x0342b7       0x106e build/default/production/platform/cryptoauthlib/lib/basic/atca_basic_privwrite.o
 .debug_info      0x035325        0xc2e build/default/production/platform/cryptoauthlib/lib/basic/atca_basic_random.o
 .debug_info      0x035f53       0x14a8 build/default/production/platform/cryptoauthlib/lib/basic/atca_basic_read.o
 .debug_info      0x0373fb       0x10bf build/default/production/platform/cryptoauthlib/lib/basic/atca_basic_secureboot.o
 .debug_info      0x0384ba        0xc60 build/default/production/platform/cryptoauthlib/lib/basic/atca_basic_selftest.o
 .debug_info      0x03911a       0x12bc build/default/production/platform/cryptoauthlib/lib/basic/atca_basic_sha.o
 .debug_info      0x03a3d6        0xd64 build/default/production/platform/cryptoauthlib/lib/basic/atca_basic_sign.o
 .debug_info      0x03b13a        0xc47 build/default/production/platform/cryptoauthlib/lib/basic/atca_basic_updateextra.o
 .debug_info      0x03bd81       0x125c build/default/production/platform/cryptoauthlib/lib/basic/atca_basic_verify.o
 .debug_info      0x03cfdd       0x145b build/default/production/platform/cryptoauthlib/lib/basic/atca_basic_write.o
 .debug_info      0x03e438        0xe14 build/default/production/platform/cryptoauthlib/lib/basic/atca_helpers.o
 .debug_info      0x03f24c        0x464 build/default/production/platform/cryptoauthlib/lib/crypto/hashes/sha1_routines.o
 .debug_info      0x03f6b0        0x554 build/default/production/platform/cryptoauthlib/lib/crypto/hashes/sha2_routines.o
 .debug_info      0x03fc04        0x4e3 build/default/production/platform/cryptoauthlib/lib/crypto/atca_crypto_sw_ecdsa.o
 .debug_info      0x0400e7        0x4cd build/default/production/platform/cryptoauthlib/lib/crypto/atca_crypto_sw_rand.o
 .debug_info      0x0405b4        0x6ba build/default/production/platform/cryptoauthlib/lib/crypto/atca_crypto_sw_sha1.o
 .debug_info      0x040c6e        0x6c2 build/default/production/platform/cryptoauthlib/lib/crypto/atca_crypto_sw_sha2.o
 .debug_info      0x041330        0xc0b build/default/production/platform/cryptoauthlib/lib/hal/atca_hal.o
 .debug_info      0x041f3b        0xe89 build/default/production/platform/cryptoauthlib/lib/hal/hal_i2c.o
 .debug_info      0x042dc4        0x1b3 build/default/production/platform/cryptoauthlib/lib/hal/hal_timer.o
 .debug_info      0x042f77       0x1868 build/default/production/platform/cryptoauthlib/lib/host/atca_host.o
 .debug_info      0x0447df       0x1b5f build/default/production/platform/cryptoauthlib/lib/tls/atcatls.o
 .debug_info      0x04633e       0x1389 build/default/production/platform/cryptoauthlib/lib/tls/atcatls_cfg.o
 .debug_info      0x0476c7        0xa27 build/default/production/platform/cryptoauthlib/lib/atca_cfgs.o
 .debug_info      0x0480ee        0xe8b build/default/production/platform/cryptoauthlib/lib/atca_command.o
 .debug_info      0x048f79        0xbe6 build/default/production/platform/cryptoauthlib/lib/atca_device.o
 .debug_info      0x049b5f        0xe6e build/default/production/platform/cryptoauthlib/lib/atca_execution.o
 .debug_info      0x04a9cd        0xd6d build/default/production/platform/cryptoauthlib/lib/atca_iface.o
 .debug_info      0x04b73a        0xc44 build/default/production/platform/drivers/i2c_master.o
 .debug_info      0x04c37e        0x60b build/default/production/platform/drivers/i2c_simple_master.o
 .debug_info      0x04c989        0x295 build/default/production/platform/drivers/i2c_types.o
 .debug_info      0x04cc1e        0x3bd build/default/production/platform/drivers/spi_master.o
 .debug_info      0x04cfdb        0xb9d build/default/production/platform/drivers/timeout.o
 .debug_info      0x04db78        0x2ae build/default/production/platform/drivers/uart.o
 .debug_info      0x04de26        0x50b build/default/production/platform/mqtt/mqtt_comm_bsd/mqtt_comm_layer.o
 .debug_info      0x04e331       0x217d build/default/production/platform/mqtt/mqtt_core/mqtt_core.o
 .debug_info      0x0504ae        0x38e build/default/production/platform/mqtt/mqtt_exchange_buffer/mqtt_exchange_buffer.o
 .debug_info      0x05083c        0x2bd build/default/production/platform/mqtt/mqtt_packetTransfer_interface.o
 .debug_info      0x050af9        0x6b1 build/default/production/platform/winc/bsp/source/nm_bsp_mega.o
 .debug_info      0x0511aa        0x9ed build/default/production/platform/winc/bus_wrapper/source/nm_bus_wrapper_mega.o
 .debug_info      0x051b97        0x3b9 build/default/production/platform/winc/common/source/nm_common.o
 .debug_info      0x051f50        0x132 build/default/production/platform/winc/driver/source/m2m_crypto.o
 .debug_info      0x052082        0x950 build/default/production/platform/winc/driver/source/m2m_hif.o
 .debug_info      0x0529d2        0xb49 build/default/production/platform/winc/driver/source/m2m_ota.o
 .debug_info      0x05351b        0x132 build/default/production/platform/winc/driver/source/m2m_periph.o
 .debug_info      0x05364d        0x97c build/default/production/platform/winc/driver/source/m2m_ssl.o
 .debug_info      0x053fc9       0x390f build/default/production/platform/winc/driver/source/m2m_wifi.o
 .debug_info      0x0578d8        0x902 build/default/production/platform/winc/driver/source/nmasic.o
 .debug_info      0x0581da        0x533 build/default/production/platform/winc/driver/source/nmbus.o
 .debug_info      0x05870d        0x652 build/default/production/platform/winc/driver/source/nmdrv.o
 .debug_info      0x058d5f        0x115 build/default/production/platform/winc/driver/source/nmi2c.o
 .debug_info      0x058e74        0xb72 build/default/production/platform/winc/driver/source/nmspi.o
 .debug_info      0x0599e6        0x116 build/default/production/platform/winc/driver/source/nmuart.o
 .debug_info      0x059afc       0x1ece build/default/production/platform/winc/socket/source/socket.o
 .debug_info      0x05b9ca        0x929 build/default/production/platform/winc/spi_flash/source/spi_flash.o
 .debug_info      0x05c2f3        0xa18 build/default/production/platform/adc1.o
 .debug_info      0x05cd0b        0xd53 build/default/production/platform/application_manager.o
 .debug_info      0x05da5e        0x502 build/default/production/platform/clock.o
 .debug_info      0x05df60        0x3d4 build/default/production/platform/debug_print.o
 .debug_info      0x05e334        0x1bd build/default/production/platform/delay.o
 .debug_info      0x05e4f1        0xf09 build/default/production/platform/i2c2_driver.o
 .debug_info      0x05f3fa        0xdb0 build/default/production/platform/interrupt_manager.o
 .debug_info      0x0601aa        0xa0c build/default/production/platform/led.o
 .debug_info      0x060bb6        0x178 build/default/production/platform/mcc.o
 .debug_info      0x060d2e        0xf14 build/default/production/platform/pin_manager.o
 .debug_info      0x061c42        0x293 build/default/production/platform/sensors_handling.o
 .debug_info      0x061ed5        0xa55 build/default/production/platform/spi1_driver.o
 .debug_info      0x06292a        0x177 build/default/production/platform/system.o
 .debug_info      0x062aa1        0x99f build/default/production/platform/tmr1.o
 .debug_info      0x063440        0x828 build/default/production/platform/tmr2.o
 .debug_info      0x063c68        0x415 build/default/production/platform/traps.o
 .debug_info      0x06407d       0x1199 build/default/production/platform/uart1.o
 .debug_info      0x065216       0x3972 build/default/production/main.o
 *(.gnu.linkonce.wi.*)

.debug_abbrev     0x000000       0xab10
 *(.debug_abbrev)
 .debug_abbrev    0x000000        0x2a8 build/default/production/azure-sdk-for-c/sdk/src/azure/core/az_json_reader.o
 .debug_abbrev    0x0002a8        0x1f6 build/default/production/azure-sdk-for-c/sdk/src/azure/core/az_json_token.o
 .debug_abbrev    0x00049e        0x2cb build/default/production/azure-sdk-for-c/sdk/src/azure/core/az_json_writer.o
 .debug_abbrev    0x000769        0x111 build/default/production/azure-sdk-for-c/sdk/src/azure/core/az_log.o
 .debug_abbrev    0x00087a         0xc5 build/default/production/azure-sdk-for-c/sdk/src/azure/core/az_precondition.o
 .debug_abbrev    0x00093f        0x265 build/default/production/azure-sdk-for-c/sdk/src/azure/core/az_span.o
 .debug_abbrev    0x000ba4        0x15c build/default/production/azure-sdk-for-c/sdk/src/azure/iot/az_iot_common.o
 .debug_abbrev    0x000d00        0x18b build/default/production/azure-sdk-for-c/sdk/src/azure/iot/az_iot_hub_client.o
 .debug_abbrev    0x000e8b        0x15a build/default/production/azure-sdk-for-c/sdk/src/azure/iot/az_iot_hub_client_c2d.o
 .debug_abbrev    0x000fe5        0x192 build/default/production/azure-sdk-for-c/sdk/src/azure/iot/az_iot_hub_client_methods.o
 .debug_abbrev    0x001177        0x167 build/default/production/azure-sdk-for-c/sdk/src/azure/iot/az_iot_hub_client_sas.o
 .debug_abbrev    0x0012de        0x111 build/default/production/azure-sdk-for-c/sdk/src/azure/iot/az_iot_hub_client_telemetry.o
 .debug_abbrev    0x0013ef        0x1c8 build/default/production/azure-sdk-for-c/sdk/src/azure/iot/az_iot_hub_client_twin.o
 .debug_abbrev    0x0015b7        0x2ab build/default/production/azure-sdk-for-c/sdk/src/azure/iot/az_iot_provisioning_client.o
 .debug_abbrev    0x001862        0x167 build/default/production/azure-sdk-for-c/sdk/src/azure/iot/az_iot_provisioning_client_sas.o
 .debug_abbrev    0x0019c9        0x155 build/default/production/azure-sdk-for-c/sdk/src/azure/iot/az_iot_pnp_client.o
 .debug_abbrev    0x001b1e        0x185 build/default/production/azure-sdk-for-c/sdk/src/azure/iot/az_iot_pnp_client_commands.o
 .debug_abbrev    0x001ca3        0x22f build/default/production/azure-sdk-for-c/sdk/src/azure/iot/az_iot_pnp_client_property.o
 .debug_abbrev    0x001ed2         0x9e build/default/production/azure-sdk-for-c/sdk/src/azure/iot/az_iot_pnp_client_sas.o
 .debug_abbrev    0x001f70        0x111 build/default/production/azure-sdk-for-c/sdk/src/azure/iot/az_iot_pnp_client_telemetry.o
 .debug_abbrev    0x002081        0x220 build/default/production/platform/cli/cli.o
 .debug_abbrev    0x0022a1        0x262 build/default/production/platform/cloud/bsd_adapter/bsdWINC.o
 .debug_abbrev    0x002503        0x1fe build/default/production/platform/cloud/crypto_client/crypto_client.o
 .debug_abbrev    0x002701        0x10a build/default/production/platform/cloud/crypto_client/cryptoauthlib_main.o
 .debug_abbrev    0x00280b         0xc9 build/default/production/platform/cloud/crypto_client/hmac-sha256.o
 .debug_abbrev    0x0028d4        0x23c build/default/production/mqtt_packetPopulation/mqtt_iothub_packetPopulate.o
 .debug_abbrev    0x002b10        0x2d3 build/default/production/mqtt_packetPopulation/mqtt_iotprovisioning_packetPopulate.o
 .debug_abbrev    0x002de3         0x9d build/default/production/mqtt_packetPopulation/mqtt_packetPopulate.o
 .debug_abbrev    0x002e80        0x2fb build/default/production/platform/cloud/cloud_service.o
 .debug_abbrev    0x00317b        0x264 build/default/production/platform/cloud/wifi_service.o
 .debug_abbrev    0x0033df         0x8a build/default/production/platform/credentials_storage/credentials_storage.o
 .debug_abbrev    0x003469        0x138 build/default/production/platform/cryptoauthlib/lib/atcacert/atcacert_client.o
 .debug_abbrev    0x0035a1        0x1b2 build/default/production/platform/cryptoauthlib/lib/atcacert/atcacert_date.o
 .debug_abbrev    0x003753        0x1d8 build/default/production/platform/cryptoauthlib/lib/atcacert/atcacert_def.o
 .debug_abbrev    0x00392b        0x122 build/default/production/platform/cryptoauthlib/lib/atcacert/atcacert_der.o
 .debug_abbrev    0x003a4d         0xfd build/default/production/platform/cryptoauthlib/lib/atcacert/atcacert_host_hw.o
 .debug_abbrev    0x003b4a         0xe1 build/default/production/platform/cryptoauthlib/lib/atcacert/atcacert_host_sw.o
 .debug_abbrev    0x003c2b         0xbc build/default/production/platform/cryptoauthlib/lib/atcacert/atcacert_pem.o
 .debug_abbrev    0x003ce7        0x1b4 build/default/production/platform/cryptoauthlib/lib/basic/atca_basic.o
 .debug_abbrev    0x003e9b        0x1c4 build/default/production/platform/cryptoauthlib/lib/basic/atca_basic_aes.o
 .debug_abbrev    0x00405f        0x113 build/default/production/platform/cryptoauthlib/lib/basic/atca_basic_checkmac.o
 .debug_abbrev    0x004172        0x11b build/default/production/platform/cryptoauthlib/lib/basic/atca_basic_counter.o
 .debug_abbrev    0x00428d        0x113 build/default/production/platform/cryptoauthlib/lib/basic/atca_basic_derivekey.o
 .debug_abbrev    0x0043a0        0x14d build/default/production/platform/cryptoauthlib/lib/basic/atca_basic_ecdh.o
 .debug_abbrev    0x0044ed        0x113 build/default/production/platform/cryptoauthlib/lib/basic/atca_basic_gendig.o
 .debug_abbrev    0x004600        0x122 build/default/production/platform/cryptoauthlib/lib/basic/atca_basic_genkey.o
 .debug_abbrev    0x004722        0x10c build/default/production/platform/cryptoauthlib/lib/basic/atca_basic_hmac.o
 .debug_abbrev    0x00482e        0x146 build/default/production/platform/cryptoauthlib/lib/basic/atca_basic_info.o
 .debug_abbrev    0x004974        0x113 build/default/production/platform/cryptoauthlib/lib/basic/atca_basic_kdf.o
 .debug_abbrev    0x004a87        0x132 build/default/production/platform/cryptoauthlib/lib/basic/atca_basic_lock.o
 .debug_abbrev    0x004bb9        0x113 build/default/production/platform/cryptoauthlib/lib/basic/atca_basic_mac.o
 .debug_abbrev    0x004ccc        0x122 build/default/production/platform/cryptoauthlib/lib/basic/atca_basic_nonce.o
 .debug_abbrev    0x004dee        0x1a4 build/default/production/platform/cryptoauthlib/lib/basic/atca_basic_privwrite.o
 .debug_abbrev    0x004f92        0x10c build/default/production/platform/cryptoauthlib/lib/basic/atca_basic_random.o
 .debug_abbrev    0x00509e        0x220 build/default/production/platform/cryptoauthlib/lib/basic/atca_basic_read.o
 .debug_abbrev    0x0052be        0x155 build/default/production/platform/cryptoauthlib/lib/basic/atca_basic_secureboot.o
 .debug_abbrev    0x005413        0x10c build/default/production/platform/cryptoauthlib/lib/basic/atca_basic_selftest.o
 .debug_abbrev    0x00551f        0x1d1 build/default/production/platform/cryptoauthlib/lib/basic/atca_basic_sha.o
 .debug_abbrev    0x0056f0        0x131 build/default/production/platform/cryptoauthlib/lib/basic/atca_basic_sign.o
 .debug_abbrev    0x005821        0x10c build/default/production/platform/cryptoauthlib/lib/basic/atca_basic_updateextra.o
 .debug_abbrev    0x00592d        0x1b8 build/default/production/platform/cryptoauthlib/lib/basic/atca_basic_verify.o
 .debug_abbrev    0x005ae5        0x213 build/default/production/platform/cryptoauthlib/lib/basic/atca_basic_write.o
 .debug_abbrev    0x005cf8        0x18f build/default/production/platform/cryptoauthlib/lib/basic/atca_helpers.o
 .debug_abbrev    0x005e87         0xc1 build/default/production/platform/cryptoauthlib/lib/crypto/hashes/sha1_routines.o
 .debug_abbrev    0x005f48        0x117 build/default/production/platform/cryptoauthlib/lib/crypto/hashes/sha2_routines.o
 .debug_abbrev    0x00605f         0x7a build/default/production/platform/cryptoauthlib/lib/crypto/atca_crypto_sw_ecdsa.o
 .debug_abbrev    0x0060d9         0x73 build/default/production/platform/cryptoauthlib/lib/crypto/atca_crypto_sw_rand.o
 .debug_abbrev    0x00614c         0xdd build/default/production/platform/cryptoauthlib/lib/crypto/atca_crypto_sw_sha1.o
 .debug_abbrev    0x006229         0xdd build/default/production/platform/cryptoauthlib/lib/crypto/atca_crypto_sw_sha2.o
 .debug_abbrev    0x006306        0x120 build/default/production/platform/cryptoauthlib/lib/hal/atca_hal.o
 .debug_abbrev    0x006426        0x152 build/default/production/platform/cryptoauthlib/lib/hal/hal_i2c.o
 .debug_abbrev    0x006578         0x67 build/default/production/platform/cryptoauthlib/lib/hal/hal_timer.o
 .debug_abbrev    0x0065df        0x1db build/default/production/platform/cryptoauthlib/lib/host/atca_host.o
 .debug_abbrev    0x0067ba        0x1d9 build/default/production/platform/cryptoauthlib/lib/tls/atcatls.o
 .debug_abbrev    0x006993        0x1cf build/default/production/platform/cryptoauthlib/lib/tls/atcatls_cfg.o
 .debug_abbrev    0x006b62         0xd5 build/default/production/platform/cryptoauthlib/lib/atca_cfgs.o
 .debug_abbrev    0x006c37        0x156 build/default/production/platform/cryptoauthlib/lib/atca_command.o
 .debug_abbrev    0x006d8d        0x112 build/default/production/platform/cryptoauthlib/lib/atca_device.o
 .debug_abbrev    0x006e9f        0x164 build/default/production/platform/cryptoauthlib/lib/atca_execution.o
 .debug_abbrev    0x007003        0x18f build/default/production/platform/cryptoauthlib/lib/atca_iface.o
 .debug_abbrev    0x007192        0x21a build/default/production/platform/drivers/i2c_master.o
 .debug_abbrev    0x0073ac        0x113 build/default/production/platform/drivers/i2c_simple_master.o
 .debug_abbrev    0x0074bf         0x88 build/default/production/platform/drivers/i2c_types.o
 .debug_abbrev    0x007547        0x102 build/default/production/platform/drivers/spi_master.o
 .debug_abbrev    0x007649        0x23b build/default/production/platform/drivers/timeout.o
 .debug_abbrev    0x007884         0x9b build/default/production/platform/drivers/uart.o
 .debug_abbrev    0x00791f        0x10d build/default/production/platform/mqtt/mqtt_comm_bsd/mqtt_comm_layer.o
 .debug_abbrev    0x007a2c        0x2ab build/default/production/platform/mqtt/mqtt_core/mqtt_core.o
 .debug_abbrev    0x007cd7         0xc5 build/default/production/platform/mqtt/mqtt_exchange_buffer/mqtt_exchange_buffer.o
 .debug_abbrev    0x007d9c         0xbe build/default/production/platform/mqtt/mqtt_packetTransfer_interface.o
 .debug_abbrev    0x007e5a         0xf9 build/default/production/platform/winc/bsp/source/nm_bsp_mega.o
 .debug_abbrev    0x007f53        0x194 build/default/production/platform/winc/bus_wrapper/source/nm_bus_wrapper_mega.o
 .debug_abbrev    0x0080e7         0xb2 build/default/production/platform/winc/common/source/nm_common.o
 .debug_abbrev    0x008199          0x1 build/default/production/platform/winc/driver/source/m2m_ate_mode.o
 .debug_abbrev    0x00819a         0x1f build/default/production/platform/winc/driver/source/m2m_crypto.o
 .debug_abbrev    0x0081b9        0x20c build/default/production/platform/winc/driver/source/m2m_hif.o
 .debug_abbrev    0x0083c5        0x172 build/default/production/platform/winc/driver/source/m2m_ota.o
 .debug_abbrev    0x008537         0x1f build/default/production/platform/winc/driver/source/m2m_periph.o
 .debug_abbrev    0x008556        0x1eb build/default/production/platform/winc/driver/source/m2m_ssl.o
 .debug_abbrev    0x008741        0x1ff build/default/production/platform/winc/driver/source/m2m_wifi.o
 .debug_abbrev    0x008940        0x1bb build/default/production/platform/winc/driver/source/nmasic.o
 .debug_abbrev    0x008afb        0x137 build/default/production/platform/winc/driver/source/nmbus.o
 .debug_abbrev    0x008c32        0x146 build/default/production/platform/winc/driver/source/nmdrv.o
 .debug_abbrev    0x008d78         0x1f build/default/production/platform/winc/driver/source/nmi2c.o
 .debug_abbrev    0x008d97        0x189 build/default/production/platform/winc/driver/source/nmspi.o
 .debug_abbrev    0x008f20         0x1f build/default/production/platform/winc/driver/source/nmuart.o
 .debug_abbrev    0x008f3f        0x260 build/default/production/platform/winc/socket/source/socket.o
 .debug_abbrev    0x00919f        0x156 build/default/production/platform/winc/spi_flash/source/spi_flash.o
 .debug_abbrev    0x0092f5        0x1a7 build/default/production/platform/adc1.o
 .debug_abbrev    0x00949c        0x216 build/default/production/platform/application_manager.o
 .debug_abbrev    0x0096b2         0xc5 build/default/production/platform/clock.o
 .debug_abbrev    0x009777         0xd0 build/default/production/platform/debug_print.o
 .debug_abbrev    0x009847         0x67 build/default/production/platform/delay.o
 .debug_abbrev    0x0098ae        0x193 build/default/production/platform/i2c2_driver.o
 .debug_abbrev    0x009a41         0xb4 build/default/production/platform/interrupt_manager.o
 .debug_abbrev    0x009af5        0x230 build/default/production/platform/led.o
 .debug_abbrev    0x009d25         0x34 build/default/production/platform/mcc.o
 .debug_abbrev    0x009d59        0x16c build/default/production/platform/pin_manager.o
 .debug_abbrev    0x009ec5         0x7d build/default/production/platform/sensors_handling.o
 .debug_abbrev    0x009f42        0x1d0 build/default/production/platform/spi1_driver.o
 .debug_abbrev    0x00a112         0x34 build/default/production/platform/system.o
 .debug_abbrev    0x00a146        0x1a2 build/default/production/platform/tmr1.o
 .debug_abbrev    0x00a2e8        0x17b build/default/production/platform/tmr2.o
 .debug_abbrev    0x00a463        0x100 build/default/production/platform/traps.o
 .debug_abbrev    0x00a563        0x242 build/default/production/platform/uart1.o
 .debug_abbrev    0x00a7a5        0x36b build/default/production/main.o

.debug_line       0x000000      0x1224f
 *(.debug_line)
 .debug_line      0x000000        0x5d2 build/default/production/azure-sdk-for-c/sdk/src/azure/core/az_json_reader.o
 .debug_line      0x0005d2        0x4c5 build/default/production/azure-sdk-for-c/sdk/src/azure/core/az_json_token.o
 .debug_line      0x000a97        0x7d7 build/default/production/azure-sdk-for-c/sdk/src/azure/core/az_json_writer.o
 .debug_line      0x00126e        0x193 build/default/production/azure-sdk-for-c/sdk/src/azure/core/az_log.o
 .debug_line      0x001401        0x10f build/default/production/azure-sdk-for-c/sdk/src/azure/core/az_precondition.o
 .debug_line      0x001510        0x9c0 build/default/production/azure-sdk-for-c/sdk/src/azure/core/az_span.o
 .debug_line      0x001ed0        0x337 build/default/production/azure-sdk-for-c/sdk/src/azure/iot/az_iot_common.o
 .debug_line      0x002207        0x272 build/default/production/azure-sdk-for-c/sdk/src/azure/iot/az_iot_hub_client.o
 .debug_line      0x002479        0x1c8 build/default/production/azure-sdk-for-c/sdk/src/azure/iot/az_iot_hub_client_c2d.o
 .debug_line      0x002641        0x242 build/default/production/azure-sdk-for-c/sdk/src/azure/iot/az_iot_hub_client_methods.o
 .debug_line      0x002883        0x293 build/default/production/azure-sdk-for-c/sdk/src/azure/iot/az_iot_hub_client_sas.o
 .debug_line      0x002b16        0x188 build/default/production/azure-sdk-for-c/sdk/src/azure/iot/az_iot_hub_client_telemetry.o
 .debug_line      0x002c9e        0x2a8 build/default/production/azure-sdk-for-c/sdk/src/azure/iot/az_iot_hub_client_twin.o
 .debug_line      0x002f46        0x4da build/default/production/azure-sdk-for-c/sdk/src/azure/iot/az_iot_provisioning_client.o
 .debug_line      0x003420        0x281 build/default/production/azure-sdk-for-c/sdk/src/azure/iot/az_iot_provisioning_client_sas.o
 .debug_line      0x0036a1        0x209 build/default/production/azure-sdk-for-c/sdk/src/azure/iot/az_iot_pnp_client.o
 .debug_line      0x0038aa        0x20a build/default/production/azure-sdk-for-c/sdk/src/azure/iot/az_iot_pnp_client_commands.o
 .debug_line      0x003ab4        0x372 build/default/production/azure-sdk-for-c/sdk/src/azure/iot/az_iot_pnp_client_property.o
 .debug_line      0x003e26        0x15e build/default/production/azure-sdk-for-c/sdk/src/azure/iot/az_iot_pnp_client_sas.o
 .debug_line      0x003f84        0x1b9 build/default/production/azure-sdk-for-c/sdk/src/azure/iot/az_iot_pnp_client_telemetry.o
 .debug_line      0x00413d        0x345 build/default/production/platform/cli/cli.o
 .debug_line      0x004482        0x50b build/default/production/platform/cloud/bsd_adapter/bsdWINC.o
 .debug_line      0x00498d        0x3ef build/default/production/platform/cloud/crypto_client/crypto_client.o
 .debug_line      0x004d7c        0x1b5 build/default/production/platform/cloud/crypto_client/cryptoauthlib_main.o
 .debug_line      0x004f31        0x123 build/default/production/platform/cloud/crypto_client/hmac-sha256.o
 .debug_line      0x005054        0x2f7 build/default/production/mqtt_packetPopulation/mqtt_iothub_packetPopulate.o
 .debug_line      0x00534b        0x392 build/default/production/mqtt_packetPopulation/mqtt_iotprovisioning_packetPopulate.o
 .debug_line      0x0056dd         0xea build/default/production/mqtt_packetPopulation/mqtt_packetPopulate.o
 .debug_line      0x0057c7        0x551 build/default/production/platform/cloud/cloud_service.o
 .debug_line      0x005d18        0x389 build/default/production/platform/cloud/wifi_service.o
 .debug_line      0x0060a1         0x7b build/default/production/platform/credentials_storage/credentials_storage.o
 .debug_line      0x00611c        0x1e1 build/default/production/platform/cryptoauthlib/lib/atcacert/atcacert_client.o
 .debug_line      0x0062fd        0x45a build/default/production/platform/cryptoauthlib/lib/atcacert/atcacert_date.o
 .debug_line      0x006757        0x616 build/default/production/platform/cryptoauthlib/lib/atcacert/atcacert_def.o
 .debug_line      0x006d6d        0x240 build/default/production/platform/cryptoauthlib/lib/atcacert/atcacert_der.o
 .debug_line      0x006fad        0x15a build/default/production/platform/cryptoauthlib/lib/atcacert/atcacert_host_hw.o
 .debug_line      0x007107        0x10b build/default/production/platform/cryptoauthlib/lib/atcacert/atcacert_host_sw.o
 .debug_line      0x007212        0x189 build/default/production/platform/cryptoauthlib/lib/atcacert/atcacert_pem.o
 .debug_line      0x00739b        0x2b5 build/default/production/platform/cryptoauthlib/lib/basic/atca_basic.o
 .debug_line      0x007650        0x2a2 build/default/production/platform/cryptoauthlib/lib/basic/atca_basic_aes.o
 .debug_line      0x0078f2        0x173 build/default/production/platform/cryptoauthlib/lib/basic/atca_basic_checkmac.o
 .debug_line      0x007a65        0x191 build/default/production/platform/cryptoauthlib/lib/basic/atca_basic_counter.o
 .debug_line      0x007bf6        0x16d build/default/production/platform/cryptoauthlib/lib/basic/atca_basic_derivekey.o
 .debug_line      0x007d63        0x217 build/default/production/platform/cryptoauthlib/lib/basic/atca_basic_ecdh.o
 .debug_line      0x007f7a        0x17a build/default/production/platform/cryptoauthlib/lib/basic/atca_basic_gendig.o
 .debug_line      0x0080f4        0x18b build/default/production/platform/cryptoauthlib/lib/basic/atca_basic_genkey.o
 .debug_line      0x00827f        0x16a build/default/production/platform/cryptoauthlib/lib/basic/atca_basic_hmac.o
 .debug_line      0x0083e9        0x1a1 build/default/production/platform/cryptoauthlib/lib/basic/atca_basic_info.o
 .debug_line      0x00858a        0x179 build/default/production/platform/cryptoauthlib/lib/basic/atca_basic_kdf.o
 .debug_line      0x008703        0x1bb build/default/production/platform/cryptoauthlib/lib/basic/atca_basic_lock.o
 .debug_line      0x0088be        0x168 build/default/production/platform/cryptoauthlib/lib/basic/atca_basic_mac.o
 .debug_line      0x008a26        0x1d0 build/default/production/platform/cryptoauthlib/lib/basic/atca_basic_nonce.o
 .debug_line      0x008bf6        0x1d0 build/default/production/platform/cryptoauthlib/lib/basic/atca_basic_privwrite.o
 .debug_line      0x008dc6        0x16d build/default/production/platform/cryptoauthlib/lib/basic/atca_basic_random.o
 .debug_line      0x008f33        0x2fa build/default/production/platform/cryptoauthlib/lib/basic/atca_basic_read.o
 .debug_line      0x00922d        0x1e5 build/default/production/platform/cryptoauthlib/lib/basic/atca_basic_secureboot.o
 .debug_line      0x009412        0x172 build/default/production/platform/cryptoauthlib/lib/basic/atca_basic_selftest.o
 .debug_line      0x009584        0x2db build/default/production/platform/cryptoauthlib/lib/basic/atca_basic_sha.o
 .debug_line      0x00985f        0x19c build/default/production/platform/cryptoauthlib/lib/basic/atca_basic_sign.o
 .debug_line      0x0099fb        0x16d build/default/production/platform/cryptoauthlib/lib/basic/atca_basic_updateextra.o
 .debug_line      0x009b68        0x282 build/default/production/platform/cryptoauthlib/lib/basic/atca_basic_verify.o
 .debug_line      0x009dea        0x2b3 build/default/production/platform/cryptoauthlib/lib/basic/atca_basic_write.o
 .debug_line      0x00a09d        0x3f5 build/default/production/platform/cryptoauthlib/lib/basic/atca_helpers.o
 .debug_line      0x00a492        0x19c build/default/production/platform/cryptoauthlib/lib/crypto/hashes/sha1_routines.o
 .debug_line      0x00a62e        0x1b0 build/default/production/platform/cryptoauthlib/lib/crypto/hashes/sha2_routines.o
 .debug_line      0x00a7de         0xe3 build/default/production/platform/cryptoauthlib/lib/crypto/atca_crypto_sw_ecdsa.o
 .debug_line      0x00a8c1         0xee build/default/production/platform/cryptoauthlib/lib/crypto/atca_crypto_sw_rand.o
 .debug_line      0x00a9af        0x17b build/default/production/platform/cryptoauthlib/lib/crypto/atca_crypto_sw_sha1.o
 .debug_line      0x00ab2a        0x17b build/default/production/platform/cryptoauthlib/lib/crypto/atca_crypto_sw_sha2.o
 .debug_line      0x00aca5        0x174 build/default/production/platform/cryptoauthlib/lib/hal/atca_hal.o
 .debug_line      0x00ae19        0x22e build/default/production/platform/cryptoauthlib/lib/hal/hal_i2c.o
 .debug_line      0x00b047         0xb9 build/default/production/platform/cryptoauthlib/lib/hal/hal_timer.o
 .debug_line      0x00b100        0x518 build/default/production/platform/cryptoauthlib/lib/host/atca_host.o
 .debug_line      0x00b618        0x3ae build/default/production/platform/cryptoauthlib/lib/tls/atcatls.o
 .debug_line      0x00b9c6        0x1fa build/default/production/platform/cryptoauthlib/lib/tls/atcatls_cfg.o
 .debug_line      0x00bbc0         0xc0 build/default/production/platform/cryptoauthlib/lib/atca_cfgs.o
 .debug_line      0x00bc80        0x3c1 build/default/production/platform/cryptoauthlib/lib/atca_command.o
 .debug_line      0x00c041        0x132 build/default/production/platform/cryptoauthlib/lib/atca_device.o
 .debug_line      0x00c173        0x16e build/default/production/platform/cryptoauthlib/lib/atca_execution.o
 .debug_line      0x00c2e1        0x1c5 build/default/production/platform/cryptoauthlib/lib/atca_iface.o
 .debug_line      0x00c4a6        0x359 build/default/production/platform/drivers/i2c_master.o
 .debug_line      0x00c7ff        0x1c1 build/default/production/platform/drivers/i2c_simple_master.o
 .debug_line      0x00c9c0         0x85 build/default/production/platform/drivers/i2c_types.o
 .debug_line      0x00ca45         0xe5 build/default/production/platform/drivers/spi_master.o
 .debug_line      0x00cb2a        0x2fb build/default/production/platform/drivers/timeout.o
 .debug_line      0x00ce25         0x87 build/default/production/platform/drivers/uart.o
 .debug_line      0x00ceac        0x207 build/default/production/platform/mqtt/mqtt_comm_bsd/mqtt_comm_layer.o
 .debug_line      0x00d0b3        0x6ad build/default/production/platform/mqtt/mqtt_core/mqtt_core.o
 .debug_line      0x00d760        0x11e build/default/production/platform/mqtt/mqtt_exchange_buffer/mqtt_exchange_buffer.o
 .debug_line      0x00d87e         0xd5 build/default/production/platform/mqtt/mqtt_packetTransfer_interface.o
 .debug_line      0x00d953        0x1c4 build/default/production/platform/winc/bsp/source/nm_bsp_mega.o
 .debug_line      0x00db17        0x26d build/default/production/platform/winc/bus_wrapper/source/nm_bus_wrapper_mega.o
 .debug_line      0x00dd84        0x125 build/default/production/platform/winc/common/source/nm_common.o
 .debug_line      0x00dea9         0x1a build/default/production/platform/winc/driver/source/m2m_ate_mode.o
 .debug_line      0x00dec3         0x1a build/default/production/platform/winc/driver/source/m2m_crypto.o
 .debug_line      0x00dedd        0x2cb build/default/production/platform/winc/driver/source/m2m_hif.o
 .debug_line      0x00e1a8        0x212 build/default/production/platform/winc/driver/source/m2m_ota.o
 .debug_line      0x00e3ba         0x1a build/default/production/platform/winc/driver/source/m2m_periph.o
 .debug_line      0x00e3d4        0x1bd build/default/production/platform/winc/driver/source/m2m_ssl.o
 .debug_line      0x00e591        0x6e4 build/default/production/platform/winc/driver/source/m2m_wifi.o
 .debug_line      0x00ec75        0x325 build/default/production/platform/winc/driver/source/nmasic.o
 .debug_line      0x00ef9a        0x1c1 build/default/production/platform/winc/driver/source/nmbus.o
 .debug_line      0x00f15b        0x1d4 build/default/production/platform/winc/driver/source/nmdrv.o
 .debug_line      0x00f32f         0x1a build/default/production/platform/winc/driver/source/nmi2c.o
 .debug_line      0x00f349        0x3a9 build/default/production/platform/winc/driver/source/nmspi.o
 .debug_line      0x00f6f2         0x1a build/default/production/platform/winc/driver/source/nmuart.o
 .debug_line      0x00f70c        0x4a3 build/default/production/platform/winc/socket/source/socket.o
 .debug_line      0x00fbaf        0x2b7 build/default/production/platform/winc/spi_flash/source/spi_flash.o
 .debug_line      0x00fe66        0x1a7 build/default/production/platform/adc1.o
 .debug_line      0x01000d        0x383 build/default/production/platform/application_manager.o
 .debug_line      0x010390        0x11a build/default/production/platform/clock.o
 .debug_line      0x0104aa         0xeb build/default/production/platform/debug_print.o
 .debug_line      0x010595         0xa1 build/default/production/platform/delay.o
 .debug_line      0x010636        0x389 build/default/production/platform/i2c2_driver.o
 .debug_line      0x0109bf        0x119 build/default/production/platform/interrupt_manager.o
 .debug_line      0x010ad8        0x230 build/default/production/platform/led.o
 .debug_line      0x010d08         0x3d build/default/production/platform/mcc.o
 .debug_line      0x010d45        0x204 build/default/production/platform/pin_manager.o
 .debug_line      0x010f49         0xaf build/default/production/platform/sensors_handling.o
 .debug_line      0x010ff8        0x1f1 build/default/production/platform/spi1_driver.o
 .debug_line      0x0111e9         0x46 build/default/production/platform/system.o
 .debug_line      0x01122f        0x1e7 build/default/production/platform/tmr1.o
 .debug_line      0x011416        0x1c0 build/default/production/platform/tmr2.o
 .debug_line      0x0115d6        0x17f build/default/production/platform/traps.o
 .debug_line      0x011755        0x337 build/default/production/platform/uart1.o
 .debug_line      0x011a8c        0x7c3 build/default/production/main.o

.debug_frame      0x000000       0x9448
 *(.debug_frame)
 .debug_frame     0x000000        0x3b4 build/default/production/azure-sdk-for-c/sdk/src/azure/core/az_json_reader.o
 .debug_frame     0x0003b4        0x21c build/default/production/azure-sdk-for-c/sdk/src/azure/core/az_json_token.o
 .debug_frame     0x0005d0        0x3c4 build/default/production/azure-sdk-for-c/sdk/src/azure/core/az_json_writer.o
 .debug_frame     0x000994         0x92 build/default/production/azure-sdk-for-c/sdk/src/azure/core/az_log.o
 .debug_frame     0x000a26         0x44 build/default/production/azure-sdk-for-c/sdk/src/azure/core/az_precondition.o
 .debug_frame     0x000a6a        0x4d0 build/default/production/azure-sdk-for-c/sdk/src/azure/core/az_span.o
 .debug_frame     0x000f3a        0x168 build/default/production/azure-sdk-for-c/sdk/src/azure/iot/az_iot_common.o
 .debug_frame     0x0010a2         0x90 build/default/production/azure-sdk-for-c/sdk/src/azure/iot/az_iot_hub_client.o
 .debug_frame     0x001132         0x52 build/default/production/azure-sdk-for-c/sdk/src/azure/iot/az_iot_hub_client_c2d.o
 .debug_frame     0x001184         0x74 build/default/production/azure-sdk-for-c/sdk/src/azure/iot/az_iot_hub_client_methods.o
 .debug_frame     0x0011f8         0x76 build/default/production/azure-sdk-for-c/sdk/src/azure/iot/az_iot_hub_client_sas.o
 .debug_frame     0x00126e         0x50 build/default/production/azure-sdk-for-c/sdk/src/azure/iot/az_iot_hub_client_telemetry.o
 .debug_frame     0x0012be         0x8e build/default/production/azure-sdk-for-c/sdk/src/azure/iot/az_iot_hub_client_twin.o
 .debug_frame     0x00134c        0x156 build/default/production/azure-sdk-for-c/sdk/src/azure/iot/az_iot_provisioning_client.o
 .debug_frame     0x0014a2         0x76 build/default/production/azure-sdk-for-c/sdk/src/azure/iot/az_iot_provisioning_client_sas.o
 .debug_frame     0x001518         0x66 build/default/production/azure-sdk-for-c/sdk/src/azure/iot/az_iot_pnp_client.o
 .debug_frame     0x00157e         0x5c build/default/production/azure-sdk-for-c/sdk/src/azure/iot/az_iot_pnp_client_commands.o
 .debug_frame     0x0015da        0x1c4 build/default/production/azure-sdk-for-c/sdk/src/azure/iot/az_iot_pnp_client_property.o
 .debug_frame     0x00179e         0x64 build/default/production/azure-sdk-for-c/sdk/src/azure/iot/az_iot_pnp_client_sas.o
 .debug_frame     0x001802         0x50 build/default/production/azure-sdk-for-c/sdk/src/azure/iot/az_iot_pnp_client_telemetry.o
 .debug_frame     0x001852        0x2fe build/default/production/platform/cli/cli.o
 .debug_frame     0x001b50        0x41e build/default/production/platform/cloud/bsd_adapter/bsdWINC.o
 .debug_frame     0x001f6e        0x18a build/default/production/platform/cloud/crypto_client/crypto_client.o
 .debug_frame     0x0020f8         0x24 build/default/production/platform/cloud/crypto_client/cryptoauthlib_main.o
 .debug_frame     0x00211c         0x3a build/default/production/platform/cloud/crypto_client/hmac-sha256.o
 .debug_frame     0x002156        0x16e build/default/production/mqtt_packetPopulation/mqtt_iothub_packetPopulate.o
 .debug_frame     0x0022c4        0x1dc build/default/production/mqtt_packetPopulation/mqtt_iotprovisioning_packetPopulate.o
 .debug_frame     0x0024a0         0x58 build/default/production/mqtt_packetPopulation/mqtt_packetPopulate.o
 .debug_frame     0x0024f8        0x36a build/default/production/platform/cloud/cloud_service.o
 .debug_frame     0x002862        0x1c0 build/default/production/platform/cloud/wifi_service.o
 .debug_frame     0x002a22         0x24 build/default/production/platform/credentials_storage/credentials_storage.o
 .debug_frame     0x002a46        0x14a build/default/production/platform/cryptoauthlib/lib/atcacert/atcacert_client.o
 .debug_frame     0x002b90        0x2c4 build/default/production/platform/cryptoauthlib/lib/atcacert/atcacert_date.o
 .debug_frame     0x002e54        0x506 build/default/production/platform/cryptoauthlib/lib/atcacert/atcacert_def.o
 .debug_frame     0x00335a        0x110 build/default/production/platform/cryptoauthlib/lib/atcacert/atcacert_der.o
 .debug_frame     0x00346a         0x62 build/default/production/platform/cryptoauthlib/lib/atcacert/atcacert_host_hw.o
 .debug_frame     0x0034cc         0x58 build/default/production/platform/cryptoauthlib/lib/atcacert/atcacert_host_sw.o
 .debug_frame     0x003524         0xbc build/default/production/platform/cryptoauthlib/lib/atcacert/atcacert_pem.o
 .debug_frame     0x0035e0        0x114 build/default/production/platform/cryptoauthlib/lib/basic/atca_basic.o
 .debug_frame     0x0036f4        0x148 build/default/production/platform/cryptoauthlib/lib/basic/atca_basic_aes.o
 .debug_frame     0x00383c         0x2e build/default/production/platform/cryptoauthlib/lib/basic/atca_basic_checkmac.o
 .debug_frame     0x00386a         0x56 build/default/production/platform/cryptoauthlib/lib/basic/atca_basic_counter.o
 .debug_frame     0x0038c0         0x2e build/default/production/platform/cryptoauthlib/lib/basic/atca_basic_derivekey.o
 .debug_frame     0x0038ee        0x128 build/default/production/platform/cryptoauthlib/lib/basic/atca_basic_ecdh.o
 .debug_frame     0x003a16         0x2e build/default/production/platform/cryptoauthlib/lib/basic/atca_basic_gendig.o
 .debug_frame     0x003a44         0x56 build/default/production/platform/cryptoauthlib/lib/basic/atca_basic_genkey.o
 .debug_frame     0x003a9a         0x36 build/default/production/platform/cryptoauthlib/lib/basic/atca_basic_hmac.o
 .debug_frame     0x003ad0         0x78 build/default/production/platform/cryptoauthlib/lib/basic/atca_basic_info.o
 .debug_frame     0x003b48         0x54 build/default/production/platform/cryptoauthlib/lib/basic/atca_basic_kdf.o
 .debug_frame     0x003b9c         0x7e build/default/production/platform/cryptoauthlib/lib/basic/atca_basic_lock.o
 .debug_frame     0x003c1a         0x36 build/default/production/platform/cryptoauthlib/lib/basic/atca_basic_mac.o
 .debug_frame     0x003c50         0x86 build/default/production/platform/cryptoauthlib/lib/basic/atca_basic_nonce.o
 .debug_frame     0x003cd6         0x3c build/default/production/platform/cryptoauthlib/lib/basic/atca_basic_privwrite.o
 .debug_frame     0x003d12         0x36 build/default/production/platform/cryptoauthlib/lib/basic/atca_basic_random.o
 .debug_frame     0x003d48        0x1da build/default/production/platform/cryptoauthlib/lib/basic/atca_basic_read.o
 .debug_frame     0x003f22         0x5e build/default/production/platform/cryptoauthlib/lib/basic/atca_basic_secureboot.o
 .debug_frame     0x003f80         0x36 build/default/production/platform/cryptoauthlib/lib/basic/atca_basic_selftest.o
 .debug_frame     0x003fb6        0x1c4 build/default/production/platform/cryptoauthlib/lib/basic/atca_basic_sha.o
 .debug_frame     0x00417a         0x68 build/default/production/platform/cryptoauthlib/lib/basic/atca_basic_sign.o
 .debug_frame     0x0041e2         0x2e build/default/production/platform/cryptoauthlib/lib/basic/atca_basic_updateextra.o
 .debug_frame     0x004210        0x118 build/default/production/platform/cryptoauthlib/lib/basic/atca_basic_verify.o
 .debug_frame     0x004328        0x160 build/default/production/platform/cryptoauthlib/lib/basic/atca_basic_write.o
 .debug_frame     0x004488        0x420 build/default/production/platform/cryptoauthlib/lib/basic/atca_helpers.o
 .debug_frame     0x0048a8         0xda build/default/production/platform/cryptoauthlib/lib/crypto/hashes/sha1_routines.o
 .debug_frame     0x004982         0xee build/default/production/platform/cryptoauthlib/lib/crypto/hashes/sha2_routines.o
 .debug_frame     0x004a70         0x24 build/default/production/platform/cryptoauthlib/lib/crypto/atca_crypto_sw_ecdsa.o
 .debug_frame     0x004a94         0x24 build/default/production/platform/cryptoauthlib/lib/crypto/atca_crypto_sw_rand.o
 .debug_frame     0x004ab8         0x68 build/default/production/platform/cryptoauthlib/lib/crypto/atca_crypto_sw_sha1.o
 .debug_frame     0x004b20         0x68 build/default/production/platform/cryptoauthlib/lib/crypto/atca_crypto_sw_sha2.o
 .debug_frame     0x004b88         0x56 build/default/production/platform/cryptoauthlib/lib/hal/atca_hal.o
 .debug_frame     0x004bde        0x130 build/default/production/platform/cryptoauthlib/lib/hal/hal_i2c.o
 .debug_frame     0x004d0e         0x58 build/default/production/platform/cryptoauthlib/lib/hal/hal_timer.o
 .debug_frame     0x004d66        0x270 build/default/production/platform/cryptoauthlib/lib/host/atca_host.o
 .debug_frame     0x004fd6        0x7ee build/default/production/platform/cryptoauthlib/lib/tls/atcatls.o
 .debug_frame     0x0057c4         0xc8 build/default/production/platform/cryptoauthlib/lib/tls/atcatls_cfg.o
 .debug_frame     0x00588c        0x232 build/default/production/platform/cryptoauthlib/lib/atca_command.o
 .debug_frame     0x005abe         0x5e build/default/production/platform/cryptoauthlib/lib/atca_device.o
 .debug_frame     0x005b1c         0x48 build/default/production/platform/cryptoauthlib/lib/atca_execution.o
 .debug_frame     0x005b64         0xfe build/default/production/platform/cryptoauthlib/lib/atca_iface.o
 .debug_frame     0x005c62        0x26c build/default/production/platform/drivers/i2c_master.o
 .debug_frame     0x005ece        0x154 build/default/production/platform/drivers/i2c_simple_master.o
 .debug_frame     0x006022         0x54 build/default/production/platform/drivers/i2c_types.o
 .debug_frame     0x006076         0x34 build/default/production/platform/drivers/spi_master.o
 .debug_frame     0x0060aa        0x22a build/default/production/platform/drivers/timeout.o
 .debug_frame     0x0062d4         0x94 build/default/production/platform/mqtt/mqtt_comm_bsd/mqtt_comm_layer.o
 .debug_frame     0x006368        0x57e build/default/production/platform/mqtt/mqtt_core/mqtt_core.o
 .debug_frame     0x0068e6         0x5e build/default/production/platform/mqtt/mqtt_exchange_buffer/mqtt_exchange_buffer.o
 .debug_frame     0x006944         0x34 build/default/production/platform/mqtt/mqtt_packetTransfer_interface.o
 .debug_frame     0x006978         0x96 build/default/production/platform/winc/bsp/source/nm_bsp_mega.o
 .debug_frame     0x006a0e         0x90 build/default/production/platform/winc/bus_wrapper/source/nm_bus_wrapper_mega.o
 .debug_frame     0x006a9e         0xa0 build/default/production/platform/winc/common/source/nm_common.o
 .debug_frame     0x006b3e        0x17c build/default/production/platform/winc/driver/source/m2m_hif.o
 .debug_frame     0x006cba        0x11e build/default/production/platform/winc/driver/source/m2m_ota.o
 .debug_frame     0x006dd8         0xd4 build/default/production/platform/winc/driver/source/m2m_ssl.o
 .debug_frame     0x006eac        0x514 build/default/production/platform/winc/driver/source/m2m_wifi.o
 .debug_frame     0x0073c0        0x25e build/default/production/platform/winc/driver/source/nmasic.o
 .debug_frame     0x00761e        0x11c build/default/production/platform/winc/driver/source/nmbus.o
 .debug_frame     0x00773a         0xc8 build/default/production/platform/winc/driver/source/nmdrv.o
 .debug_frame     0x007802        0x2ee build/default/production/platform/winc/driver/source/nmspi.o
 .debug_frame     0x007af0        0x2ba build/default/production/platform/winc/socket/source/socket.o
 .debug_frame     0x007daa        0x284 build/default/production/platform/winc/spi_flash/source/spi_flash.o
 .debug_frame     0x00802e         0xa4 build/default/production/platform/adc1.o
 .debug_frame     0x0080d2        0x12c build/default/production/platform/application_manager.o
 .debug_frame     0x0081fe         0x24 build/default/production/platform/clock.o
 .debug_frame     0x008222         0x7c build/default/production/platform/debug_print.o
 .debug_frame     0x00829e         0x62 build/default/production/platform/delay.o
 .debug_frame     0x008300        0x2a6 build/default/production/platform/i2c2_driver.o
 .debug_frame     0x0085a6         0x24 build/default/production/platform/interrupt_manager.o
 .debug_frame     0x0085ca        0x164 build/default/production/platform/led.o
 .debug_frame     0x00872e         0x24 build/default/production/platform/mcc.o
 .debug_frame     0x008752         0xe8 build/default/production/platform/pin_manager.o
 .debug_frame     0x00883a         0x34 build/default/production/platform/sensors_handling.o
 .debug_frame     0x00886e         0xda build/default/production/platform/spi1_driver.o
 .debug_frame     0x008948         0x24 build/default/production/platform/system.o
 .debug_frame     0x00896c        0x108 build/default/production/platform/tmr1.o
 .debug_frame     0x008a74         0xc4 build/default/production/platform/tmr2.o
 .debug_frame     0x008b38         0x84 build/default/production/platform/traps.o
 .debug_frame     0x008bbc        0x246 build/default/production/platform/uart1.o
 .debug_frame     0x008e02        0x646 build/default/production/main.o

.debug_str        0x000000       0x2701
 *(.debug_str)
 .debug_str       0x000000         0xee build/default/production/azure-sdk-for-c/sdk/src/azure/core/az_json_reader.o
 .debug_str       0x0000ee         0xd8 build/default/production/azure-sdk-for-c/sdk/src/azure/core/az_json_token.o
 .debug_str       0x0001c6        0x190 build/default/production/azure-sdk-for-c/sdk/src/azure/core/az_json_writer.o
 .debug_str       0x000356         0x1f build/default/production/azure-sdk-for-c/sdk/src/azure/core/az_log.o
 .debug_str       0x000375         0x21 build/default/production/azure-sdk-for-c/sdk/src/azure/core/az_precondition.o
 .debug_str       0x000396         0xc0 build/default/production/azure-sdk-for-c/sdk/src/azure/core/az_span.o
 .debug_str       0x000456         0x56 build/default/production/azure-sdk-for-c/sdk/src/azure/iot/az_iot_common.o
 .debug_str       0x0004ac         0x6f build/default/production/azure-sdk-for-c/sdk/src/azure/iot/az_iot_hub_client.o
 .debug_str       0x00051b          0xa build/default/production/azure-sdk-for-c/sdk/src/azure/iot/az_iot_hub_client_c2d.o
 .debug_str       0x000525         0x15 build/default/production/azure-sdk-for-c/sdk/src/azure/iot/az_iot_hub_client_methods.o
 .debug_str       0x00053a         0x3c build/default/production/azure-sdk-for-c/sdk/src/azure/iot/az_iot_hub_client_sas.o
 .debug_str       0x000576         0x14 build/default/production/azure-sdk-for-c/sdk/src/azure/iot/az_iot_hub_client_telemetry.o
 .debug_str       0x00058a         0x9e build/default/production/azure-sdk-for-c/sdk/src/azure/iot/az_iot_hub_client_twin.o
 .debug_str       0x000628        0x100 build/default/production/azure-sdk-for-c/sdk/src/azure/iot/az_iot_provisioning_client.o
 .debug_str       0x000728         0x3c build/default/production/azure-sdk-for-c/sdk/src/azure/iot/az_iot_provisioning_client_sas.o
 .debug_str       0x000764         0x4b build/default/production/azure-sdk-for-c/sdk/src/azure/iot/az_iot_pnp_client.o
 .debug_str       0x0007af         0x33 build/default/production/azure-sdk-for-c/sdk/src/azure/iot/az_iot_pnp_client_commands.o
 .debug_str       0x0007e2         0xfa build/default/production/azure-sdk-for-c/sdk/src/azure/iot/az_iot_pnp_client_property.o
 .debug_str       0x0008dc         0x44 build/default/production/azure-sdk-for-c/sdk/src/azure/iot/az_iot_pnp_client_sas.o
 .debug_str       0x000920         0x28 build/default/production/azure-sdk-for-c/sdk/src/azure/iot/az_iot_pnp_client_telemetry.o
 .debug_str       0x000948         0x5d build/default/production/platform/cli/cli.o
 .debug_str       0x0009a5         0x44 build/default/production/platform/cloud/bsd_adapter/bsdWINC.o
 .debug_str       0x0009e9         0x91 build/default/production/platform/cloud/crypto_client/crypto_client.o
 .debug_str       0x000a7a         0x52 build/default/production/platform/cloud/crypto_client/cryptoauthlib_main.o
 .debug_str       0x000acc        0x135 build/default/production/mqtt_packetPopulation/mqtt_iothub_packetPopulate.o
 .debug_str       0x000c01        0x1c5 build/default/production/mqtt_packetPopulation/mqtt_iotprovisioning_packetPopulate.o
 .debug_str       0x000dc6        0x105 build/default/production/platform/cloud/cloud_service.o
 .debug_str       0x000ecb         0xca build/default/production/platform/cloud/wifi_service.o
 .debug_str       0x000f95          0x9 build/default/production/platform/credentials_storage/credentials_storage.o
 .debug_str       0x000f9e         0x5d build/default/production/platform/cryptoauthlib/lib/atcacert/atcacert_client.o
 .debug_str       0x000ffb         0x9e build/default/production/platform/cryptoauthlib/lib/atcacert/atcacert_date.o
 .debug_str       0x001099        0x1d2 build/default/production/platform/cryptoauthlib/lib/atcacert/atcacert_def.o
 .debug_str       0x00126b         0x4c build/default/production/platform/cryptoauthlib/lib/atcacert/atcacert_der.o
 .debug_str       0x0012b7         0x16 build/default/production/platform/cryptoauthlib/lib/atcacert/atcacert_host_hw.o
 .debug_str       0x0012cd          0xa build/default/production/platform/cryptoauthlib/lib/atcacert/atcacert_host_sw.o
 .debug_str       0x0012d7         0x5a build/default/production/platform/cryptoauthlib/lib/atcacert/atcacert_pem.o
 .debug_str       0x001331         0x4a build/default/production/platform/cryptoauthlib/lib/basic/atca_basic.o
 .debug_str       0x00137b         0x40 build/default/production/platform/cryptoauthlib/lib/basic/atca_basic_aes.o
 .debug_str       0x0013bb          0x9 build/default/production/platform/cryptoauthlib/lib/basic/atca_basic_checkmac.o
 .debug_str       0x0013c4         0x22 build/default/production/platform/cryptoauthlib/lib/basic/atca_basic_counter.o
 .debug_str       0x0013e6          0x9 build/default/production/platform/cryptoauthlib/lib/basic/atca_basic_derivekey.o
 .debug_str       0x0013ef         0x41 build/default/production/platform/cryptoauthlib/lib/basic/atca_basic_ecdh.o
 .debug_str       0x001430          0x9 build/default/production/platform/cryptoauthlib/lib/basic/atca_basic_gendig.o
 .debug_str       0x001439         0x1b build/default/production/platform/cryptoauthlib/lib/basic/atca_basic_genkey.o
 .debug_str       0x001454          0x9 build/default/production/platform/cryptoauthlib/lib/basic/atca_basic_hmac.o
 .debug_str       0x00145d         0x19 build/default/production/platform/cryptoauthlib/lib/basic/atca_basic_info.o
 .debug_str       0x001476          0x9 build/default/production/platform/cryptoauthlib/lib/basic/atca_basic_kdf.o
 .debug_str       0x00147f         0x15 build/default/production/platform/cryptoauthlib/lib/basic/atca_basic_lock.o
 .debug_str       0x001494          0x9 build/default/production/platform/cryptoauthlib/lib/basic/atca_basic_mac.o
 .debug_str       0x00149d         0x19 build/default/production/platform/cryptoauthlib/lib/basic/atca_basic_nonce.o
 .debug_str       0x0014b6         0x2d build/default/production/platform/cryptoauthlib/lib/basic/atca_basic_privwrite.o
 .debug_str       0x0014e3          0x9 build/default/production/platform/cryptoauthlib/lib/basic/atca_basic_random.o
 .debug_str       0x0014ec         0x5f build/default/production/platform/cryptoauthlib/lib/basic/atca_basic_read.o
 .debug_str       0x00154b         0x49 build/default/production/platform/cryptoauthlib/lib/basic/atca_basic_secureboot.o
 .debug_str       0x001594          0x9 build/default/production/platform/cryptoauthlib/lib/basic/atca_basic_selftest.o
 .debug_str       0x00159d         0x71 build/default/production/platform/cryptoauthlib/lib/basic/atca_basic_sha.o
 .debug_str       0x00160e         0x21 build/default/production/platform/cryptoauthlib/lib/basic/atca_basic_sign.o
 .debug_str       0x00162f          0x9 build/default/production/platform/cryptoauthlib/lib/basic/atca_basic_updateextra.o
 .debug_str       0x001638         0x80 build/default/production/platform/cryptoauthlib/lib/basic/atca_basic_verify.o
 .debug_str       0x0016b8         0x39 build/default/production/platform/cryptoauthlib/lib/basic/atca_basic_write.o
 .debug_str       0x0016f1         0x93 build/default/production/platform/cryptoauthlib/lib/basic/atca_helpers.o
 .debug_str       0x001784          0xc build/default/production/platform/cryptoauthlib/lib/crypto/hashes/sha2_routines.o
 .debug_str       0x001790          0xa build/default/production/platform/cryptoauthlib/lib/crypto/atca_crypto_sw_sha1.o
 .debug_str       0x00179a          0xa build/default/production/platform/cryptoauthlib/lib/crypto/atca_crypto_sw_sha2.o
 .debug_str       0x0017a4         0x3f build/default/production/platform/cryptoauthlib/lib/hal/atca_hal.o
 .debug_str       0x0017e3         0x17 build/default/production/platform/cryptoauthlib/lib/hal/hal_i2c.o
 .debug_str       0x0017fa         0xbf build/default/production/platform/cryptoauthlib/lib/host/atca_host.o
 .debug_str       0x0018b9         0xb7 build/default/production/platform/cryptoauthlib/lib/tls/atcatls.o
 .debug_str       0x001970         0xb5 build/default/production/platform/cryptoauthlib/lib/tls/atcatls_cfg.o
 .debug_str       0x001a25         0x1a build/default/production/platform/cryptoauthlib/lib/atca_command.o
 .debug_str       0x001a3f         0x1b build/default/production/platform/cryptoauthlib/lib/atca_execution.o
 .debug_str       0x001a5a         0x4e build/default/production/platform/cryptoauthlib/lib/atca_iface.o
 .debug_str       0x001aa8         0x21 build/default/production/platform/drivers/i2c_master.o
 .debug_str       0x001ac9          0xd build/default/production/platform/drivers/i2c_simple_master.o
 .debug_str       0x001ad6         0x6e build/default/production/platform/drivers/timeout.o
 .debug_str       0x001b44          0xe build/default/production/platform/mqtt/mqtt_comm_bsd/mqtt_comm_layer.o
 .debug_str       0x001b52         0xf8 build/default/production/platform/mqtt/mqtt_core/mqtt_core.o
 .debug_str       0x001c4a          0xe build/default/production/platform/mqtt/mqtt_exchange_buffer/mqtt_exchange_buffer.o
 .debug_str       0x001c58         0x10 build/default/production/platform/mqtt/mqtt_packetTransfer_interface.o
 .debug_str       0x001c68         0x1c build/default/production/platform/winc/bsp/source/nm_bsp_mega.o
 .debug_str       0x001c84         0x32 build/default/production/platform/winc/bus_wrapper/source/nm_bus_wrapper_mega.o
 .debug_str       0x001cb6          0xa build/default/production/platform/winc/common/source/nm_common.o
 .debug_str       0x001cc0         0x25 build/default/production/platform/winc/driver/source/m2m_hif.o
 .debug_str       0x001ce5         0x1a build/default/production/platform/winc/driver/source/m2m_ota.o
 .debug_str       0x001cff         0x25 build/default/production/platform/winc/driver/source/m2m_ssl.o
 .debug_str       0x001d24        0x121 build/default/production/platform/winc/driver/source/m2m_wifi.o
 .debug_str       0x001e45         0x21 build/default/production/platform/winc/driver/source/nmasic.o
 .debug_str       0x001e66         0x31 build/default/production/platform/winc/driver/source/nmbus.o
 .debug_str       0x001e97         0x2b build/default/production/platform/winc/driver/source/nmdrv.o
 .debug_str       0x001ec2         0x3c build/default/production/platform/winc/driver/source/nmspi.o
 .debug_str       0x001efe        0x171 build/default/production/platform/winc/socket/source/socket.o
 .debug_str       0x00206f         0x2d build/default/production/platform/winc/spi_flash/source/spi_flash.o
 .debug_str       0x00209c         0x34 build/default/production/platform/adc1.o
 .debug_str       0x0020d0         0xab build/default/production/platform/application_manager.o
 .debug_str       0x00217b         0x1d build/default/production/platform/clock.o
 .debug_str       0x002198         0xa0 build/default/production/platform/i2c2_driver.o
 .debug_str       0x002238         0x38 build/default/production/platform/interrupt_manager.o
 .debug_str       0x002270         0x4e build/default/production/platform/led.o
 .debug_str       0x0022be         0xd2 build/default/production/platform/pin_manager.o
 .debug_str       0x002390         0x6b build/default/production/platform/spi1_driver.o
 .debug_str       0x0023fb         0x32 build/default/production/platform/tmr1.o
 .debug_str       0x00242d         0x13 build/default/production/platform/tmr2.o
 .debug_str       0x002440         0x18 build/default/production/platform/traps.o
 .debug_str       0x002458         0xa2 build/default/production/platform/uart1.o
 .debug_str       0x0024fa        0x207 build/default/production/main.o

.debug_loc
 *(.debug_loc)

.debug_macinfo
 *(.debug_macinfo)

.debug_pubnames
                  0x000000       0x6919
 *(.debug_pubnames)
 .debug_pubnames
                  0x000000         0x89 build/default/production/azure-sdk-for-c/sdk/src/azure/core/az_json_reader.o
 .debug_pubnames
                  0x000089        0x11d build/default/production/azure-sdk-for-c/sdk/src/azure/core/az_json_token.o
 .debug_pubnames
                  0x0001a6        0x1cc build/default/production/azure-sdk-for-c/sdk/src/azure/core/az_json_writer.o
 .debug_pubnames
                  0x000372         0x7d build/default/production/azure-sdk-for-c/sdk/src/azure/core/az_log.o
 .debug_pubnames
                  0x0003ef         0x87 build/default/production/azure-sdk-for-c/sdk/src/azure/core/az_precondition.o
 .debug_pubnames
                  0x000476        0x26d build/default/production/azure-sdk-for-c/sdk/src/azure/core/az_span.o
 .debug_pubnames