Microchip Technology Inc, v1.61 (B)

Tool Name:
  /Applications/microchip/xc16/v1.61/bin/bin/../bin/elf-ld

Command:
  -p24FJ128GA705 \
  --mdfp=/Applications/microchip/mplabx/v5.50/packs/Microchip/PIC24F-GA-GB_DFP/1.4.141/xc16 \
  -o \
  dist/default/production/AzureIotPnpDps.X.production.elf \
  -L/Applications/microchip/xc16/v1.61/bin/bin/.. \
  -L/Applications/microchip/mplabx/v5.50/packs/Microchip/PIC24F-GA-GB_DFP/1.4.141/xc16/bin/../support/PIC24F/gld \
  -L/Applications/microchip/xc16/v1.61/bin/bin/../../lib \
  -L/Applications/microchip/xc16/v1.61/bin/bin/../../support/PIC24E/gld \
  -L/Applications/microchip/xc16/v1.61/bin/bin/../../support/PIC24F/gld \
  -L/Applications/microchip/xc16/v1.61/bin/bin/../../support/PIC24H/gld \
  -L/Applications/microchip/xc16/v1.61/bin/bin/../../support/dsPIC30F/gld \
  -L/Applications/microchip/xc16/v1.61/bin/bin/../../support/dsPIC33C/gld \
  -L/Applications/microchip/xc16/v1.61/bin/bin/../../support/dsPIC33E/gld \
  -L/Applications/microchip/xc16/v1.61/bin/bin/../../support/dsPIC33F/gld \
  build/default/production/azure-sdk-for-c/sdk/src/azure/core/az_json_reader.o \
  build/default/production/azure-sdk-for-c/sdk/src/azure/core/az_json_token.o \
  build/default/production/azure-sdk-for-c/sdk/src/azure/core/az_json_writer.o \
  build/default/production/azure-sdk-for-c/sdk/src/azure/core/az_log.o \
  build/default/production/azure-sdk-for-c/sdk/src/azure/core/az_precondition.o \
  build/default/production/azure-sdk-for-c/sdk/src/azure/core/az_span.o \
  build/default/production/azure-sdk-for-c/sdk/src/azure/iot/az_iot_common.o \
  build/default/production/azure-sdk-for-c/sdk/src/azure/iot/az_iot_hub_client.o \
  build/default/production/azure-sdk-for-c/sdk/src/azure/iot/az_iot_hub_client_c2d.o \
  build/default/production/azure-sdk-for-c/sdk/src/azure/iot/az_iot_hub_client_methods.o \
  build/default/production/azure-sdk-for-c/sdk/src/azure/iot/az_iot_hub_client_sas.o \
  build/default/production/azure-sdk-for-c/sdk/src/azure/iot/az_iot_hub_client_telemetry.o \
  build/default/production/azure-sdk-for-c/sdk/src/azure/iot/az_iot_hub_client_twin.o \
  build/default/production/azure-sdk-for-c/sdk/src/azure/iot/az_iot_provisioning_client.o \
  build/default/production/azure-sdk-for-c/sdk/src/azure/iot/az_iot_provisioning_client_sas.o \
  build/default/production/azure-sdk-for-c/sdk/src/azure/iot/az_iot_pnp_client.o \
  build/default/production/azure-sdk-for-c/sdk/src/azure/iot/az_iot_pnp_client_commands.o \
  build/default/production/azure-sdk-for-c/sdk/src/azure/iot/az_iot_pnp_client_property.o \
  build/default/production/azure-sdk-for-c/sdk/src/azure/iot/az_iot_pnp_client_sas.o \
  build/default/production/azure-sdk-for-c/sdk/src/azure/iot/az_iot_pnp_client_telemetry.o \
  build/default/production/platform/cli/cli.o \
  build/default/production/platform/cloud/bsd_adapter/bsdWINC.o \
  build/default/production/platform/cloud/crypto_client/crypto_client.o \
  build/default/production/platform/cloud/crypto_client/cryptoauthlib_main.o \
  build/default/production/platform/cloud/crypto_client/hmac-sha256.o \
  build/default/production/mqtt_packetPopulation/mqtt_iothub_packetPopulate.o \
  build/default/production/mqtt_packetPopulation/mqtt_iotprovisioning_packetPopulate.o \
  build/default/production/mqtt_packetPopulation/mqtt_packetPopulate.o \
  build/default/production/platform/cloud/cloud_service.o \
  build/default/production/platform/cloud/wifi_service.o \
  build/default/production/platform/credentials_storage/credentials_storage.o \
  build/default/production/platform/cryptoauthlib/lib/atcacert/atcacert_client.o \
  build/default/production/platform/cryptoauthlib/lib/atcacert/atcacert_date.o \
  build/default/production/platform/cryptoauthlib/lib/atcacert/atcacert_def.o \
  build/default/production/platform/cryptoauthlib/lib/atcacert/atcacert_der.o \
  build/default/production/platform/cryptoauthlib/lib/atcacert/atcacert_host_hw.o \
  build/default/production/platform/cryptoauthlib/lib/atcacert/atcacert_host_sw.o \
  build/default/production/platform/cryptoauthlib/lib/atcacert/atcacert_pem.o \
  build/default/production/platform/cryptoauthlib/lib/basic/atca_basic.o \
  build/default/production/platform/cryptoauthlib/lib/basic/atca_basic_aes.o \
  build/default/production/platform/cryptoauthlib/lib/basic/atca_basic_checkmac.o \
  build/default/production/platform/cryptoauthlib/lib/basic/atca_basic_counter.o \
  build/default/production/platform/cryptoauthlib/lib/basic/atca_basic_derivekey.o \
  build/default/production/platform/cryptoauthlib/lib/basic/atca_basic_ecdh.o \
  build/default/production/platform/cryptoauthlib/lib/basic/atca_basic_gendig.o \
  build/default/production/platform/cryptoauthlib/lib/basic/atca_basic_genkey.o \
  build/default/production/platform/cryptoauthlib/lib/basic/atca_basic_hmac.o \
  build/default/production/platform/cryptoauthlib/lib/basic/atca_basic_info.o \
[...]
Memory Configuration

Name             Origin             Length             Attributes
data             0x000800           0x004000           a !xr
reset            0x000000           0x000004  
ivt              0x000004           0x0000fc  
program          0x000100           0x015e00           xr
FSEC             0x015f00           0x000002  
FBSLIM           0x015f10           0x000002  
FSIGN            0x015f14           0x000002  
FOSCSEL          0x015f18           0x000002  
FOSC             0x015f1c           0x000002  
FWDT             0x015f20           0x000002  
FPOR             0x015f24           0x000002  
FICD             0x015f28           0x000002  
FDEVOPT1         0x015f2c           0x000002  
*default*        0x000000           0xffffffffffffffff  

Linker script and memory map

LOAD build/default/production/azure-sdk-for-c/sdk/src/azure/core/az_json_reader.o
LOAD build/default/production/azure-sdk-for-c/sdk/src/azure/core/az_json_token.o
LOAD build/default/production/azure-sdk-for-c/sdk/src/azure/core/az_json_writer.o
LOAD build/default/production/azure-sdk-for-c/sdk/src/azure/core/az_log.o
LOAD build/default/production/azure-sdk-for-c/sdk/src/azure/core/az_precondition.o
LOAD build/default/production/azure-sdk-for-c/sdk/src/azure/core/az_span.o
LOAD build/default/production/azure-sdk-for-c/sdk/src/azure/iot/az_iot_common.o
LOAD build/default/production/azure-sdk-for-c/sdk/src/azure/iot/az_iot_hub_client.o
LOAD build/default/production/azure-sdk-for-c/sdk/src/azure/iot/az_iot_hub_client_c2d.o
LOAD build/default/production/azure-sdk-for-c/sdk/src/azure/iot/az_iot_hub_client_methods.o
LOAD build/default/production/azure-sdk-for-c/sdk/src/azure/iot/az_iot_hub_client_sas.o
LOAD build/default/production/azure-sdk-for-c/sdk/src/azure/iot/az_iot_hub_client_telemetry.o
LOAD build/default/production/azure-sdk-for-c/sdk/src/azure/iot/az_iot_hub_client_twin.o
LOAD build/default/production/azure-sdk-for-c/sdk/src/azure/iot/az_iot_provisioning_client.o
LOAD build/default/production/azure-sdk-for-c/sdk/src/azure/iot/az_iot_provisioning_client_sas.o
LOAD build/default/production/azure-sdk-for-c/sdk/src/azure/iot/az_iot_pnp_client.o
LOAD build/default/production/azure-sdk-for-c/sdk/src/azure/iot/az_iot_pnp_client_commands.o
LOAD build/default/production/azure-sdk-for-c/sdk/src/azure/iot/az_iot_pnp_client_property.o
LOAD build/default/production/azure-sdk-for-c/sdk/src/azure/iot/az_iot_pnp_client_sas.o
LOAD build/default/production/azure-sdk-for-c/sdk/src/azure/iot/az_iot_pnp_client_telemetry.o
LOAD build/default/production/platform/cli/cli.o
LOAD build/default/production/platform/cloud/bsd_adapter/bsdWINC.o
LOAD build/default/production/platform/cloud/crypto_client/crypto_client.o
LOAD build/default/production/platform/cloud/crypto_client/cryptoauthlib_main.o
LOAD build/default/production/platform/cloud/crypto_client/hmac-sha256.o
LOAD build/default/production/mqtt_packetPopulation/mqtt_iothub_packetPopulate.o
LOAD build/default/production/mqtt_packetPopulation/mqtt_iotprovisioning_packetPopulate.o
LOAD build/default/production/mqtt_packetPopulation/mqtt_packetPopulate.o
LOAD build/default/production/platform/cloud/cloud_service.o
LOAD build/default/production/platform/cloud/wifi_service.o
LOAD build/default/production/platform/credentials_storage/credentials_storage.o
LOAD build/default/production/platform/cryptoauthlib/lib/atcacert/atcacert_client.o
LOAD build/default/production/platform/cryptoauthlib/lib/atcacert/atcacert_date.o
LOAD build/default/production/platform/cryptoauthlib/lib/atcacert/atcacert_def.o
LOAD build/default/production/platform/cryptoauthlib/lib/atcacert/atcacert_der.o
LOAD build/default/production/platform/cryptoauthlib/lib/atcacert/atcacert_host_hw.o
LOAD build/default/production/platform/cryptoauthlib/lib/atcacert/atcacert_host_sw.o
LOAD build/default/production/platform/cryptoauthlib/lib/atcacert/atcacert_pem.o
LOAD build/default/production/platform/cryptoauthlib/lib/basic/atca_basic.o
LOAD build/default/production/platform/cryptoauthlib/lib/basic/atca_basic_aes.o
LOAD build/default/production/platform/cryptoauthlib/lib/basic/atca_basic_checkmac.o
LOAD build/default/production/platform/cryptoauthlib/lib/basic/atca_basic_counter.o
LOAD build/default/production/platform/cryptoauthlib/lib/basic/atca_basic_derivekey.o
LOAD build/default/production/platform/cryptoauthlib/lib/basic/atca_basic_ecdh.o
LOAD build/default/production/platform/cryptoauthlib/lib/basic/atca_basic_gendig.o
LOAD build/default/production/platform/cryptoauthlib/lib/basic/atca_basic_genkey.o
LOAD build/default/production/platform/cryptoauthlib/lib/basic/atca_basic_hmac.o
LOAD build/default/production/platform/cryptoauthlib/lib/basic/atca_basic_info.o
LOAD build/default/production/platform/cryptoauthlib/lib/basic/atca_basic_kdf.o
LOAD build/default/production/platform/cryptoauthlib/lib/basic/atca_basic_lock.o
LOAD build/default/production/platform/cryptoauthlib/lib/basic/atca_basic_mac.o
LOAD build/default/production/platform/cryptoauthlib/lib/basic/atca_basic_nonce.o
LOAD build/default/production/platform/cryptoauthlib/lib/basic/atca_basic_privwrite.o
LOAD build/default/production/platform/cryptoauthlib/lib/basic/atca_basic_random.o
LOAD build/default/production/platform/cryptoauthlib/lib/basic/atca_basic_read.o
LOAD build/default/production/platform/cryptoauthlib/lib/basic/atca_basic_secureboot.o
LOAD build/default/production/platform/cryptoauthlib/lib/basic/atca_basic_selftest.o
LOAD build/default/production/platform/cryptoauthlib/lib/basic/atca_basic_sha.o
LOAD build/default/production/platform/cryptoauthlib/lib/basic/atca_basic_sign.o
LOAD build/default/production/platform/cryptoauthlib/lib/basic/atca_basic_updateextra.o
LOAD build/default/production/platform/cryptoauthlib/lib/basic/atca_basic_verify.o
LOAD build/default/production/platform/cryptoauthlib/lib/basic/atca_basic_write.o
LOAD build/default/production/platform/cryptoauthlib/lib/basic/atca_helpers.o
LOAD build/default/production/platform/cryptoauthlib/lib/crypto/hashes/sha1_routines.o
LOAD build/default/production/platform/cryptoauthlib/lib/crypto/hashes/sha2_routines.o
LOAD build/default/production/platform/cryptoauthlib/lib/crypto/atca_crypto_sw_ecdsa.o
LOAD build/default/production/platform/cryptoauthlib/lib/crypto/atca_crypto_sw_rand.o
LOAD build/default/production/platform/cryptoauthlib/lib/crypto/atca_crypto_sw_sha1.o
LOAD build/default/production/platform/cryptoauthlib/lib/crypto/atca_crypto_sw_sha2.o
LOAD build/default/production/platform/cryptoauthlib/lib/hal/atca_hal.o
LOAD build/default/production/platform/cryptoauthlib/lib/hal/hal_i2c.o
LOAD build/default/production/platform/cryptoauthlib/lib/hal/hal_timer.o
LOAD build/default/production/platform/cryptoauthlib/lib/host/atca_host.o
LOAD build/default/production/platform/cryptoauthlib/lib/tls/atcatls.o
LOAD build/default/production/platform/cryptoauthlib/lib/tls/atcatls_cfg.o
LOAD build/default/production/platform/cryptoauthlib/lib/atca_cfgs.o
LOAD build/default/production/platform/cryptoauthlib/lib/atca_command.o
LOAD build/default/production/platform/cryptoauthlib/lib/atca_device.o
LOAD build/default/production/platform/cryptoauthlib/lib/atca_execution.o
LOAD build/default/production/platform/cryptoauthlib/lib/atca_iface.o
LOAD build/default/production/platform/drivers/i2c_master.o
LOAD build/default/production/platform/drivers/i2c_simple_master.o
LOAD build/default/production/platform/drivers/i2c_types.o
LOAD build/default/production/platform/drivers/spi_master.o
LOAD build/default/production/platform/drivers/timeout.o
LOAD build/default/production/platform/drivers/uart.o
LOAD build/default/production/platform/mqtt/mqtt_comm_bsd/mqtt_comm_layer.o
LOAD build/default/production/platform/mqtt/mqtt_core/mqtt_core.o
LOAD build/default/production/platform/mqtt/mqtt_exchange_buffer/mqtt_exchange_buffer.o
LOAD build/default/production/platform/mqtt/mqtt_packetTransfer_interface.o
LOAD build/default/production/platform/winc/bsp/source/nm_bsp_mega.o
LOAD build/default/production/platform/winc/bus_wrapper/source/nm_bus_wrapper_mega.o
LOAD build/default/production/platform/winc/common/source/nm_common.o
LOAD build/default/production/platform/winc/driver/source/m2m_ate_mode.o
LOAD build/default/production/platform/winc/driver/source/m2m_crypto.o
LOAD build/default/production/platform/winc/driver/source/m2m_hif.o
LOAD build/default/production/platform/winc/driver/source/m2m_ota.o
LOAD build/default/production/platform/winc/driver/source/m2m_periph.o
LOAD build/default/production/platform/winc/driver/source/m2m_ssl.o
LOAD build/default/production/platform/winc/driver/source/m2m_wifi.o
LOAD build/default/production/platform/winc/driver/source/nmasic.o
LOAD build/default/production/platform/winc/driver/source/nmbus.o
LOAD build/default/production/platform/winc/driver/source/nmdrv.o
LOAD build/default/production/platform/winc/driver/source/nmi2c.o
LOAD build/default/production/platform/winc/driver/source/nmspi.o
LOAD build/default/production/platform/winc/driver/source/nmuart.o
LOAD build/default/production/platform/winc/socket/source/socket.o
LOAD build/default/production/platform/winc/spi_flash/source/spi_flash.o
LOAD build/default/production/platform/adc1.o
LOAD build/default/production/platform/application_manager.o
LOAD build/default/production/platform/clock.o
LOAD build/default/production/platform/debug_print.o
LOAD build/default/production/platform/delay.o
LOAD build/default/production/platform/i2c2_driver.o
LOAD build/default/production/platform/interrupt_manager.o
LOAD build/default/production/platform/led.o
LOAD build/default/production/platform/mcc.o
LOAD build/default/production/platform/pin_manager.o
LOAD build/default/production/platform/sensors_handling.o
LOAD build/default/production/platform/spi1_driver.o
LOAD build/default/production/platform/system.o
LOAD build/default/production/platform/tmr1.o
LOAD build/default/production/platform/tmr2.o
LOAD build/default/production/platform/traps.o
LOAD build/default/production/platform/uart1.o
LOAD build/default/production/main.o
                    0x0001                  __MPLAB_BUILD = 0x1
LOAD pPIC24Fxxx
LOAD /Applications/microchip/xc16/v1.61/bin/bin/../../lib/libfx-elf.a
                    0x15f00                  __FSEC = 0x15f00
                    0x15f10                  __FBSLIM = 0x15f10
                    0x15f14                  __FSIGN = 0x15f14
                    0x15f18                  __FOSCSEL = 0x15f18
                    0x15f1c                  __FOSC = 0x15f1c
                    0x15f20                  __FWDT = 0x15f20
                    0x15f24                  __FPOR = 0x15f24
                    0x15f28                  __FICD = 0x15f28
                    0x15f2c                  __FDEVOPT1 = 0x15f2c
                    0x0100                  __CODE_BASE = 0x100
                    0x15e00                  __CODE_LENGTH = 0x15e00
                    0x0004                  __IVT_BASE = 0x4
                    0x0800                  __DATA_BASE = 0x800
                    0x4000                  __DATA_LENGTH = 0x4000

.reset            0x000000          0x4
                  0x000000          0x2 SHORT 0x100 ABSOLUTE (__reset)
                  0x000001          0x2 SHORT 0x4
                  0x000002          0x2 SHORT 0x0 ((ABSOLUTE (__reset) >> 0x10) & 0x7f)
                  0x000003          0x2 SHORT 0x0

.text             0x000100       0x29ae
 *(.init)
 .init            0x000100         0x4c /Applications/microchip/xc16/v1.61/bin/bin/../../lib/libpic30-elf.a(crt0_extended24.o)
                  0x000100                  __reset
                  0x000100                  __resetPRI
                  0x00013c                  __psv_init
 .init            0x00014c         0xb8 /Applications/microchip/xc16/v1.61/bin/bin/../../lib/libpic30-elf.a(data_init_24.o)
                  0x000152                  __data_init_da
                  0x000152                  __data_init
 *(.user_init)
 *(.handle)
 .handle          0x000204        0x1d4 jump_table
 *(.isr*)
 .isr.text._MI2C2Interrupt
                  0x0003d8         0x1a build/default/production/platform/i2c2_driver.o
                  0x0003d8                  __MI2C2Interrupt
 .isr.text._SI2C2Interrupt
                  0x0003f2         0x1a build/default/production/platform/i2c2_driver.o
                  0x0003f2                  __SI2C2Interrupt
 .isr.text._IOCInterrupt
                  0x00040c         0x46 build/default/production/platform/pin_manager.o
                  0x00040c                  __IOCInterrupt
 .isr.text._T1Interrupt
                  0x000452         0x2a build/default/production/platform/tmr1.o
                  0x000452                  __T1Interrupt
 .isr.text._OscillatorFail
                  0x00047c          0xa build/default/production/platform/traps.o
                  0x00047c                  __OscillatorFail
 .isr.text._StackError
                  0x000486          0xe build/default/production/platform/traps.o
                  0x000486                  __StackError
 .isr.text._AddressError
                  0x000494          0xa build/default/production/platform/traps.o
                  0x000494                  __AddressError
 .isr.text._MathError
                  0x00049e          0xa build/default/production/platform/traps.o
                  0x00049e                  __MathError
 .isr.text._NVMError
                  0x0004a8          0xa build/default/production/platform/traps.o
                  0x0004a8                  __NVMError
 .isr.text._U1TXInterrupt
                  0x0004b2         0x1a build/default/production/platform/uart1.o
                  0x0004b2                  __U1TXInterrupt
 .isr.text._U1RXInterrupt
                  0x0004cc         0x1a build/default/production/platform/uart1.o
                  0x0004cc                  __U1RXInterrupt
 .isr.text._U1ErrInterrupt
                  0x0004e6          0xa build/default/production/platform/uart1.o
                  0x0004e6                  __U1ErrInterrupt
 .isr             0x0004f0          0x4 default_isr
                  0x0004f0                  __DefaultInterrupt
 *(.libc)
 .libc            0x0004f4         0x16 /Applications/microchip/xc16/v1.61/bin/bin/../../lib/libpic30-elf.a(timeda.eo)
                  0x0004f4                  _time
 .libc            0x00050a         0x1c /Applications/microchip/xc16/v1.61/bin/bin/../../lib/libc-elf.a(isalnum.daeso)
                  0x00050a                  _isalnum
 .libc            0x000526         0x1c /Applications/microchip/xc16/v1.61/bin/bin/../../lib/libc-elf.a(isxdigit.daeso)
                  0x000526                  _isxdigit
 *(.libm)
 *(.libdsp)
 *(.lib*)
 .libc.write      0x000542         0x2a build/default/production/platform/uart1.o
                  0x000542                  _write
 .libpic30_crt_start_mode
                  0x00056c          0x2 /Applications/microchip/xc16/v1.61/bin/bin/../../lib/libpic30-elf.a(crt_start_mode_normalda.eo)
                  0x00056c                  __crt_start_mode_normal
                  0x00056c                  __crt_start_mode
 .libm.divsi3     0x00056e         0x1e /Applications/microchip/xc16/v1.61/bin/bin/../../lib/libm-elf.a(divsi3.daeo)
                  0x00056e                  ___divsi3
 .libm.eqsf2      0x00058c          0x4 /Applications/microchip/xc16/v1.61/bin/bin/../../lib/libm-elf.a(feqltle.daeo)
                  0x00058c                  ___lesf2
                  0x00058c                  ___eqsf2
                  0x00058c                  ___ltsf2
 .libm.gtsf2      0x000590          0x4 /Applications/microchip/xc16/v1.61/bin/bin/../../lib/libm-elf.a(fgtge.daeo)
                  0x000590                  ___gtsf2
                  0x000590                  ___gesf2
 .libm.fixsfsi    0x000594         0x42 /Applications/microchip/xc16/v1.61/bin/bin/../../lib/libm-elf.a(fixsfsi.daeo)
                  0x000594                  _(float, int, long long, short, float, short, int)
 .libm.floatunsisf
                  0x0005d6          0x4 /Applications/microchip/xc16/v1.61/bin/bin/../../lib/libm-elf.a(floatunsisf.daeo)
                  0x0005d6                  ___floatunsisf
 .libm.funpack    0x0005da         0x2a /Applications/microchip/xc16/v1.61/bin/bin/../../lib/libm-elf.a(funpack.daeo)
                  0x0005da                  __funpack
 .libm.mulsf3     0x000604         0x68 /Applications/microchip/xc16/v1.61/bin/bin/../../lib/libm-elf.a(mulsf3.daeo)
                  0x000604                  ___mulsf3
 .libm.udivsi3    0x00066c         0x20 /Applications/microchip/xc16/v1.61/bin/bin/../../lib/libm-elf.a(udivsi3.daeo)
                  0x00066c                  ___udivsi3
 .libm.umodsi3    0x00068c          0x6 /Applications/microchip/xc16/v1.61/bin/bin/../../lib/libm-elf.a(umodsi3.daeo)
                  0x00068c                  ___umodsi3
 .libm.subsf3     0x000692         0xbc /Applications/microchip/xc16/v1.61/bin/bin/../../lib/libm-elf.a(addsf3.daeo)
                  0x000692                  ___subsf3
                  0x000694                  ___addsf3
 .libm.fcompare
                  0x00074e         0x36 /Applications/microchip/xc16/v1.61/bin/bin/../../lib/libm-elf.a(fcompare.daeo)
                  0x00074e                  __fcompare
 .libm.floatundisf
                  0x000784         0x5e /Applications/microchip/xc16/v1.61/bin/bin/../../lib/libm-elf.a(floatundisf.daeo)
                  0x000784                  ___floatundisf
 .libm.fpack      0x0007e2         0x4c /Applications/microchip/xc16/v1.61/bin/bin/../../lib/libm-elf.a(fpack.daeo)
                  0x0007e2                  __fpack
 .libm.funpack2
                  0x00082e         0x10 /Applications/microchip/xc16/v1.61/bin/bin/../../lib/libm-elf.a(funpack2.daeo)
                  0x00082e                  __funpack2
 .libm.fPropagateNaN
                  0x00083e         0x12 /Applications/microchip/xc16/v1.61/bin/bin/../../lib/libm-elf.a(futil.daeo)
                  0x00083e                  __fPropagateNaN
 .libm.fbobExit
                  0x000850          0x8 /Applications/microchip/xc16/v1.61/bin/bin/../../lib/libm-elf.a(futil.daeo)
                  0x000850                  __fbopExit
 .libm.fbopReturnNaN
                  0x000858          0x6 /Applications/microchip/xc16/v1.61/bin/bin/../../lib/libm-elf.a(futil.daeo)
                  0x000858                  __fbopReturnNaN
 .libc._sprintf_cdnopsuxX
                  0x00085e         0x2c /Applications/microchip/xc16/v1.61/bin/bin/../../lib/libc-elf.a(sprintf_cdnopsuxX.DAeo)
                  0x00085e                  __sprintf_cdnopsuxX
                  0x00085e                  __sprintf_0
                  0x00085e                  __sprintf_s
                  0x00085e                  __sprintf_cdnopuxX
 .libc.sputc      0x00088a         0x12 /Applications/microchip/xc16/v1.61/bin/bin/../../lib/libc-elf.a(doprnt_cdnopsuxX.DAeo)
 .libc._vfprintf_cdnopsuxX
                  0x00089c        0x54c /Applications/microchip/xc16/v1.61/bin/bin/../../lib/libc-elf.a(doprnt_cdnopsuxX.DAeo)
                  0x00089c                  __vfprintf_s
                  0x00089c                  __vfprintf_cdnopuxX
                  0x00089c                  __vfprintf_cdnopsuxX
                  0x00089c                  __vfprintf_0
 .libc._printf_cdnopsuxX
                  0x000de8          0xe /Applications/microchip/xc16/v1.61/bin/bin/../../lib/libc-elf.a(printf_cdnopsuxX.DAeo)
                  0x000de8                  __printf_cdnopsuxX
                  0x000de8                  __printf_0
                  0x000de8                  __printf_s
                  0x000de8                  __printf_cdnopuxX
 .libc.atoi       0x000df6         0x3e /Applications/microchip/xc16/v1.61/bin/bin/../../lib/libc-elf.a(atoi.daeo)
                  0x000df6                  _atoi
 .libc.put2d      0x000e34         0x22 /Applications/microchip/xc16/v1.61/bin/bin/../../lib/libc-elf.a(ctime.daeo)
 .libc.dylen      0x000e56         0x2a /Applications/microchip/xc16/v1.61/bin/bin/../../lib/libc-elf.a(ctime.daeo)
 .libc.gmtime     0x000e80         0x82 /Applications/microchip/xc16/v1.61/bin/bin/../../lib/libc-elf.a(ctime.daeo)
                  0x000e80                  _gmtime
 .libc.localtime
                  0x000f02         0x18 /Applications/microchip/xc16/v1.61/bin/bin/../../lib/libc-elf.a(ctime.daeo)
                  0x000f02                  _localtime
 .libc.asctime    0x000f1a         0x8c /Applications/microchip/xc16/v1.61/bin/bin/../../lib/libc-elf.a(ctime.daeo)
                  0x000f1a                  _asctime
 .libc.ctime      0x000fa6          0x4 /Applications/microchip/xc16/v1.61/bin/bin/../../lib/libc-elf.a(ctime.daeo)
                  0x000fa6                  _ctime
 .libc.fputc      0x000faa         0x86 /Applications/microchip/xc16/v1.61/bin/bin/../../lib/libc-elf.a(fputc.daeo)
                  0x000faa                  _fputc
 .libc.memcmp     0x001030         0x32 /Applications/microchip/xc16/v1.61/bin/bin/../../lib/libc-elf.a(memcmp.daeo)
                  0x001030                  _memcmp
 .libc.memcpy     0x001062          0xe /Applications/microchip/xc16/v1.61/bin/bin/../../lib/libc-elf.a(memcpy.daeo)
                  0x001062                  _memcpy
 .libc.memmove    0x001070         0x24 /Applications/microchip/xc16/v1.61/bin/bin/../../lib/libc-elf.a(memmove.daeo)
                  0x001070                  _memmove
 .libc.isleap     0x001094         0x2a /Applications/microchip/xc16/v1.61/bin/bin/../../lib/libc-elf.a(mktime.daeo)
 .libc.months_to_days
                  0x0010be         0x10 /Applications/microchip/xc16/v1.61/bin/bin/../../lib/libc-elf.a(mktime.daeo)
 .libc.years_to_days
                  0x0010ce         0x2c /Applications/microchip/xc16/v1.61/bin/bin/../../lib/libc-elf.a(mktime.daeo)
 .libc.ymd_to_scalar
                  0x0010fa         0x36 /Applications/microchip/xc16/v1.61/bin/bin/../../lib/libc-elf.a(mktime.daeo)
 .libc.mktime     0x001130         0x84 /Applications/microchip/xc16/v1.61/bin/bin/../../lib/libc-elf.a(mktime.daeo)
                  0x001130                  _mktime
 .libc.printf     0x0011b4          0xe /Applications/microchip/xc16/v1.61/bin/bin/../../lib/libc-elf.a(printf.daeo)
                  0x0011b4                  _printf
 .libc.fputs      0x0011c2         0x1c /Applications/microchip/xc16/v1.61/bin/bin/../../lib/libc-elf.a(puts.daeo)
                  0x0011c2                  _fputs
 .libc.puts       0x0011de         0x14 /Applications/microchip/xc16/v1.61/bin/bin/../../lib/libc-elf.a(puts.daeo)
                  0x0011de                  _puts
 .libc.strcat     0x0011f2         0x14 /Applications/microchip/xc16/v1.61/bin/bin/../../lib/libc-elf.a(strcat.daeo)
                  0x0011f2                  _strcat
 .libc.strchr     0x001206         0x14 /Applications/microchip/xc16/v1.61/bin/bin/../../lib/libc-elf.a(strchr.daeo)
                  0x001206                  _strchr
 .libc.strcmp     0x00121a          0xe /Applications/microchip/xc16/v1.61/bin/bin/../../lib/libc-elf.a(strcmp.daeo)
                  0x00121a                  _strcmp
 .libc.strcpy     0x001228          0xc /Applications/microchip/xc16/v1.61/bin/bin/../../lib/libc-elf.a(strcpy.daeo)
                  0x001228                  _strcpy
 .libc.strfmt     0x001234         0x72 /Applications/microchip/xc16/v1.61/bin/bin/../../lib/libc-elf.a(strftime.daeo)
 .libc.strftime
                  0x0012a6        0x23a /Applications/microchip/xc16/v1.61/bin/bin/../../lib/libc-elf.a(strftime.daeo)
                  0x0012a6                  _strftime
 .libc.strlen     0x0014e0          0xc /Applications/microchip/xc16/v1.61/bin/bin/../../lib/libc-elf.a(strlen.daeo)
                  0x0014e0                  _strlen
 .libc.strncpy    0x0014ec         0x22 /Applications/microchip/xc16/v1.61/bin/bin/../../lib/libc-elf.a(strncpy.daeo)
                  0x0014ec                  _strncpy
 .libc.strtok     0x00150e         0x3a /Applications/microchip/xc16/v1.61/bin/bin/../../lib/libc-elf.a(strtok.daeo)
                  0x00150e                  _strtok
 .libc.vprintf    0x001548          0x8 /Applications/microchip/xc16/v1.61/bin/bin/../../lib/libc-elf.a(vprintf.daeo)
                  0x001548                  _vprintf
 .libc.fround     0x001550         0x84 /Applications/microchip/xc16/v1.61/bin/bin/../../lib/libc-elf.a(doprnt.daeo)
 .libc.scale      0x0015d4         0xaa /Applications/microchip/xc16/v1.61/bin/bin/../../lib/libc-elf.a(doprnt.daeo)
 .libc.sputc      0x00167e         0x12 /Applications/microchip/xc16/v1.61/bin/bin/../../lib/libc-elf.a(doprnt.daeo)
 .libc.vfprintf
                  0x001690       0x1178 /Applications/microchip/xc16/v1.61/bin/bin/../../lib/libc-elf.a(doprnt.daeo)
                  0x001690                  _vfprintf
 .libc._flsbuf    0x002808         0x7e /Applications/microchip/xc16/v1.61/bin/bin/../../lib/libc-elf.a(flsbuf.daeo)
                  0x002808                  __flsbuf
 .libc.strcspn    0x002886         0x26 /Applications/microchip/xc16/v1.61/bin/bin/../../lib/libc-elf.a(strcspn.daeo)
                  0x002886                  _strcspn
 .libc.strspn     0x0028ac         0x26 /Applications/microchip/xc16/v1.61/bin/bin/../../lib/libc-elf.a(strspn.daeo)
                  0x0028ac                  _strspn
 .libm.divfs3     0x0028d2         0x84 /Applications/microchip/xc16/v1.61/bin/bin/../../lib/libm-elf.a(divsf3.daeo)
                  0x0028d2                  ___divsf3
 .libm.fixunssfsi
                  0x002956         0x36 /Applications/microchip/xc16/v1.61/bin/bin/../../lib/libm-elf.a(fixunssfsi.daeo)
                  0x002956                  ___fixunssfsi
 .libm.nesf2      0x00298c          0x4 /Applications/microchip/xc16/v1.61/bin/bin/../../lib/libm-elf.a(fne.daeo)
                  0x00298c                  ___nesf2
 .libm.frexpf     0x002990          0x6 /Applications/microchip/xc16/v1.61/bin/bin/../../lib/libm-elf.a(frexpf.daeo)
                  0x002990                  _frexpf
 .libm.truncdfsf2
                  0x002996         0x56 /Applications/microchip/xc16/v1.61/bin/bin/../../lib/libm-elf.a(truncdfsf.daeo)
                  0x002996                  ___truncdfsf2
 .libm.mulsi3     0x0029ec          0xc /Applications/microchip/xc16/v1.61/bin/bin/../../lib/libm-elf.a(mulsi3.daeo)
                  0x0029ec                  ___mulp32eds3
                  0x0029ec                  ___mulp32peds3
                  0x0029ec                  ___mulsi3
 .libm.frexpf     0x0029f8         0x1a /Applications/microchip/xc16/v1.61/bin/bin/../../lib/libm-elf.a(_frexpf.daeo)
                  0x0029f8                  __frexpf
 .libm.dunpack    0x002a12         0x4e /Applications/microchip/xc16/v1.61/bin/bin/../../lib/libm-elf.a(dunpack.daeo)
                  0x002a12                  __dunpack
 .libm.dunpack2
                  0x002a60         0x32 /Applications/microchip/xc16/v1.61/bin/bin/../../lib/libm-elf.a(dunpack2.daeo)
                  0x002a60                  __dunpack2
                  0x002a82                  __dreturnNaN
                  0x002a88                  __dunpack2exit
 .libm.dPropagateNaN
                  0x002a92         0x1c /Applications/microchip/xc16/v1.61/bin/bin/../../lib/libm-elf.a(dpropagateNaN.daeo)
                  0x002a92                  __dPropagateNaN

usercode
 *(usercode)

__FSEC            0x015f00          0x2
 *(__FSEC.sec*)
 __FSEC.sec       0x015f00          0x2 /CW/_FSEC
                  0x015f00                  __FSEC.sec

__FBSLIM
 *(__FBSLIM.sec*)

__FSIGN
 *(__FSIGN.sec*)

__FOSCSEL
 *(__FOSCSEL.sec*)

__FOSC
 *(__FOSC.sec*)

__FWDT
 *(__FWDT.sec*)

__FPOR
 *(__FPOR.sec*)

__FICD
 *(__FICD.sec*)

__FDEVOPT1
 *(__FDEVOPT1.sec*)

.comment
 *(.comment)

.debug_info       0x000000      0x68db0
 *(.debug_info)
 .debug_info      0x000000       0x1de7 build/default/production/azure-sdk-for-c/sdk/src/azure/core/az_json_reader.o
 .debug_info      0x001de7       0x18a0 build/default/production/azure-sdk-for-c/sdk/src/azure/core/az_json_token.o
 .debug_info      0x003687       0x2a4a build/default/production/azure-sdk-for-c/sdk/src/azure/core/az_json_writer.o
 .debug_info      0x0060d1        0x519 build/default/production/azure-sdk-for-c/sdk/src/azure/core/az_log.o
 .debug_info      0x0065ea        0x344 build/default/production/azure-sdk-for-c/sdk/src/azure/core/az_precondition.o
 .debug_info      0x00692e       0x2ae5 build/default/production/azure-sdk-for-c/sdk/src/azure/core/az_span.o
 .debug_info      0x009413       0x12aa build/default/production/azure-sdk-for-c/sdk/src/azure/iot/az_iot_common.o
 .debug_info      0x00a6bd        0xcf8 build/default/production/azure-sdk-for-c/sdk/src/azure/iot/az_iot_hub_client.o
 .debug_info      0x00b3b5        0xb60 build/default/production/azure-sdk-for-c/sdk/src/azure/iot/az_iot_hub_client_c2d.o
 .debug_info      0x00bf15        0xd2b build/default/production/azure-sdk-for-c/sdk/src/azure/iot/az_iot_hub_client_methods.o
 .debug_info      0x00cc40        0xf0a build/default/production/azure-sdk-for-c/sdk/src/azure/iot/az_iot_hub_client_sas.o
 .debug_info      0x00db4a        0x90a build/default/production/azure-sdk-for-c/sdk/src/azure/iot/az_iot_hub_client_telemetry.o
 .debug_info      0x00e454       0x1452 build/default/production/azure-sdk-for-c/sdk/src/azure/iot/az_iot_hub_client_twin.o
 .debug_info      0x00f8a6       0x2731 build/default/production/azure-sdk-for-c/sdk/src/azure/iot/az_iot_provisioning_client.o
 .debug_info      0x011fd7        0xe63 build/default/production/azure-sdk-for-c/sdk/src/azure/iot/az_iot_provisioning_client_sas.o
 .debug_info      0x012e3a        0xc09 build/default/production/azure-sdk-for-c/sdk/src/azure/iot/az_iot_pnp_client.o
 .debug_info      0x013a43        0xd9f build/default/production/azure-sdk-for-c/sdk/src/azure/iot/az_iot_pnp_client_commands.o
 .debug_info      0x0147e2       0x222d build/default/production/azure-sdk-for-c/sdk/src/azure/iot/az_iot_pnp_client_property.o
 .debug_info      0x016a0f        0x583 build/default/production/azure-sdk-for-c/sdk/src/azure/iot/az_iot_pnp_client_sas.o
 .debug_info      0x016f92        0xa59 build/default/production/azure-sdk-for-c/sdk/src/azure/iot/az_iot_pnp_client_telemetry.o
 .debug_info      0x0179eb        0xc0c build/default/production/platform/cli/cli.o
 .debug_info      0x0185f7       0x1a7e build/default/production/platform/cloud/bsd_adapter/bsdWINC.o
 .debug_info      0x01a075       0x1503 build/default/production/platform/cloud/crypto_client/crypto_client.o
 .debug_info      0x01b578        0xbf0 build/default/production/platform/cloud/crypto_client/cryptoauthlib_main.o
 .debug_info      0x01c168        0x326 build/default/production/platform/cloud/crypto_client/hmac-sha256.o
 .debug_info      0x01c48e       0x12b3 build/default/production/mqtt_packetPopulation/mqtt_iothub_packetPopulate.o
 .debug_info      0x01d741       0x17fe build/default/production/mqtt_packetPopulation/mqtt_iotprovisioning_packetPopulate.o
 .debug_info      0x01ef3f        0x2ea build/default/production/mqtt_packetPopulation/mqtt_packetPopulate.o
 .debug_info      0x01f229       0x148e build/default/production/platform/cloud/cloud_service.o
 .debug_info      0x0206b7       0x18dc build/default/production/platform/cloud/wifi_service.o
 .debug_info      0x021f93        0x221 build/default/production/platform/credentials_storage/credentials_storage.o
 .debug_info      0x0221b4       0x10c0 build/default/production/platform/cryptoauthlib/lib/atcacert/atcacert_client.o
 .debug_info      0x023274        0xd69 build/default/production/platform/cryptoauthlib/lib/atcacert/atcacert_date.o
 .debug_info      0x023fdd       0x203c build/default/production/platform/cryptoauthlib/lib/atcacert/atcacert_def.o
 .debug_info      0x026019        0x6f6 build/default/production/platform/cryptoauthlib/lib/atcacert/atcacert_der.o
 .debug_info      0x02670f        0xc8b build/default/production/platform/cryptoauthlib/lib/atcacert/atcacert_host_hw.o
 .debug_info      0x02739a        0x956 build/default/production/platform/cryptoauthlib/lib/atcacert/atcacert_host_sw.o
 .debug_info      0x027cf0        0x821 build/default/production/platform/cryptoauthlib/lib/atcacert/atcacert_pem.o
 .debug_info      0x028511        0xf0b build/default/production/platform/cryptoauthlib/lib/basic/atca_basic.o
 .debug_info      0x02941c       0x1248 build/default/production/platform/cryptoauthlib/lib/basic/atca_basic_aes.o
 .debug_info      0x02a664        0xc89 build/default/production/platform/cryptoauthlib/lib/basic/atca_basic_checkmac.o
 .debug_info      0x02b2ed        0xce2 build/default/production/platform/cryptoauthlib/lib/basic/atca_basic_counter.o
 .debug_info      0x02bfcf        0xc63 build/default/production/platform/cryptoauthlib/lib/basic/atca_basic_derivekey.o
 .debug_info      0x02cc32        0xf62 build/default/production/platform/cryptoauthlib/lib/basic/atca_basic_ecdh.o
 .debug_info      0x02db94        0xc99 build/default/production/platform/cryptoauthlib/lib/basic/atca_basic_gendig.o
 .debug_info      0x02e82d        0xcf1 build/default/production/platform/cryptoauthlib/lib/basic/atca_basic_genkey.o
 .debug_info      0x02f51e        0xc4d build/default/production/platform/cryptoauthlib/lib/basic/atca_basic_hmac.o
 .debug_info      0x03016b        0xd3e build/default/production/platform/cryptoauthlib/lib/basic/atca_basic_info.o
 .debug_info      0x030ea9        0xcae build/default/production/platform/cryptoauthlib/lib/basic/atca_basic_kdf.o
 .debug_info      0x031b57        0xd45 build/default/production/platform/cryptoauthlib/lib/basic/atca_basic_lock.o
 .debug_info      0x03289c        0xc69 build/default/production/platform/cryptoauthlib/lib/basic/atca_basic_mac.o
 .debug_info      0x033505        0xddb build/default/production/platform/cryptoauthlib/lib/basic/atca_basic_nonce.o
 .debug_info      0x0342e0       0x1075 build/default/production/platform/cryptoauthlib/lib/basic/atca_basic_privwrite.o
 .debug_info      0x035355        0xc35 build/default/production/platform/cryptoauthlib/lib/basic/atca_basic_random.o
 .debug_info      0x035f8a       0x14af build/default/production/platform/cryptoauthlib/lib/basic/atca_basic_read.o
 .debug_info      0x037439       0x10c6 build/default/production/platform/cryptoauthlib/lib/basic/atca_basic_secureboot.o
 .debug_info      0x0384ff        0xc67 build/default/production/platform/cryptoauthlib/lib/basic/atca_basic_selftest.o
 .debug_info      0x039166       0x12c3 build/default/production/platform/cryptoauthlib/lib/basic/atca_basic_sha.o
 .debug_info      0x03a429        0xd6b build/default/production/platform/cryptoauthlib/lib/basic/atca_basic_sign.o
 .debug_info      0x03b194        0xc4e build/default/production/platform/cryptoauthlib/lib/basic/atca_basic_updateextra.o
 .debug_info      0x03bde2       0x1263 build/default/production/platform/cryptoauthlib/lib/basic/atca_basic_verify.o
 .debug_info      0x03d045       0x1462 build/default/production/platform/cryptoauthlib/lib/basic/atca_basic_write.o
 .debug_info      0x03e4a7        0xe1b build/default/production/platform/cryptoauthlib/lib/basic/atca_helpers.o
 .debug_info      0x03f2c2        0x46b build/default/production/platform/cryptoauthlib/lib/crypto/hashes/sha1_routines.o
 .debug_info      0x03f72d        0x55b build/default/production/platform/cryptoauthlib/lib/crypto/hashes/sha2_routines.o
 .debug_info      0x03fc88        0x4ea build/default/production/platform/cryptoauthlib/lib/crypto/atca_crypto_sw_ecdsa.o
 .debug_info      0x040172        0x4d4 build/default/production/platform/cryptoauthlib/lib/crypto/atca_crypto_sw_rand.o
 .debug_info      0x040646        0x6c1 build/default/production/platform/cryptoauthlib/lib/crypto/atca_crypto_sw_sha1.o
 .debug_info      0x040d07        0x6c9 build/default/production/platform/cryptoauthlib/lib/crypto/atca_crypto_sw_sha2.o
 .debug_info      0x0413d0        0xc12 build/default/production/platform/cryptoauthlib/lib/hal/atca_hal.o
 .debug_info      0x041fe2        0xe90 build/default/production/platform/cryptoauthlib/lib/hal/hal_i2c.o
 .debug_info      0x042e72        0x1ba build/default/production/platform/cryptoauthlib/lib/hal/hal_timer.o
 .debug_info      0x04302c       0x186f build/default/production/platform/cryptoauthlib/lib/host/atca_host.o
 .debug_info      0x04489b       0x1b66 build/default/production/platform/cryptoauthlib/lib/tls/atcatls.o
 .debug_info      0x046401       0x1390 build/default/production/platform/cryptoauthlib/lib/tls/atcatls_cfg.o
 .debug_info      0x047791        0xa2e build/default/production/platform/cryptoauthlib/lib/atca_cfgs.o
 .debug_info      0x0481bf        0xe92 build/default/production/platform/cryptoauthlib/lib/atca_command.o
 .debug_info      0x049051        0xbed build/default/production/platform/cryptoauthlib/lib/atca_device.o
 .debug_info      0x049c3e        0xe75 build/default/production/platform/cryptoauthlib/lib/atca_execution.o
 .debug_info      0x04aab3        0xd74 build/default/production/platform/cryptoauthlib/lib/atca_iface.o
 .debug_info      0x04b827        0xc4b build/default/production/platform/drivers/i2c_master.o
 .debug_info      0x04c472        0x612 build/default/production/platform/drivers/i2c_simple_master.o
 .debug_info      0x04ca84        0x29c build/default/production/platform/drivers/i2c_types.o
 .debug_info      0x04cd20        0x3c4 build/default/production/platform/drivers/spi_master.o
 .debug_info      0x04d0e4        0xba4 build/default/production/platform/drivers/timeout.o
 .debug_info      0x04dc88        0x2b5 build/default/production/platform/drivers/uart.o
 .debug_info      0x04df3d        0x512 build/default/production/platform/mqtt/mqtt_comm_bsd/mqtt_comm_layer.o
 .debug_info      0x04e44f       0x2184 build/default/production/platform/mqtt/mqtt_core/mqtt_core.o
 .debug_info      0x0505d3        0x395 build/default/production/platform/mqtt/mqtt_exchange_buffer/mqtt_exchange_buffer.o
 .debug_info      0x050968        0x2c4 build/default/production/platform/mqtt/mqtt_packetTransfer_interface.o
 .debug_info      0x050c2c        0x6b8 build/default/production/platform/winc/bsp/source/nm_bsp_mega.o
 .debug_info      0x0512e4        0x9f4 build/default/production/platform/winc/bus_wrapper/source/nm_bus_wrapper_mega.o
 .debug_info      0x051cd8        0x3c0 build/default/production/platform/winc/common/source/nm_common.o
 .debug_info      0x052098        0x139 build/default/production/platform/winc/driver/source/m2m_crypto.o
 .debug_info      0x0521d1        0x957 build/default/production/platform/winc/driver/source/m2m_hif.o
 .debug_info      0x052b28        0xb50 build/default/production/platform/winc/driver/source/m2m_ota.o
 .debug_info      0x053678        0x139 build/default/production/platform/winc/driver/source/m2m_periph.o
 .debug_info      0x0537b1        0x983 build/default/production/platform/winc/driver/source/m2m_ssl.o
 .debug_info      0x054134       0x3916 build/default/production/platform/winc/driver/source/m2m_wifi.o
 .debug_info      0x057a4a        0x909 build/default/production/platform/winc/driver/source/nmasic.o
 .debug_info      0x058353        0x53a build/default/production/platform/winc/driver/source/nmbus.o
 .debug_info      0x05888d        0x659 build/default/production/platform/winc/driver/source/nmdrv.o
 .debug_info      0x058ee6        0x11c build/default/production/platform/winc/driver/source/nmi2c.o
 .debug_info      0x059002        0xb79 build/default/production/platform/winc/driver/source/nmspi.o
 .debug_info      0x059b7b        0x11d build/default/production/platform/winc/driver/source/nmuart.o
 .debug_info      0x059c98       0x1ed5 build/default/production/platform/winc/socket/source/socket.o
 .debug_info      0x05bb6d        0x930 build/default/production/platform/winc/spi_flash/source/spi_flash.o
 .debug_info      0x05c49d        0xa1f build/default/production/platform/adc1.o
 .debug_info      0x05cebc        0xd5a build/default/production/platform/application_manager.o
 .debug_info      0x05dc16        0x509 build/default/production/platform/clock.o
 .debug_info      0x05e11f        0x3db build/default/production/platform/debug_print.o
 .debug_info      0x05e4fa        0x1c4 build/default/production/platform/delay.o
 .debug_info      0x05e6be        0xf10 build/default/production/platform/i2c2_driver.o
 .debug_info      0x05f5ce        0xdb7 build/default/production/platform/interrupt_manager.o
 .debug_info      0x060385        0xa13 build/default/production/platform/led.o
 .debug_info      0x060d98        0x17f build/default/production/platform/mcc.o
 .debug_info      0x060f17        0xf1b build/default/production/platform/pin_manager.o
 .debug_info      0x061e32        0x29a build/default/production/platform/sensors_handling.o
 .debug_info      0x0620cc        0xa5c build/default/production/platform/spi1_driver.o
 .debug_info      0x062b28        0x17e build/default/production/platform/system.o
 .debug_info      0x062ca6        0x9a6 build/default/production/platform/tmr1.o
 .debug_info      0x06364c        0x82f build/default/production/platform/tmr2.o
 .debug_info      0x063e7b        0x41c build/default/production/platform/traps.o
 .debug_info      0x064297       0x11a0 build/default/production/platform/uart1.o
 .debug_info      0x065437       0x3979 build/default/production/main.o
 *(.gnu.linkonce.wi.*)

.debug_abbrev     0x000000       0xaac7
 *(.debug_abbrev)
 .debug_abbrev    0x000000        0x2a8 build/default/production/azure-sdk-for-c/sdk/src/azure/core/az_json_reader.o
 .debug_abbrev    0x0002a8        0x1f6 build/default/production/azure-sdk-for-c/sdk/src/azure/core/az_json_token.o
 .debug_abbrev    0x00049e        0x2cb build/default/production/azure-sdk-for-c/sdk/src/azure/core/az_json_writer.o
 .debug_abbrev    0x000769        0x111 build/default/production/azure-sdk-for-c/sdk/src/azure/core/az_log.o
 .debug_abbrev    0x00087a         0xc5 build/default/production/azure-sdk-for-c/sdk/src/azure/core/az_precondition.o
 .debug_abbrev    0x00093f        0x265 build/default/production/azure-sdk-for-c/sdk/src/azure/core/az_span.o
 .debug_abbrev    0x000ba4        0x15c build/default/production/azure-sdk-for-c/sdk/src/azure/iot/az_iot_common.o
 .debug_abbrev    0x000d00        0x18b build/default/production/azure-sdk-for-c/sdk/src/azure/iot/az_iot_hub_client.o
 .debug_abbrev    0x000e8b        0x15a build/default/production/azure-sdk-for-c/sdk/src/azure/iot/az_iot_hub_client_c2d.o
 .debug_abbrev    0x000fe5        0x192 build/default/production/azure-sdk-for-c/sdk/src/azure/iot/az_iot_hub_client_methods.o
 .debug_abbrev    0x001177        0x167 build/default/production/azure-sdk-for-c/sdk/src/azure/iot/az_iot_hub_client_sas.o
 .debug_abbrev    0x0012de        0x111 build/default/production/azure-sdk-for-c/sdk/src/azure/iot/az_iot_hub_client_telemetry.o
 .debug_abbrev    0x0013ef        0x1c8 build/default/production/azure-sdk-for-c/sdk/src/azure/iot/az_iot_hub_client_twin.o
 .debug_abbrev    0x0015b7        0x2ab build/default/production/azure-sdk-for-c/sdk/src/azure/iot/az_iot_provisioning_client.o
 .debug_abbrev    0x001862        0x167 build/default/production/azure-sdk-for-c/sdk/src/azure/iot/az_iot_provisioning_client_sas.o
 .debug_abbrev    0x0019c9        0x155 build/default/production/azure-sdk-for-c/sdk/src/azure/iot/az_iot_pnp_client.o
 .debug_abbrev    0x001b1e        0x185 build/default/production/azure-sdk-for-c/sdk/src/azure/iot/az_iot_pnp_client_commands.o
 .debug_abbrev    0x001ca3        0x22f build/default/production/azure-sdk-for-c/sdk/src/azure/iot/az_iot_pnp_client_property.o
 .debug_abbrev    0x001ed2         0x9e build/default/production/azure-sdk-for-c/sdk/src/azure/iot/az_iot_pnp_client_sas.o
 .debug_abbrev    0x001f70        0x111 build/default/production/azure-sdk-for-c/sdk/src/azure/iot/az_iot_pnp_client_telemetry.o
 .debug_abbrev    0x002081        0x220 build/default/production/platform/cli/cli.o
 .debug_abbrev    0x0022a1        0x262 build/default/production/platform/cloud/bsd_adapter/bsdWINC.o
 .debug_abbrev    0x002503        0x1fe build/default/production/platform/cloud/crypto_client/crypto_client.o
 .debug_abbrev    0x002701        0x10a build/default/production/platform/cloud/crypto_client/cryptoauthlib_main.o
 .debug_abbrev    0x00280b         0xc9 build/default/production/platform/cloud/crypto_client/hmac-sha256.o
 .debug_abbrev    0x0028d4        0x23c build/default/production/mqtt_packetPopulation/mqtt_iothub_packetPopulate.o
 .debug_abbrev    0x002b10        0x28a build/default/production/mqtt_packetPopulation/mqtt_iotprovisioning_packetPopulate.o
 .debug_abbrev    0x002d9a         0x9d build/default/production/mqtt_packetPopulation/mqtt_packetPopulate.o
 .debug_abbrev    0x002e37        0x2fb build/default/production/platform/cloud/cloud_service.o
 .debug_abbrev    0x003132        0x264 build/default/production/platform/cloud/wifi_service.o
 .debug_abbrev    0x003396         0x8a build/default/production/platform/credentials_storage/credentials_storage.o
 .debug_abbrev    0x003420        0x138 build/default/production/platform/cryptoauthlib/lib/atcacert/atcacert_client.o
 .debug_abbrev    0x003558        0x1b2 build/default/production/platform/cryptoauthlib/lib/atcacert/atcacert_date.o
 .debug_abbrev    0x00370a        0x1d8 build/default/production/platform/cryptoauthlib/lib/atcacert/atcacert_def.o
 .debug_abbrev    0x0038e2        0x122 build/default/production/platform/cryptoauthlib/lib/atcacert/atcacert_der.o
 .debug_abbrev    0x003a04         0xfd build/default/production/platform/cryptoauthlib/lib/atcacert/atcacert_host_hw.o
 .debug_abbrev    0x003b01         0xe1 build/default/production/platform/cryptoauthlib/lib/atcacert/atcacert_host_sw.o
 .debug_abbrev    0x003be2         0xbc build/default/production/platform/cryptoauthlib/lib/atcacert/atcacert_pem.o
 .debug_abbrev    0x003c9e        0x1b4 build/default/production/platform/cryptoauthlib/lib/basic/atca_basic.o
 .debug_abbrev    0x003e52        0x1c4 build/default/production/platform/cryptoauthlib/lib/basic/atca_basic_aes.o
 .debug_abbrev    0x004016        0x113 build/default/production/platform/cryptoauthlib/lib/basic/atca_basic_checkmac.o
 .debug_abbrev    0x004129        0x11b build/default/production/platform/cryptoauthlib/lib/basic/atca_basic_counter.o
 .debug_abbrev    0x004244        0x113 build/default/production/platform/cryptoauthlib/lib/basic/atca_basic_derivekey.o
 .debug_abbrev    0x004357        0x14d build/default/production/platform/cryptoauthlib/lib/basic/atca_basic_ecdh.o
 .debug_abbrev    0x0044a4        0x113 build/default/production/platform/cryptoauthlib/lib/basic/atca_basic_gendig.o
 .debug_abbrev    0x0045b7        0x122 build/default/production/platform/cryptoauthlib/lib/basic/atca_basic_genkey.o
 .debug_abbrev    0x0046d9        0x10c build/default/production/platform/cryptoauthlib/lib/basic/atca_basic_hmac.o
 .debug_abbrev    0x0047e5        0x146 build/default/production/platform/cryptoauthlib/lib/basic/atca_basic_info.o
 .debug_abbrev    0x00492b        0x113 build/default/production/platform/cryptoauthlib/lib/basic/atca_basic_kdf.o
 .debug_abbrev    0x004a3e        0x132 build/default/production/platform/cryptoauthlib/lib/basic/atca_basic_lock.o
 .debug_abbrev    0x004b70        0x113 build/default/production/platform/cryptoauthlib/lib/basic/atca_basic_mac.o
 .debug_abbrev    0x004c83        0x122 build/default/production/platform/cryptoauthlib/lib/basic/atca_basic_nonce.o
 .debug_abbrev    0x004da5        0x1a4 build/default/production/platform/cryptoauthlib/lib/basic/atca_basic_privwrite.o
 .debug_abbrev    0x004f49        0x10c build/default/production/platform/cryptoauthlib/lib/basic/atca_basic_random.o
 .debug_abbrev    0x005055        0x220 build/default/production/platform/cryptoauthlib/lib/basic/atca_basic_read.o
 .debug_abbrev    0x005275        0x155 build/default/production/platform/cryptoauthlib/lib/basic/atca_basic_secureboot.o
 .debug_abbrev    0x0053ca        0x10c build/default/production/platform/cryptoauthlib/lib/basic/atca_basic_selftest.o
 .debug_abbrev    0x0054d6        0x1d1 build/default/production/platform/cryptoauthlib/lib/basic/atca_basic_sha.o
 .debug_abbrev    0x0056a7        0x131 build/default/production/platform/cryptoauthlib/lib/basic/atca_basic_sign.o
 .debug_abbrev    0x0057d8        0x10c build/default/production/platform/cryptoauthlib/lib/basic/atca_basic_updateextra.o
 .debug_abbrev    0x0058e4        0x1b8 build/default/production/platform/cryptoauthlib/lib/basic/atca_basic_verify.o
 .debug_abbrev    0x005a9c        0x213 build/default/production/platform/cryptoauthlib/lib/basic/atca_basic_write.o
 .debug_abbrev    0x005caf        0x18f build/default/production/platform/cryptoauthlib/lib/basic/atca_helpers.o
 .debug_abbrev    0x005e3e         0xc1 build/default/production/platform/cryptoauthlib/lib/crypto/hashes/sha1_routines.o
 .debug_abbrev    0x005eff        0x117 build/default/production/platform/cryptoauthlib/lib/crypto/hashes/sha2_routines.o
 .debug_abbrev    0x006016         0x7a build/default/production/platform/cryptoauthlib/lib/crypto/atca_crypto_sw_ecdsa.o
 .debug_abbrev    0x006090         0x73 build/default/production/platform/cryptoauthlib/lib/crypto/atca_crypto_sw_rand.o
 .debug_abbrev    0x006103         0xdd build/default/production/platform/cryptoauthlib/lib/crypto/atca_crypto_sw_sha1.o
 .debug_abbrev    0x0061e0         0xdd build/default/production/platform/cryptoauthlib/lib/crypto/atca_crypto_sw_sha2.o
 .debug_abbrev    0x0062bd        0x120 build/default/production/platform/cryptoauthlib/lib/hal/atca_hal.o
 .debug_abbrev    0x0063dd        0x152 build/default/production/platform/cryptoauthlib/lib/hal/hal_i2c.o
 .debug_abbrev    0x00652f         0x67 build/default/production/platform/cryptoauthlib/lib/hal/hal_timer.o
 .debug_abbrev    0x006596        0x1db build/default/production/platform/cryptoauthlib/lib/host/atca_host.o
 .debug_abbrev    0x006771        0x1d9 build/default/production/platform/cryptoauthlib/lib/tls/atcatls.o
 .debug_abbrev    0x00694a        0x1cf build/default/production/platform/cryptoauthlib/lib/tls/atcatls_cfg.o
 .debug_abbrev    0x006b19         0xd5 build/default/production/platform/cryptoauthlib/lib/atca_cfgs.o
 .debug_abbrev    0x006bee        0x156 build/default/production/platform/cryptoauthlib/lib/atca_command.o
 .debug_abbrev    0x006d44        0x112 build/default/production/platform/cryptoauthlib/lib/atca_device.o
 .debug_abbrev    0x006e56        0x164 build/default/production/platform/cryptoauthlib/lib/atca_execution.o
 .debug_abbrev    0x006fba        0x18f build/default/production/platform/cryptoauthlib/lib/atca_iface.o
 .debug_abbrev    0x007149        0x21a build/default/production/platform/drivers/i2c_master.o
 .debug_abbrev    0x007363        0x113 build/default/production/platform/drivers/i2c_simple_master.o
 .debug_abbrev    0x007476         0x88 build/default/production/platform/drivers/i2c_types.o
 .debug_abbrev    0x0074fe        0x102 build/default/production/platform/drivers/spi_master.o
 .debug_abbrev    0x007600        0x23b build/default/production/platform/drivers/timeout.o
 .debug_abbrev    0x00783b         0x9b build/default/production/platform/drivers/uart.o
 .debug_abbrev    0x0078d6        0x10d build/default/production/platform/mqtt/mqtt_comm_bsd/mqtt_comm_layer.o
 .debug_abbrev    0x0079e3        0x2ab build/default/production/platform/mqtt/mqtt_core/mqtt_core.o
 .debug_abbrev    0x007c8e         0xc5 build/default/production/platform/mqtt/mqtt_exchange_buffer/mqtt_exchange_buffer.o
 .debug_abbrev    0x007d53         0xbe build/default/production/platform/mqtt/mqtt_packetTransfer_interface.o
 .debug_abbrev    0x007e11         0xf9 build/default/production/platform/winc/bsp/source/nm_bsp_mega.o
 .debug_abbrev    0x007f0a        0x194 build/default/production/platform/winc/bus_wrapper/source/nm_bus_wrapper_mega.o
 .debug_abbrev    0x00809e         0xb2 build/default/production/platform/winc/common/source/nm_common.o
 .debug_abbrev    0x008150          0x1 build/default/production/platform/winc/driver/source/m2m_ate_mode.o
 .debug_abbrev    0x008151         0x1f build/default/production/platform/winc/driver/source/m2m_crypto.o
 .debug_abbrev    0x008170        0x20c build/default/production/platform/winc/driver/source/m2m_hif.o
 .debug_abbrev    0x00837c        0x172 build/default/production/platform/winc/driver/source/m2m_ota.o
 .debug_abbrev    0x0084ee         0x1f build/default/production/platform/winc/driver/source/m2m_periph.o
 .debug_abbrev    0x00850d        0x1eb build/default/production/platform/winc/driver/source/m2m_ssl.o
 .debug_abbrev    0x0086f8        0x1ff build/default/production/platform/winc/driver/source/m2m_wifi.o
 .debug_abbrev    0x0088f7        0x1bb build/default/production/platform/winc/driver/source/nmasic.o
 .debug_abbrev    0x008ab2        0x137 build/default/production/platform/winc/driver/source/nmbus.o
 .debug_abbrev    0x008be9        0x146 build/default/production/platform/winc/driver/source/nmdrv.o
 .debug_abbrev    0x008d2f         0x1f build/default/production/platform/winc/driver/source/nmi2c.o
 .debug_abbrev    0x008d4e        0x189 build/default/production/platform/winc/driver/source/nmspi.o
 .debug_abbrev    0x008ed7         0x1f build/default/production/platform/winc/driver/source/nmuart.o
 .debug_abbrev    0x008ef6        0x260 build/default/production/platform/winc/socket/source/socket.o
 .debug_abbrev    0x009156        0x156 build/default/production/platform/winc/spi_flash/source/spi_flash.o
 .debug_abbrev    0x0092ac        0x1a7 build/default/production/platform/adc1.o
 .debug_abbrev    0x009453        0x216 build/default/production/platform/application_manager.o
 .debug_abbrev    0x009669         0xc5 build/default/production/platform/clock.o
 .debug_abbrev    0x00972e         0xd0 build/default/production/platform/debug_print.o
 .debug_abbrev    0x0097fe         0x67 build/default/production/platform/delay.o
 .debug_abbrev    0x009865        0x193 build/default/production/platform/i2c2_driver.o
 .debug_abbrev    0x0099f8         0xb4 build/default/production/platform/interrupt_manager.o
 .debug_abbrev    0x009aac        0x230 build/default/production/platform/led.o
 .debug_abbrev    0x009cdc         0x34 build/default/production/platform/mcc.o
 .debug_abbrev    0x009d10        0x16c build/default/production/platform/pin_manager.o
 .debug_abbrev    0x009e7c         0x7d build/default/production/platform/sensors_handling.o
 .debug_abbrev    0x009ef9        0x1d0 build/default/production/platform/spi1_driver.o
 .debug_abbrev    0x00a0c9         0x34 build/default/production/platform/system.o
 .debug_abbrev    0x00a0fd        0x1a2 build/default/production/platform/tmr1.o
 .debug_abbrev    0x00a29f        0x17b build/default/production/platform/tmr2.o
 .debug_abbrev    0x00a41a        0x100 build/default/production/platform/traps.o
 .debug_abbrev    0x00a51a        0x242 build/default/production/platform/uart1.o
 .debug_abbrev    0x00a75c        0x36b build/default/production/main.o

.debug_line       0x000000      0x120c0
 *(.debug_line)
 .debug_line      0x000000        0x5cf build/default/production/azure-sdk-for-c/sdk/src/azure/core/az_json_reader.o
 .debug_line      0x0005cf        0x4c2 build/default/production/azure-sdk-for-c/sdk/src/azure/core/az_json_token.o
 .debug_line      0x000a91        0x7d4 build/default/production/azure-sdk-for-c/sdk/src/azure/core/az_json_writer.o
 .debug_line      0x001265        0x190 build/default/production/azure-sdk-for-c/sdk/src/azure/core/az_log.o
 .debug_line      0x0013f5        0x10c build/default/production/azure-sdk-for-c/sdk/src/azure/core/az_precondition.o
 .debug_line      0x001501        0x9bd build/default/production/azure-sdk-for-c/sdk/src/azure/core/az_span.o
 .debug_line      0x001ebe        0x334 build/default/production/azure-sdk-for-c/sdk/src/azure/iot/az_iot_common.o
 .debug_line      0x0021f2        0x26f build/default/production/azure-sdk-for-c/sdk/src/azure/iot/az_iot_hub_client.o
 .debug_line      0x002461        0x1c5 build/default/production/azure-sdk-for-c/sdk/src/azure/iot/az_iot_hub_client_c2d.o
 .debug_line      0x002626        0x23f build/default/production/azure-sdk-for-c/sdk/src/azure/iot/az_iot_hub_client_methods.o
 .debug_line      0x002865        0x290 build/default/production/azure-sdk-for-c/sdk/src/azure/iot/az_iot_hub_client_sas.o
 .debug_line      0x002af5        0x185 build/default/production/azure-sdk-for-c/sdk/src/azure/iot/az_iot_hub_client_telemetry.o
 .debug_line      0x002c7a        0x2a5 build/default/production/azure-sdk-for-c/sdk/src/azure/iot/az_iot_hub_client_twin.o
 .debug_line      0x002f1f        0x4d7 build/default/production/azure-sdk-for-c/sdk/src/azure/iot/az_iot_provisioning_client.o
 .debug_line      0x0033f6        0x27e build/default/production/azure-sdk-for-c/sdk/src/azure/iot/az_iot_provisioning_client_sas.o
 .debug_line      0x003674        0x206 build/default/production/azure-sdk-for-c/sdk/src/azure/iot/az_iot_pnp_client.o
 .debug_line      0x00387a        0x207 build/default/production/azure-sdk-for-c/sdk/src/azure/iot/az_iot_pnp_client_commands.o
 .debug_line      0x003a81        0x36f build/default/production/azure-sdk-for-c/sdk/src/azure/iot/az_iot_pnp_client_property.o
 .debug_line      0x003df0        0x15b build/default/production/azure-sdk-for-c/sdk/src/azure/iot/az_iot_pnp_client_sas.o
 .debug_line      0x003f4b        0x1b6 build/default/production/azure-sdk-for-c/sdk/src/azure/iot/az_iot_pnp_client_telemetry.o
 .debug_line      0x004101        0x342 build/default/production/platform/cli/cli.o
 .debug_line      0x004443        0x508 build/default/production/platform/cloud/bsd_adapter/bsdWINC.o
 .debug_line      0x00494b        0x3ec build/default/production/platform/cloud/crypto_client/crypto_client.o
 .debug_line      0x004d37        0x1b2 build/default/production/platform/cloud/crypto_client/cryptoauthlib_main.o
 .debug_line      0x004ee9        0x120 build/default/production/platform/cloud/crypto_client/hmac-sha256.o
 .debug_line      0x005009        0x2f4 build/default/production/mqtt_packetPopulation/mqtt_iothub_packetPopulate.o
 .debug_line      0x0052fd        0x370 build/default/production/mqtt_packetPopulation/mqtt_iotprovisioning_packetPopulate.o
 .debug_line      0x00566d         0xe7 build/default/production/mqtt_packetPopulation/mqtt_packetPopulate.o
 .debug_line      0x005754        0x54e build/default/production/platform/cloud/cloud_service.o
 .debug_line      0x005ca2        0x381 build/default/production/platform/cloud/wifi_service.o
 .debug_line      0x006023         0x7b build/default/production/platform/credentials_storage/credentials_storage.o
 .debug_line      0x00609e        0x1de build/default/production/platform/cryptoauthlib/lib/atcacert/atcacert_client.o
 .debug_line      0x00627c        0x457 build/default/production/platform/cryptoauthlib/lib/atcacert/atcacert_date.o
 .debug_line      0x0066d3        0x613 build/default/production/platform/cryptoauthlib/lib/atcacert/atcacert_def.o
 .debug_line      0x006ce6        0x23d build/default/production/platform/cryptoauthlib/lib/atcacert/atcacert_der.o
 .debug_line      0x006f23        0x157 build/default/production/platform/cryptoauthlib/lib/atcacert/atcacert_host_hw.o
 .debug_line      0x00707a        0x108 build/default/production/platform/cryptoauthlib/lib/atcacert/atcacert_host_sw.o
 .debug_line      0x007182        0x186 build/default/production/platform/cryptoauthlib/lib/atcacert/atcacert_pem.o
 .debug_line      0x007308        0x2b2 build/default/production/platform/cryptoauthlib/lib/basic/atca_basic.o
 .debug_line      0x0075ba        0x29f build/default/production/platform/cryptoauthlib/lib/basic/atca_basic_aes.o
 .debug_line      0x007859        0x170 build/default/production/platform/cryptoauthlib/lib/basic/atca_basic_checkmac.o
 .debug_line      0x0079c9        0x18e build/default/production/platform/cryptoauthlib/lib/basic/atca_basic_counter.o
 .debug_line      0x007b57        0x16a build/default/production/platform/cryptoauthlib/lib/basic/atca_basic_derivekey.o
 .debug_line      0x007cc1        0x214 build/default/production/platform/cryptoauthlib/lib/basic/atca_basic_ecdh.o
 .debug_line      0x007ed5        0x177 build/default/production/platform/cryptoauthlib/lib/basic/atca_basic_gendig.o
 .debug_line      0x00804c        0x188 build/default/production/platform/cryptoauthlib/lib/basic/atca_basic_genkey.o
 .debug_line      0x0081d4        0x167 build/default/production/platform/cryptoauthlib/lib/basic/atca_basic_hmac.o
 .debug_line      0x00833b        0x19e build/default/production/platform/cryptoauthlib/lib/basic/atca_basic_info.o
 .debug_line      0x0084d9        0x176 build/default/production/platform/cryptoauthlib/lib/basic/atca_basic_kdf.o
 .debug_line      0x00864f        0x1b8 build/default/production/platform/cryptoauthlib/lib/basic/atca_basic_lock.o
 .debug_line      0x008807        0x165 build/default/production/platform/cryptoauthlib/lib/basic/atca_basic_mac.o
 .debug_line      0x00896c        0x1cd build/default/production/platform/cryptoauthlib/lib/basic/atca_basic_nonce.o
 .debug_line      0x008b39        0x1cd build/default/production/platform/cryptoauthlib/lib/basic/atca_basic_privwrite.o
 .debug_line      0x008d06        0x16a build/default/production/platform/cryptoauthlib/lib/basic/atca_basic_random.o
 .debug_line      0x008e70        0x2f7 build/default/production/platform/cryptoauthlib/lib/basic/atca_basic_read.o
 .debug_line      0x009167        0x1e2 build/default/production/platform/cryptoauthlib/lib/basic/atca_basic_secureboot.o
 .debug_line      0x009349        0x16f build/default/production/platform/cryptoauthlib/lib/basic/atca_basic_selftest.o
 .debug_line      0x0094b8        0x2d8 build/default/production/platform/cryptoauthlib/lib/basic/atca_basic_sha.o
 .debug_line      0x009790        0x199 build/default/production/platform/cryptoauthlib/lib/basic/atca_basic_sign.o
 .debug_line      0x009929        0x16a build/default/production/platform/cryptoauthlib/lib/basic/atca_basic_updateextra.o
 .debug_line      0x009a93        0x27f build/default/production/platform/cryptoauthlib/lib/basic/atca_basic_verify.o
 .debug_line      0x009d12        0x2b0 build/default/production/platform/cryptoauthlib/lib/basic/atca_basic_write.o
 .debug_line      0x009fc2        0x3f2 build/default/production/platform/cryptoauthlib/lib/basic/atca_helpers.o
 .debug_line      0x00a3b4        0x199 build/default/production/platform/cryptoauthlib/lib/crypto/hashes/sha1_routines.o
 .debug_line      0x00a54d        0x1ad build/default/production/platform/cryptoauthlib/lib/crypto/hashes/sha2_routines.o
 .debug_line      0x00a6fa         0xe0 build/default/production/platform/cryptoauthlib/lib/crypto/atca_crypto_sw_ecdsa.o
 .debug_line      0x00a7da         0xeb build/default/production/platform/cryptoauthlib/lib/crypto/atca_crypto_sw_rand.o
 .debug_line      0x00a8c5        0x178 build/default/production/platform/cryptoauthlib/lib/crypto/atca_crypto_sw_sha1.o
 .debug_line      0x00aa3d        0x178 build/default/production/platform/cryptoauthlib/lib/crypto/atca_crypto_sw_sha2.o
 .debug_line      0x00abb5        0x171 build/default/production/platform/cryptoauthlib/lib/hal/atca_hal.o
 .debug_line      0x00ad26        0x22b build/default/production/platform/cryptoauthlib/lib/hal/hal_i2c.o
 .debug_line      0x00af51         0xb6 build/default/production/platform/cryptoauthlib/lib/hal/hal_timer.o
 .debug_line      0x00b007        0x515 build/default/production/platform/cryptoauthlib/lib/host/atca_host.o
 .debug_line      0x00b51c        0x3ab build/default/production/platform/cryptoauthlib/lib/tls/atcatls.o
 .debug_line      0x00b8c7        0x1f7 build/default/production/platform/cryptoauthlib/lib/tls/atcatls_cfg.o
 .debug_line      0x00babe         0xbd build/default/production/platform/cryptoauthlib/lib/atca_cfgs.o
 .debug_line      0x00bb7b        0x3be build/default/production/platform/cryptoauthlib/lib/atca_command.o
 .debug_line      0x00bf39        0x12f build/default/production/platform/cryptoauthlib/lib/atca_device.o
 .debug_line      0x00c068        0x16b build/default/production/platform/cryptoauthlib/lib/atca_execution.o
 .debug_line      0x00c1d3        0x1c2 build/default/production/platform/cryptoauthlib/lib/atca_iface.o
 .debug_line      0x00c395        0x356 build/default/production/platform/drivers/i2c_master.o
 .debug_line      0x00c6eb        0x1be build/default/production/platform/drivers/i2c_simple_master.o
 .debug_line      0x00c8a9         0x85 build/default/production/platform/drivers/i2c_types.o
 .debug_line      0x00c92e         0xe2 build/default/production/platform/drivers/spi_master.o
 .debug_line      0x00ca10        0x2f5 build/default/production/platform/drivers/timeout.o
 .debug_line      0x00cd05         0x84 build/default/production/platform/drivers/uart.o
 .debug_line      0x00cd89        0x204 build/default/production/platform/mqtt/mqtt_comm_bsd/mqtt_comm_layer.o
 .debug_line      0x00cf8d        0x6aa build/default/production/platform/mqtt/mqtt_core/mqtt_core.o
 .debug_line      0x00d637        0x11b build/default/production/platform/mqtt/mqtt_exchange_buffer/mqtt_exchange_buffer.o
 .debug_line      0x00d752         0xd2 build/default/production/platform/mqtt/mqtt_packetTransfer_interface.o
 .debug_line      0x00d824        0x1be build/default/production/platform/winc/bsp/source/nm_bsp_mega.o
 .debug_line      0x00d9e2        0x267 build/default/production/platform/winc/bus_wrapper/source/nm_bus_wrapper_mega.o
 .debug_line      0x00dc49        0x125 build/default/production/platform/winc/common/source/nm_common.o
 .debug_line      0x00dd6e         0x1a build/default/production/platform/winc/driver/source/m2m_ate_mode.o
 .debug_line      0x00dd88         0x1a build/default/production/platform/winc/driver/source/m2m_crypto.o
 .debug_line      0x00dda2        0x2cb build/default/production/platform/winc/driver/source/m2m_hif.o
 .debug_line      0x00e06d        0x212 build/default/production/platform/winc/driver/source/m2m_ota.o
 .debug_line      0x00e27f         0x1a build/default/production/platform/winc/driver/source/m2m_periph.o
 .debug_line      0x00e299        0x1bd build/default/production/platform/winc/driver/source/m2m_ssl.o
 .debug_line      0x00e456        0x6e4 build/default/production/platform/winc/driver/source/m2m_wifi.o
 .debug_line      0x00eb3a        0x325 build/default/production/platform/winc/driver/source/nmasic.o
 .debug_line      0x00ee5f        0x1c1 build/default/production/platform/winc/driver/source/nmbus.o
 .debug_line      0x00f020        0x1d4 build/default/production/platform/winc/driver/source/nmdrv.o
 .debug_line      0x00f1f4         0x1a build/default/production/platform/winc/driver/source/nmi2c.o
 .debug_line      0x00f20e        0x3a9 build/default/production/platform/winc/driver/source/nmspi.o
 .debug_line      0x00f5b7         0x1a build/default/production/platform/winc/driver/source/nmuart.o
 .debug_line      0x00f5d1        0x4a3 build/default/production/platform/winc/socket/source/socket.o
 .debug_line      0x00fa74        0x2b7 build/default/production/platform/winc/spi_flash/source/spi_flash.o
 .debug_line      0x00fd2b        0x1a1 build/default/production/platform/adc1.o
 .debug_line      0x00fecc        0x37d build/default/production/platform/application_manager.o
 .debug_line      0x010249        0x114 build/default/production/platform/clock.o
 .debug_line      0x01035d         0xe8 build/default/production/platform/debug_print.o
 .debug_line      0x010445         0x9e build/default/production/platform/delay.o
 .debug_line      0x0104e3        0x383 build/default/production/platform/i2c2_driver.o
 .debug_line      0x010866        0x113 build/default/production/platform/interrupt_manager.o
 .debug_line      0x010979        0x22a build/default/production/platform/led.o
 .debug_line      0x010ba3         0x3d build/default/production/platform/mcc.o
 .debug_line      0x010be0        0x1fe build/default/production/platform/pin_manager.o
 .debug_line      0x010dde         0xac build/default/production/platform/sensors_handling.o
 .debug_line      0x010e8a        0x1eb build/default/production/platform/spi1_driver.o
 .debug_line      0x011075         0x46 build/default/production/platform/system.o
 .debug_line      0x0110bb        0x1e1 build/default/production/platform/tmr1.o
 .debug_line      0x01129c        0x1ba build/default/production/platform/tmr2.o
 .debug_line      0x011456        0x179 build/default/production/platform/traps.o
 .debug_line      0x0115cf        0x331 build/default/production/platform/uart1.o
 .debug_line      0x011900        0x7c0 build/default/production/main.o

.debug_frame      0x000000       0x9434
 *(.debug_frame)
 .debug_frame     0x000000        0x3b4 build/default/production/azure-sdk-for-c/sdk/src/azure/core/az_json_reader.o
 .debug_frame     0x0003b4        0x21c build/default/production/azure-sdk-for-c/sdk/src/azure/core/az_json_token.o
 .debug_frame     0x0005d0        0x3c4 build/default/production/azure-sdk-for-c/sdk/src/azure/core/az_json_writer.o
 .debug_frame     0x000994         0x92 build/default/production/azure-sdk-for-c/sdk/src/azure/core/az_log.o
 .debug_frame     0x000a26         0x44 build/default/production/azure-sdk-for-c/sdk/src/azure/core/az_precondition.o
 .debug_frame     0x000a6a        0x4d0 build/default/production/azure-sdk-for-c/sdk/src/azure/core/az_span.o
 .debug_frame     0x000f3a        0x168 build/default/production/azure-sdk-for-c/sdk/src/azure/iot/az_iot_common.o
 .debug_frame     0x0010a2         0x90 build/default/production/azure-sdk-for-c/sdk/src/azure/iot/az_iot_hub_client.o
 .debug_frame     0x001132         0x52 build/default/production/azure-sdk-for-c/sdk/src/azure/iot/az_iot_hub_client_c2d.o
 .debug_frame     0x001184         0x74 build/default/production/azure-sdk-for-c/sdk/src/azure/iot/az_iot_hub_client_methods.o
 .debug_frame     0x0011f8         0x76 build/default/production/azure-sdk-for-c/sdk/src/azure/iot/az_iot_hub_client_sas.o
 .debug_frame     0x00126e         0x50 build/default/production/azure-sdk-for-c/sdk/src/azure/iot/az_iot_hub_client_telemetry.o
 .debug_frame     0x0012be         0x8e build/default/production/azure-sdk-for-c/sdk/src/azure/iot/az_iot_hub_client_twin.o
 .debug_frame     0x00134c        0x156 build/default/production/azure-sdk-for-c/sdk/src/azure/iot/az_iot_provisioning_client.o
 .debug_frame     0x0014a2         0x76 build/default/production/azure-sdk-for-c/sdk/src/azure/iot/az_iot_provisioning_client_sas.o
 .debug_frame     0x001518         0x66 build/default/production/azure-sdk-for-c/sdk/src/azure/iot/az_iot_pnp_client.o
 .debug_frame     0x00157e         0x5c build/default/production/azure-sdk-for-c/sdk/src/azure/iot/az_iot_pnp_client_commands.o
 .debug_frame     0x0015da        0x1c4 build/default/production/azure-sdk-for-c/sdk/src/azure/iot/az_iot_pnp_client_property.o
 .debug_frame     0x00179e         0x64 build/default/production/azure-sdk-for-c/sdk/src/azure/iot/az_iot_pnp_client_sas.o
 .debug_frame     0x001802         0x50 build/default/production/azure-sdk-for-c/sdk/src/azure/iot/az_iot_pnp_client_telemetry.o
 .debug_frame     0x001852        0x2fe build/default/production/platform/cli/cli.o
 .debug_frame     0x001b50        0x41e build/default/production/platform/cloud/bsd_adapter/bsdWINC.o
 .debug_frame     0x001f6e        0x18a build/default/production/platform/cloud/crypto_client/crypto_client.o
 .debug_frame     0x0020f8         0x24 build/default/production/platform/cloud/crypto_client/cryptoauthlib_main.o
 .debug_frame     0x00211c         0x3a build/default/production/platform/cloud/crypto_client/hmac-sha256.o
 .debug_frame     0x002156        0x16e build/default/production/mqtt_packetPopulation/mqtt_iothub_packetPopulate.o
 .debug_frame     0x0022c4        0x1ce build/default/production/mqtt_packetPopulation/mqtt_iotprovisioning_packetPopulate.o
 .debug_frame     0x002492         0x58 build/default/production/mqtt_packetPopulation/mqtt_packetPopulate.o
 .debug_frame     0x0024ea        0x36a build/default/production/platform/cloud/cloud_service.o
 .debug_frame     0x002854        0x1ba build/default/production/platform/cloud/wifi_service.o
 .debug_frame     0x002a0e         0x24 build/default/production/platform/credentials_storage/credentials_storage.o
 .debug_frame     0x002a32        0x14a build/default/production/platform/cryptoauthlib/lib/atcacert/atcacert_client.o
 .debug_frame     0x002b7c        0x2c4 build/default/production/platform/cryptoauthlib/lib/atcacert/atcacert_date.o
 .debug_frame     0x002e40        0x506 build/default/production/platform/cryptoauthlib/lib/atcacert/atcacert_def.o
 .debug_frame     0x003346        0x110 build/default/production/platform/cryptoauthlib/lib/atcacert/atcacert_der.o
 .debug_frame     0x003456         0x62 build/default/production/platform/cryptoauthlib/lib/atcacert/atcacert_host_hw.o
 .debug_frame     0x0034b8         0x58 build/default/production/platform/cryptoauthlib/lib/atcacert/atcacert_host_sw.o
 .debug_frame     0x003510         0xbc build/default/production/platform/cryptoauthlib/lib/atcacert/atcacert_pem.o
 .debug_frame     0x0035cc        0x114 build/default/production/platform/cryptoauthlib/lib/basic/atca_basic.o
 .debug_frame     0x0036e0        0x148 build/default/production/platform/cryptoauthlib/lib/basic/atca_basic_aes.o
 .debug_frame     0x003828         0x2e build/default/production/platform/cryptoauthlib/lib/basic/atca_basic_checkmac.o
 .debug_frame     0x003856         0x56 build/default/production/platform/cryptoauthlib/lib/basic/atca_basic_counter.o
 .debug_frame     0x0038ac         0x2e build/default/production/platform/cryptoauthlib/lib/basic/atca_basic_derivekey.o
 .debug_frame     0x0038da        0x128 build/default/production/platform/cryptoauthlib/lib/basic/atca_basic_ecdh.o
 .debug_frame     0x003a02         0x2e build/default/production/platform/cryptoauthlib/lib/basic/atca_basic_gendig.o
 .debug_frame     0x003a30         0x56 build/default/production/platform/cryptoauthlib/lib/basic/atca_basic_genkey.o
 .debug_frame     0x003a86         0x36 build/default/production/platform/cryptoauthlib/lib/basic/atca_basic_hmac.o
 .debug_frame     0x003abc         0x78 build/default/production/platform/cryptoauthlib/lib/basic/atca_basic_info.o
 .debug_frame     0x003b34         0x54 build/default/production/platform/cryptoauthlib/lib/basic/atca_basic_kdf.o
 .debug_frame     0x003b88         0x7e build/default/production/platform/cryptoauthlib/lib/basic/atca_basic_lock.o
 .debug_frame     0x003c06         0x36 build/default/production/platform/cryptoauthlib/lib/basic/atca_basic_mac.o
 .debug_frame     0x003c3c         0x86 build/default/production/platform/cryptoauthlib/lib/basic/atca_basic_nonce.o
 .debug_frame     0x003cc2         0x3c build/default/production/platform/cryptoauthlib/lib/basic/atca_basic_privwrite.o
 .debug_frame     0x003cfe         0x36 build/default/production/platform/cryptoauthlib/lib/basic/atca_basic_random.o
 .debug_frame     0x003d34        0x1da build/default/production/platform/cryptoauthlib/lib/basic/atca_basic_read.o
 .debug_frame     0x003f0e         0x5e build/default/production/platform/cryptoauthlib/lib/basic/atca_basic_secureboot.o
 .debug_frame     0x003f6c         0x36 build/default/production/platform/cryptoauthlib/lib/basic/atca_basic_selftest.o
 .debug_frame     0x003fa2        0x1c4 build/default/production/platform/cryptoauthlib/lib/basic/atca_basic_sha.o
 .debug_frame     0x004166         0x68 build/default/production/platform/cryptoauthlib/lib/basic/atca_basic_sign.o
 .debug_frame     0x0041ce         0x2e build/default/production/platform/cryptoauthlib/lib/basic/atca_basic_updateextra.o
 .debug_frame     0x0041fc        0x118 build/default/production/platform/cryptoauthlib/lib/basic/atca_basic_verify.o
 .debug_frame     0x004314        0x160 build/default/production/platform/cryptoauthlib/lib/basic/atca_basic_write.o
 .debug_frame     0x004474        0x420 build/default/production/platform/cryptoauthlib/lib/basic/atca_helpers.o
 .debug_frame     0x004894         0xda build/default/production/platform/cryptoauthlib/lib/crypto/hashes/sha1_routines.o
 .debug_frame     0x00496e         0xee build/default/production/platform/cryptoauthlib/lib/crypto/hashes/sha2_routines.o
 .debug_frame     0x004a5c         0x24 build/default/production/platform/cryptoauthlib/lib/crypto/atca_crypto_sw_ecdsa.o
 .debug_frame     0x004a80         0x24 build/default/production/platform/cryptoauthlib/lib/crypto/atca_crypto_sw_rand.o
 .debug_frame     0x004aa4         0x68 build/default/production/platform/cryptoauthlib/lib/crypto/atca_crypto_sw_sha1.o
 .debug_frame     0x004b0c         0x68 build/default/production/platform/cryptoauthlib/lib/crypto/atca_crypto_sw_sha2.o
 .debug_frame     0x004b74         0x56 build/default/production/platform/cryptoauthlib/lib/hal/atca_hal.o
 .debug_frame     0x004bca        0x130 build/default/production/platform/cryptoauthlib/lib/hal/hal_i2c.o
 .debug_frame     0x004cfa         0x58 build/default/production/platform/cryptoauthlib/lib/hal/hal_timer.o
 .debug_frame     0x004d52        0x270 build/default/production/platform/cryptoauthlib/lib/host/atca_host.o
 .debug_frame     0x004fc2        0x7ee build/default/production/platform/cryptoauthlib/lib/tls/atcatls.o
 .debug_frame     0x0057b0         0xc8 build/default/production/platform/cryptoauthlib/lib/tls/atcatls_cfg.o
 .debug_frame     0x005878        0x232 build/default/production/platform/cryptoauthlib/lib/atca_command.o
 .debug_frame     0x005aaa         0x5e build/default/production/platform/cryptoauthlib/lib/atca_device.o
 .debug_frame     0x005b08         0x48 build/default/production/platform/cryptoauthlib/lib/atca_execution.o
 .debug_frame     0x005b50         0xfe build/default/production/platform/cryptoauthlib/lib/atca_iface.o
 .debug_frame     0x005c4e        0x26c build/default/production/platform/drivers/i2c_master.o
 .debug_frame     0x005eba        0x154 build/default/production/platform/drivers/i2c_simple_master.o
 .debug_frame     0x00600e         0x54 build/default/production/platform/drivers/i2c_types.o
 .debug_frame     0x006062         0x34 build/default/production/platform/drivers/spi_master.o
 .debug_frame     0x006096        0x22a build/default/production/platform/drivers/timeout.o
 .debug_frame     0x0062c0         0x94 build/default/production/platform/mqtt/mqtt_comm_bsd/mqtt_comm_layer.o
 .debug_frame     0x006354        0x57e build/default/production/platform/mqtt/mqtt_core/mqtt_core.o
 .debug_frame     0x0068d2         0x5e build/default/production/platform/mqtt/mqtt_exchange_buffer/mqtt_exchange_buffer.o
 .debug_frame     0x006930         0x34 build/default/production/platform/mqtt/mqtt_packetTransfer_interface.o
 .debug_frame     0x006964         0x96 build/default/production/platform/winc/bsp/source/nm_bsp_mega.o
 .debug_frame     0x0069fa         0x90 build/default/production/platform/winc/bus_wrapper/source/nm_bus_wrapper_mega.o
 .debug_frame     0x006a8a         0xa0 build/default/production/platform/winc/common/source/nm_common.o
 .debug_frame     0x006b2a        0x17c build/default/production/platform/winc/driver/source/m2m_hif.o
 .debug_frame     0x006ca6        0x11e build/default/production/platform/winc/driver/source/m2m_ota.o
 .debug_frame     0x006dc4         0xd4 build/default/production/platform/winc/driver/source/m2m_ssl.o
 .debug_frame     0x006e98        0x514 build/default/production/platform/winc/driver/source/m2m_wifi.o
 .debug_frame     0x0073ac        0x25e build/default/production/platform/winc/driver/source/nmasic.o
 .debug_frame     0x00760a        0x11c build/default/production/platform/winc/driver/source/nmbus.o
 .debug_frame     0x007726         0xc8 build/default/production/platform/winc/driver/source/nmdrv.o
 .debug_frame     0x0077ee        0x2ee build/default/production/platform/winc/driver/source/nmspi.o
 .debug_frame     0x007adc        0x2ba build/default/production/platform/winc/socket/source/socket.o
 .debug_frame     0x007d96        0x284 build/default/production/platform/winc/spi_flash/source/spi_flash.o
 .debug_frame     0x00801a         0xa4 build/default/production/platform/adc1.o
 .debug_frame     0x0080be        0x12c build/default/production/platform/application_manager.o
 .debug_frame     0x0081ea         0x24 build/default/production/platform/clock.o
 .debug_frame     0x00820e         0x7c build/default/production/platform/debug_print.o
 .debug_frame     0x00828a         0x62 build/default/production/platform/delay.o
 .debug_frame     0x0082ec        0x2a6 build/default/production/platform/i2c2_driver.o
 .debug_frame     0x008592         0x24 build/default/production/platform/interrupt_manager.o
 .debug_frame     0x0085b6        0x164 build/default/production/platform/led.o
 .debug_frame     0x00871a         0x24 build/default/production/platform/mcc.o
 .debug_frame     0x00873e         0xe8 build/default/production/platform/pin_manager.o
 .debug_frame     0x008826         0x34 build/default/production/platform/sensors_handling.o
 .debug_frame     0x00885a         0xda build/default/production/platform/spi1_driver.o
 .debug_frame     0x008934         0x24 build/default/production/platform/system.o
 .debug_frame     0x008958        0x108 build/default/production/platform/tmr1.o
 .debug_frame     0x008a60         0xc4 build/default/production/platform/tmr2.o
 .debug_frame     0x008b24         0x84 build/default/production/platform/traps.o
 .debug_frame     0x008ba8        0x246 build/default/production/platform/uart1.o
 .debug_frame     0x008dee        0x646 build/default/production/main.o

.debug_str        0x000000       0x26f0
 *(.debug_str)
 .debug_str       0x000000         0xee build/default/production/azure-sdk-for-c/sdk/src/azure/core/az_json_reader.o
 .debug_str       0x0000ee         0xd8 build/default/production/azure-sdk-for-c/sdk/src/azure/core/az_json_token.o
 .debug_str       0x0001c6        0x190 build/default/production/azure-sdk-for-c/sdk/src/azure/core/az_json_writer.o
 .debug_str       0x000356         0x1f build/default/production/azure-sdk-for-c/sdk/src/azure/core/az_log.o
 .debug_str       0x000375         0x21 build/default/production/azure-sdk-for-c/sdk/src/azure/core/az_precondition.o
 .debug_str       0x000396         0xc0 build/default/production/azure-sdk-for-c/sdk/src/azure/core/az_span.o
 .debug_str       0x000456         0x56 build/default/production/azure-sdk-for-c/sdk/src/azure/iot/az_iot_common.o
 .debug_str       0x0004ac         0x6f build/default/production/azure-sdk-for-c/sdk/src/azure/iot/az_iot_hub_client.o
 .debug_str       0x00051b          0xa build/default/production/azure-sdk-for-c/sdk/src/azure/iot/az_iot_hub_client_c2d.o
 .debug_str       0x000525         0x15 build/default/production/azure-sdk-for-c/sdk/src/azure/iot/az_iot_hub_client_methods.o
 .debug_str       0x00053a         0x3c build/default/production/azure-sdk-for-c/sdk/src/azure/iot/az_iot_hub_client_sas.o
 .debug_str       0x000576         0x14 build/default/production/azure-sdk-for-c/sdk/src/azure/iot/az_iot_hub_client_telemetry.o
 .debug_str       0x00058a         0x9e build/default/production/azure-sdk-for-c/sdk/src/azure/iot/az_iot_hub_client_twin.o
 .debug_str       0x000628        0x100 build/default/production/azure-sdk-for-c/sdk/src/azure/iot/az_iot_provisioning_client.o
 .debug_str       0x000728         0x3c build/default/production/azure-sdk-for-c/sdk/src/azure/iot/az_iot_provisioning_client_sas.o
 .debug_str       0x000764         0x4b build/default/production/azure-sdk-for-c/sdk/src/azure/iot/az_iot_pnp_client.o
 .debug_str       0x0007af         0x33 build/default/production/azure-sdk-for-c/sdk/src/azure/iot/az_iot_pnp_client_commands.o
 .debug_str       0x0007e2         0xfa build/default/production/azure-sdk-for-c/sdk/src/azure/iot/az_iot_pnp_client_property.o
 .debug_str       0x0008dc         0x44 build/default/production/azure-sdk-for-c/sdk/src/azure/iot/az_iot_pnp_client_sas.o
 .debug_str       0x000920         0x28 build/default/production/azure-sdk-for-c/sdk/src/azure/iot/az_iot_pnp_client_telemetry.o
 .debug_str       0x000948         0x5d build/default/production/platform/cli/cli.o
 .debug_str       0x0009a5         0x44 build/default/production/platform/cloud/bsd_adapter/bsdWINC.o
 .debug_str       0x0009e9         0x91 build/default/production/platform/cloud/crypto_client/crypto_client.o
 .debug_str       0x000a7a         0x52 build/default/production/platform/cloud/crypto_client/cryptoauthlib_main.o
 .debug_str       0x000acc        0x135 build/default/production/mqtt_packetPopulation/mqtt_iothub_packetPopulate.o
 .debug_str       0x000c01        0x1b4 build/default/production/mqtt_packetPopulation/mqtt_iotprovisioning_packetPopulate.o
 .debug_str       0x000db5        0x105 build/default/production/platform/cloud/cloud_service.o
 .debug_str       0x000eba         0xca build/default/production/platform/cloud/wifi_service.o
 .debug_str       0x000f84          0x9 build/default/production/platform/credentials_storage/credentials_storage.o
 .debug_str       0x000f8d         0x5d build/default/production/platform/cryptoauthlib/lib/atcacert/atcacert_client.o
 .debug_str       0x000fea         0x9e build/default/production/platform/cryptoauthlib/lib/atcacert/atcacert_date.o
 .debug_str       0x001088        0x1d2 build/default/production/platform/cryptoauthlib/lib/atcacert/atcacert_def.o
 .debug_str       0x00125a         0x4c build/default/production/platform/cryptoauthlib/lib/atcacert/atcacert_der.o
 .debug_str       0x0012a6         0x16 build/default/production/platform/cryptoauthlib/lib/atcacert/atcacert_host_hw.o
 .debug_str       0x0012bc          0xa build/default/production/platform/cryptoauthlib/lib/atcacert/atcacert_host_sw.o
 .debug_str       0x0012c6         0x5a build/default/production/platform/cryptoauthlib/lib/atcacert/atcacert_pem.o
 .debug_str       0x001320         0x4a build/default/production/platform/cryptoauthlib/lib/basic/atca_basic.o
 .debug_str       0x00136a         0x40 build/default/production/platform/cryptoauthlib/lib/basic/atca_basic_aes.o
 .debug_str       0x0013aa          0x9 build/default/production/platform/cryptoauthlib/lib/basic/atca_basic_checkmac.o
 .debug_str       0x0013b3         0x22 build/default/production/platform/cryptoauthlib/lib/basic/atca_basic_counter.o
 .debug_str       0x0013d5          0x9 build/default/production/platform/cryptoauthlib/lib/basic/atca_basic_derivekey.o
 .debug_str       0x0013de         0x41 build/default/production/platform/cryptoauthlib/lib/basic/atca_basic_ecdh.o
 .debug_str       0x00141f          0x9 build/default/production/platform/cryptoauthlib/lib/basic/atca_basic_gendig.o
 .debug_str       0x001428         0x1b build/default/production/platform/cryptoauthlib/lib/basic/atca_basic_genkey.o
 .debug_str       0x001443          0x9 build/default/production/platform/cryptoauthlib/lib/basic/atca_basic_hmac.o
 .debug_str       0x00144c         0x19 build/default/production/platform/cryptoauthlib/lib/basic/atca_basic_info.o
 .debug_str       0x001465          0x9 build/default/production/platform/cryptoauthlib/lib/basic/atca_basic_kdf.o
 .debug_str       0x00146e         0x15 build/default/production/platform/cryptoauthlib/lib/basic/atca_basic_lock.o
 .debug_str       0x001483          0x9 build/default/production/platform/cryptoauthlib/lib/basic/atca_basic_mac.o
 .debug_str       0x00148c         0x19 build/default/production/platform/cryptoauthlib/lib/basic/atca_basic_nonce.o
 .debug_str       0x0014a5         0x2d build/default/production/platform/cryptoauthlib/lib/basic/atca_basic_privwrite.o
 .debug_str       0x0014d2          0x9 build/default/production/platform/cryptoauthlib/lib/basic/atca_basic_random.o
 .debug_str       0x0014db         0x5f build/default/production/platform/cryptoauthlib/lib/basic/atca_basic_read.o
 .debug_str       0x00153a         0x49 build/default/production/platform/cryptoauthlib/lib/basic/atca_basic_secureboot.o
 .debug_str       0x001583          0x9 build/default/production/platform/cryptoauthlib/lib/basic/atca_basic_selftest.o
 .debug_str       0x00158c         0x71 build/default/production/platform/cryptoauthlib/lib/basic/atca_basic_sha.o
 .debug_str       0x0015fd         0x21 build/default/production/platform/cryptoauthlib/lib/basic/atca_basic_sign.o
 .debug_str       0x00161e          0x9 build/default/production/platform/cryptoauthlib/lib/basic/atca_basic_updateextra.o
 .debug_str       0x001627         0x80 build/default/production/platform/cryptoauthlib/lib/basic/atca_basic_verify.o
 .debug_str       0x0016a7         0x39 build/default/production/platform/cryptoauthlib/lib/basic/atca_basic_write.o
 .debug_str       0x0016e0         0x93 build/default/production/platform/cryptoauthlib/lib/basic/atca_helpers.o
 .debug_str       0x001773          0xc build/default/production/platform/cryptoauthlib/lib/crypto/hashes/sha2_routines.o
 .debug_str       0x00177f          0xa build/default/production/platform/cryptoauthlib/lib/crypto/atca_crypto_sw_sha1.o
 .debug_str       0x001789          0xa build/default/production/platform/cryptoauthlib/lib/crypto/atca_crypto_sw_sha2.o
 .debug_str       0x001793         0x3f build/default/production/platform/cryptoauthlib/lib/hal/atca_hal.o
 .debug_str       0x0017d2         0x17 build/default/production/platform/cryptoauthlib/lib/hal/hal_i2c.o
 .debug_str       0x0017e9         0xbf build/default/production/platform/cryptoauthlib/lib/host/atca_host.o
 .debug_str       0x0018a8         0xb7 build/default/production/platform/cryptoauthlib/lib/tls/atcatls.o
 .debug_str       0x00195f         0xb5 build/default/production/platform/cryptoauthlib/lib/tls/atcatls_cfg.o
 .debug_str       0x001a14         0x1a build/default/production/platform/cryptoauthlib/lib/atca_command.o
 .debug_str       0x001a2e         0x1b build/default/production/platform/cryptoauthlib/lib/atca_execution.o
 .debug_str       0x001a49         0x4e build/default/production/platform/cryptoauthlib/lib/atca_iface.o
 .debug_str       0x001a97         0x21 build/default/production/platform/drivers/i2c_master.o
 .debug_str       0x001ab8          0xd build/default/production/platform/drivers/i2c_simple_master.o
 .debug_str       0x001ac5         0x6e build/default/production/platform/drivers/timeout.o
 .debug_str       0x001b33          0xe build/default/production/platform/mqtt/mqtt_comm_bsd/mqtt_comm_layer.o
 .debug_str       0x001b41         0xf8 build/default/production/platform/mqtt/mqtt_core/mqtt_core.o
 .debug_str       0x001c39          0xe build/default/production/platform/mqtt/mqtt_exchange_buffer/mqtt_exchange_buffer.o
 .debug_str       0x001c47         0x10 build/default/production/platform/mqtt/mqtt_packetTransfer_interface.o
 .debug_str       0x001c57         0x1c build/default/production/platform/winc/bsp/source/nm_bsp_mega.o
 .debug_str       0x001c73         0x32 build/default/production/platform/winc/bus_wrapper/source/nm_bus_wrapper_mega.o
 .debug_str       0x001ca5          0xa build/default/production/platform/winc/common/source/nm_common.o
 .debug_str       0x001caf         0x25 build/default/production/platform/winc/driver/source/m2m_hif.o
 .debug_str       0x001cd4         0x1a build/default/production/platform/winc/driver/source/m2m_ota.o
 .debug_str       0x001cee         0x25 build/default/production/platform/winc/driver/source/m2m_ssl.o
 .debug_str       0x001d13        0x121 build/default/production/platform/winc/driver/source/m2m_wifi.o
 .debug_str       0x001e34         0x21 build/default/production/platform/winc/driver/source/nmasic.o
 .debug_str       0x001e55         0x31 build/default/production/platform/winc/driver/source/nmbus.o
 .debug_str       0x001e86         0x2b build/default/production/platform/winc/driver/source/nmdrv.o
 .debug_str       0x001eb1         0x3c build/default/production/platform/winc/driver/source/nmspi.o
 .debug_str       0x001eed        0x171 build/default/production/platform/winc/socket/source/socket.o
 .debug_str       0x00205e         0x2d build/default/production/platform/winc/spi_flash/source/spi_flash.o
 .debug_str       0x00208b         0x34 build/default/production/platform/adc1.o
 .debug_str       0x0020bf         0xab build/default/production/platform/application_manager.o
 .debug_str       0x00216a         0x1d build/default/production/platform/clock.o
 .debug_str       0x002187         0xa0 build/default/production/platform/i2c2_driver.o
 .debug_str       0x002227         0x38 build/default/production/platform/interrupt_manager.o
 .debug_str       0x00225f         0x4e build/default/production/platform/led.o
 .debug_str       0x0022ad         0xd2 build/default/production/platform/pin_manager.o
 .debug_str       0x00237f         0x6b build/default/production/platform/spi1_driver.o
 .debug_str       0x0023ea         0x32 build/default/production/platform/tmr1.o
 .debug_str       0x00241c         0x13 build/default/production/platform/tmr2.o
 .debug_str       0x00242f         0x18 build/default/production/platform/traps.o
 .debug_str       0x002447         0xa2 build/default/production/platform/uart1.o
 .debug_str       0x0024e9        0x207 build/default/production/main.o

.debug_loc
 *(.debug_loc)

.debug_macinfo
 *(.debug_macinfo)

.debug_pubnames
                  0x000000       0x6919
 *(.debug_pubnames)
 .debug_pubnames
                  0x000000         0x89 build/default/production/azure-sdk-for-c/sdk/src/azure/core/az_json_reader.o
 .debug_pubnames
                  0x000089        0x11d build/default/production/azure-sdk-for-c/sdk/src/azure/core/az_json_token.o
 .debug_pubnames
                  0x0001a6        0x1cc build/default/production/azure-sdk-for-c/sdk/src/azure/core/az_json_writer.o
 .debug_pubnames
                  0x000372         0x7d build/default/production/azure-sdk-for-c/sdk/src/azure/core/az_log.o
 .debug_pubnames
                  0x0003ef         0x87 build/default/production/azure-sdk-for-c/sdk/src/azure/core/az_precondition.o
 .debug_pubnames
                  0x000476        0x26d build/default/production/azure-sdk-for-c/sdk/src/azure/core/az_span.o
 .debug_pubnames
                  0x0006e3        0x10e build/default/production/azure-sdk-for-c/sdk/src/azure/iot/az_iot_common.o
 .debug_pubnames
                  0x0007f1         0x9b build/default/production/azure-sdk-for-c/sdk/src/azure/iot/az_iot_hub_client.o
 .debug_pubnames